Archive member included to satisfy reference by file (symbol)

c:/st/stm32cubeide_1.11.0/stm32cubeide/plugins/com.st.stm32cube.ide.mcu.externaltools.gnu-tools-for-stm32.10.3-2021.10.win32_1.0.100.202210260954/tools/bin/../lib/gcc/arm-none-eabi/10.3.1/../../../../arm-none-eabi/lib/thumb/v7-m/nofp\libc_nano.a(lib_a-errno.o)
                              ./Core/Src/syscalls.o (__errno)
c:/st/stm32cubeide_1.11.0/stm32cubeide/plugins/com.st.stm32cube.ide.mcu.externaltools.gnu-tools-for-stm32.10.3-2021.10.win32_1.0.100.202210260954/tools/bin/../lib/gcc/arm-none-eabi/10.3.1/../../../../arm-none-eabi/lib/thumb/v7-m/nofp\libc_nano.a(lib_a-exit.o)
                              c:/st/stm32cubeide_1.11.0/stm32cubeide/plugins/com.st.stm32cube.ide.mcu.externaltools.gnu-tools-for-stm32.10.3-2021.10.win32_1.0.100.202210260954/tools/bin/../lib/gcc/arm-none-eabi/10.3.1/../../../../arm-none-eabi/lib/thumb/v7-m/nofp/crt0.o (exit)
c:/st/stm32cubeide_1.11.0/stm32cubeide/plugins/com.st.stm32cube.ide.mcu.externaltools.gnu-tools-for-stm32.10.3-2021.10.win32_1.0.100.202210260954/tools/bin/../lib/gcc/arm-none-eabi/10.3.1/../../../../arm-none-eabi/lib/thumb/v7-m/nofp\libc_nano.a(lib_a-impure.o)
                              c:/st/stm32cubeide_1.11.0/stm32cubeide/plugins/com.st.stm32cube.ide.mcu.externaltools.gnu-tools-for-stm32.10.3-2021.10.win32_1.0.100.202210260954/tools/bin/../lib/gcc/arm-none-eabi/10.3.1/../../../../arm-none-eabi/lib/thumb/v7-m/nofp\libc_nano.a(lib_a-exit.o) (_global_impure_ptr)
c:/st/stm32cubeide_1.11.0/stm32cubeide/plugins/com.st.stm32cube.ide.mcu.externaltools.gnu-tools-for-stm32.10.3-2021.10.win32_1.0.100.202210260954/tools/bin/../lib/gcc/arm-none-eabi/10.3.1/../../../../arm-none-eabi/lib/thumb/v7-m/nofp\libc_nano.a(lib_a-init.o)
                              c:/st/stm32cubeide_1.11.0/stm32cubeide/plugins/com.st.stm32cube.ide.mcu.externaltools.gnu-tools-for-stm32.10.3-2021.10.win32_1.0.100.202210260954/tools/bin/../lib/gcc/arm-none-eabi/10.3.1/../../../../arm-none-eabi/lib/thumb/v7-m/nofp/crt0.o (__libc_init_array)
c:/st/stm32cubeide_1.11.0/stm32cubeide/plugins/com.st.stm32cube.ide.mcu.externaltools.gnu-tools-for-stm32.10.3-2021.10.win32_1.0.100.202210260954/tools/bin/../lib/gcc/arm-none-eabi/10.3.1/../../../../arm-none-eabi/lib/thumb/v7-m/nofp\libc_nano.a(lib_a-malloc.o)
                              ./Buffer/Src/Buffer.o (malloc)
c:/st/stm32cubeide_1.11.0/stm32cubeide/plugins/com.st.stm32cube.ide.mcu.externaltools.gnu-tools-for-stm32.10.3-2021.10.win32_1.0.100.202210260954/tools/bin/../lib/gcc/arm-none-eabi/10.3.1/../../../../arm-none-eabi/lib/thumb/v7-m/nofp\libc_nano.a(lib_a-memcpy-stub.o)
                              ./Core/Src/main.o (memcpy)
c:/st/stm32cubeide_1.11.0/stm32cubeide/plugins/com.st.stm32cube.ide.mcu.externaltools.gnu-tools-for-stm32.10.3-2021.10.win32_1.0.100.202210260954/tools/bin/../lib/gcc/arm-none-eabi/10.3.1/../../../../arm-none-eabi/lib/thumb/v7-m/nofp\libc_nano.a(lib_a-memset.o)
                              c:/st/stm32cubeide_1.11.0/stm32cubeide/plugins/com.st.stm32cube.ide.mcu.externaltools.gnu-tools-for-stm32.10.3-2021.10.win32_1.0.100.202210260954/tools/bin/../lib/gcc/arm-none-eabi/10.3.1/../../../../arm-none-eabi/lib/thumb/v7-m/nofp/crt0.o (memset)
c:/st/stm32cubeide_1.11.0/stm32cubeide/plugins/com.st.stm32cube.ide.mcu.externaltools.gnu-tools-for-stm32.10.3-2021.10.win32_1.0.100.202210260954/tools/bin/../lib/gcc/arm-none-eabi/10.3.1/../../../../arm-none-eabi/lib/thumb/v7-m/nofp\libc_nano.a(lib_a-nano-freer.o)
                              c:/st/stm32cubeide_1.11.0/stm32cubeide/plugins/com.st.stm32cube.ide.mcu.externaltools.gnu-tools-for-stm32.10.3-2021.10.win32_1.0.100.202210260954/tools/bin/../lib/gcc/arm-none-eabi/10.3.1/../../../../arm-none-eabi/lib/thumb/v7-m/nofp\libc_nano.a(lib_a-malloc.o) (_free_r)
c:/st/stm32cubeide_1.11.0/stm32cubeide/plugins/com.st.stm32cube.ide.mcu.externaltools.gnu-tools-for-stm32.10.3-2021.10.win32_1.0.100.202210260954/tools/bin/../lib/gcc/arm-none-eabi/10.3.1/../../../../arm-none-eabi/lib/thumb/v7-m/nofp\libc_nano.a(lib_a-nano-mallocr.o)
                              c:/st/stm32cubeide_1.11.0/stm32cubeide/plugins/com.st.stm32cube.ide.mcu.externaltools.gnu-tools-for-stm32.10.3-2021.10.win32_1.0.100.202210260954/tools/bin/../lib/gcc/arm-none-eabi/10.3.1/../../../../arm-none-eabi/lib/thumb/v7-m/nofp\libc_nano.a(lib_a-malloc.o) (_malloc_r)
c:/st/stm32cubeide_1.11.0/stm32cubeide/plugins/com.st.stm32cube.ide.mcu.externaltools.gnu-tools-for-stm32.10.3-2021.10.win32_1.0.100.202210260954/tools/bin/../lib/gcc/arm-none-eabi/10.3.1/../../../../arm-none-eabi/lib/thumb/v7-m/nofp\libc_nano.a(lib_a-sbrkr.o)
                              c:/st/stm32cubeide_1.11.0/stm32cubeide/plugins/com.st.stm32cube.ide.mcu.externaltools.gnu-tools-for-stm32.10.3-2021.10.win32_1.0.100.202210260954/tools/bin/../lib/gcc/arm-none-eabi/10.3.1/../../../../arm-none-eabi/lib/thumb/v7-m/nofp\libc_nano.a(lib_a-nano-mallocr.o) (_sbrk_r)
[...]
Memory Configuration

Name             Origin             Length             Attributes
RAM              0x0000000020000000 0x0000000000005000 xrw
FLASH            0x0000000008000000 0x0000000000010000 xr
*default*        0x0000000000000000 0xffffffffffffffff

Linker script and memory map

LOAD c:/st/stm32cubeide_1.11.0/stm32cubeide/plugins/com.st.stm32cube.ide.mcu.externaltools.gnu-tools-for-stm32.10.3-2021.10.win32_1.0.100.202210260954/tools/bin/../lib/gcc/arm-none-eabi/10.3.1/thumb/v7-m/nofp/crti.o
LOAD c:/st/stm32cubeide_1.11.0/stm32cubeide/plugins/com.st.stm32cube.ide.mcu.externaltools.gnu-tools-for-stm32.10.3-2021.10.win32_1.0.100.202210260954/tools/bin/../lib/gcc/arm-none-eabi/10.3.1/thumb/v7-m/nofp/crtbegin.o
LOAD c:/st/stm32cubeide_1.11.0/stm32cubeide/plugins/com.st.stm32cube.ide.mcu.externaltools.gnu-tools-for-stm32.10.3-2021.10.win32_1.0.100.202210260954/tools/bin/../lib/gcc/arm-none-eabi/10.3.1/../../../../arm-none-eabi/lib/thumb/v7-m/nofp/crt0.o
LOAD ./Buffer/Src/Buffer.o
LOAD ./Core/Src/main.o
LOAD ./Core/Src/stm32f1xx_hal_msp.o
LOAD ./Core/Src/stm32f1xx_it.o
LOAD ./Core/Src/syscalls.o
LOAD ./Core/Src/sysmem.o
LOAD ./Core/Src/system_stm32f1xx.o
LOAD ./Core/Startup/startup_stm32f103c8tx.o
LOAD ./Drivers/STM32F1xx_HAL_Driver/Src/stm32f1xx_hal.o
LOAD ./Drivers/STM32F1xx_HAL_Driver/Src/stm32f1xx_hal_cortex.o
LOAD ./Drivers/STM32F1xx_HAL_Driver/Src/stm32f1xx_hal_dma.o
LOAD ./Drivers/STM32F1xx_HAL_Driver/Src/stm32f1xx_hal_exti.o
LOAD ./Drivers/STM32F1xx_HAL_Driver/Src/stm32f1xx_hal_flash.o
LOAD ./Drivers/STM32F1xx_HAL_Driver/Src/stm32f1xx_hal_flash_ex.o
LOAD ./Drivers/STM32F1xx_HAL_Driver/Src/stm32f1xx_hal_gpio.o
LOAD ./Drivers/STM32F1xx_HAL_Driver/Src/stm32f1xx_hal_gpio_ex.o
LOAD ./Drivers/STM32F1xx_HAL_Driver/Src/stm32f1xx_hal_i2c.o
LOAD ./Drivers/STM32F1xx_HAL_Driver/Src/stm32f1xx_hal_pcd.o
LOAD ./Drivers/STM32F1xx_HAL_Driver/Src/stm32f1xx_hal_pcd_ex.o
LOAD ./Drivers/STM32F1xx_HAL_Driver/Src/stm32f1xx_hal_pwr.o
LOAD ./Drivers/STM32F1xx_HAL_Driver/Src/stm32f1xx_hal_rcc.o
LOAD ./Drivers/STM32F1xx_HAL_Driver/Src/stm32f1xx_hal_rcc_ex.o
LOAD ./Drivers/STM32F1xx_HAL_Driver/Src/stm32f1xx_hal_tim.o
LOAD ./Drivers/STM32F1xx_HAL_Driver/Src/stm32f1xx_hal_tim_ex.o
LOAD ./Drivers/STM32F1xx_HAL_Driver/Src/stm32f1xx_ll_usb.o
LOAD ./Middlewares/ST/STM32_USB_Device_Library/Class/CDC/Src/usbd_cdc.o
LOAD ./Middlewares/ST/STM32_USB_Device_Library/Core/Src/usbd_core.o
LOAD ./Middlewares/ST/STM32_USB_Device_Library/Core/Src/usbd_ctlreq.o
LOAD ./Middlewares/ST/STM32_USB_Device_Library/Core/Src/usbd_ioreq.o
LOAD ./USB_DEVICE/App/usb_device.o
LOAD ./USB_DEVICE/App/usbd_cdc_if.o
LOAD ./USB_DEVICE/App/usbd_desc.o
LOAD ./USB_DEVICE/Target/usbd_conf.o
LOAD ./afe_lib/Src/f103.o
LOAD ./afe_lib/Src/heartrate1_3.o
LOAD ./afe_lib/Src/heartrate2_3.o
LOAD ./afe_lib/Src/heartrate_3_hal.o
LOAD ./afe_lib/Src/heartrate_3_hw.o
START GROUP
LOAD c:/st/stm32cubeide_1.11.0/stm32cubeide/plugins/com.st.stm32cube.ide.mcu.externaltools.gnu-tools-for-stm32.10.3-2021.10.win32_1.0.100.202210260954/tools/bin/../lib/gcc/arm-none-eabi/10.3.1/../../../../arm-none-eabi/lib/thumb/v7-m/nofp\libc_nano.a
LOAD c:/st/stm32cubeide_1.11.0/stm32cubeide/plugins/com.st.stm32cube.ide.mcu.externaltools.gnu-tools-for-stm32.10.3-2021.10.win32_1.0.100.202210260954/tools/bin/../lib/gcc/arm-none-eabi/10.3.1/../../../../arm-none-eabi/lib/thumb/v7-m/nofp\libm.a
END GROUP
START GROUP
LOAD c:/st/stm32cubeide_1.11.0/stm32cubeide/plugins/com.st.stm32cube.ide.mcu.externaltools.gnu-tools-for-stm32.10.3-2021.10.win32_1.0.100.202210260954/tools/bin/../lib/gcc/arm-none-eabi/10.3.1/thumb/v7-m/nofp\libgcc.a
LOAD c:/st/stm32cubeide_1.11.0/stm32cubeide/plugins/com.st.stm32cube.ide.mcu.externaltools.gnu-tools-for-stm32.10.3-2021.10.win32_1.0.100.202210260954/tools/bin/../lib/gcc/arm-none-eabi/10.3.1/../../../../arm-none-eabi/lib/thumb/v7-m/nofp\libc_nano.a
END GROUP
START GROUP
LOAD c:/st/stm32cubeide_1.11.0/stm32cubeide/plugins/com.st.stm32cube.ide.mcu.externaltools.gnu-tools-for-stm32.10.3-2021.10.win32_1.0.100.202210260954/tools/bin/../lib/gcc/arm-none-eabi/10.3.1/thumb/v7-m/nofp\libgcc.a
LOAD c:/st/stm32cubeide_1.11.0/stm32cubeide/plugins/com.st.stm32cube.ide.mcu.externaltools.gnu-tools-for-stm32.10.3-2021.10.win32_1.0.100.202210260954/tools/bin/../lib/gcc/arm-none-eabi/10.3.1/../../../../arm-none-eabi/lib/thumb/v7-m/nofp\libc_nano.a
LOAD c:/st/stm32cubeide_1.11.0/stm32cubeide/plugins/com.st.stm32cube.ide.mcu.externaltools.gnu-tools-for-stm32.10.3-2021.10.win32_1.0.100.202210260954/tools/bin/../lib/gcc/arm-none-eabi/10.3.1/../../../../arm-none-eabi/lib/thumb/v7-m/nofp\libnosys.a
END GROUP
START GROUP
LOAD c:/st/stm32cubeide_1.11.0/stm32cubeide/plugins/com.st.stm32cube.ide.mcu.externaltools.gnu-tools-for-stm32.10.3-2021.10.win32_1.0.100.202210260954/tools/bin/../lib/gcc/arm-none-eabi/10.3.1/thumb/v7-m/nofp\libgcc.a
LOAD c:/st/stm32cubeide_1.11.0/stm32cubeide/plugins/com.st.stm32cube.ide.mcu.externaltools.gnu-tools-for-stm32.10.3-2021.10.win32_1.0.100.202210260954/tools/bin/../lib/gcc/arm-none-eabi/10.3.1/../../../../arm-none-eabi/lib/thumb/v7-m/nofp\libc_nano.a
LOAD c:/st/stm32cubeide_1.11.0/stm32cubeide/plugins/com.st.stm32cube.ide.mcu.externaltools.gnu-tools-for-stm32.10.3-2021.10.win32_1.0.100.202210260954/tools/bin/../lib/gcc/arm-none-eabi/10.3.1/../../../../arm-none-eabi/lib/thumb/v7-m/nofp\libnosys.a
END GROUP
LOAD c:/st/stm32cubeide_1.11.0/stm32cubeide/plugins/com.st.stm32cube.ide.mcu.externaltools.gnu-tools-for-stm32.10.3-2021.10.win32_1.0.100.202210260954/tools/bin/../lib/gcc/arm-none-eabi/10.3.1/thumb/v7-m/nofp/crtend.o
LOAD c:/st/stm32cubeide_1.11.0/stm32cubeide/plugins/com.st.stm32cube.ide.mcu.externaltools.gnu-tools-for-stm32.10.3-2021.10.win32_1.0.100.202210260954/tools/bin/../lib/gcc/arm-none-eabi/10.3.1/thumb/v7-m/nofp/crtn.o
                0x0000000020005000                _estack = (ORIGIN (RAM) + LENGTH (RAM))
                0x0000000000000200                _Min_Heap_Size = 0x200
                0x0000000000000400                _Min_Stack_Size = 0x400

.isr_vector     0x0000000008000000      0x10c
                0x0000000008000000                . = ALIGN (0x4)
 *(.isr_vector)
 .isr_vector    0x0000000008000000      0x10c ./Core/Startup/startup_stm32f103c8tx.o
                0x0000000008000000                g_pfnVectors
                0x000000000800010c                . = ALIGN (0x4)

.text           0x000000000800010c     0xd408
                0x000000000800010c                . = ALIGN (0x4)
 *(.text)
 .text          0x000000000800010c       0x40 c:/st/stm32cubeide_1.11.0/stm32cubeide/plugins/com.st.stm32cube.ide.mcu.externaltools.gnu-tools-for-stm32.10.3-2021.10.win32_1.0.100.202210260954/tools/bin/../lib/gcc/arm-none-eabi/10.3.1/thumb/v7-m/nofp/crtbegin.o
 .text          0x000000000800014c       0x10 c:/st/stm32cubeide_1.11.0/stm32cubeide/plugins/com.st.stm32cube.ide.mcu.externaltools.gnu-tools-for-stm32.10.3-2021.10.win32_1.0.100.202210260954/tools/bin/../lib/gcc/arm-none-eabi/10.3.1/../../../../arm-none-eabi/lib/thumb/v7-m/nofp\libc_nano.a(lib_a-strlen.o)
                0x000000000800014c                strlen
 *(.text*)
 .text.Buffer_Init
                0x000000000800015c       0x3c ./Buffer/Src/Buffer.o
                0x000000000800015c                Buffer_Init
 .text.Buffer_Size
                0x0000000008000198       0x34 ./Buffer/Src/Buffer.o
                0x0000000008000198                Buffer_Size
 .text.Buffer_IsEmpty
                0x00000000080001cc       0x22 ./Buffer/Src/Buffer.o
                0x00000000080001cc                Buffer_IsEmpty
 .text.Buffer_Clear
                0x00000000080001ee       0x1e ./Buffer/Src/Buffer.o
                0x00000000080001ee                Buffer_Clear
 .text.Buffer_IsFull
                0x000000000800020c       0x28 ./Buffer/Src/Buffer.o
                0x000000000800020c                Buffer_IsFull
 .text.Buffer_Read
                0x0000000008000234       0x50 ./Buffer/Src/Buffer.o
                0x0000000008000234                Buffer_Read
 .text.Buffer_Write
                0x0000000008000284       0x54 ./Buffer/Src/Buffer.o
                0x0000000008000284                Buffer_Write
 .text.main     0x00000000080002d8      0x110 ./Core/Src/main.o
                0x00000000080002d8                main
 .text.SystemClock_Config
                0x00000000080003e8       0xb4 ./Core/Src/main.o
                0x00000000080003e8                SystemClock_Config
 .text.MX_I2C1_Init
                0x000000000800049c       0x5c ./Core/Src/main.o
 .text.MX_I2C2_Init
                0x00000000080004f8       0x5c ./Core/Src/main.o
 .text.MX_TIM2_Init
                0x0000000008000554       0x98 ./Core/Src/main.o
 .text.MX_GPIO_Init
                0x00000000080005ec      0x144 ./Core/Src/main.o
 .text.AFE12_RST
                0x0000000008000730       0x16 ./Core/Src/main.o
 *fill*         0x0000000008000746        0x2 
 .text.AFE1_Setup
                0x0000000008000748       0x50 ./Core/Src/main.o
 .text.AFE2_Setup
                0x0000000008000798       0x50 ./Core/Src/main.o
 .text.Error_Handler
                0x00000000080007e8        0xa ./Core/Src/main.o
                0x00000000080007e8                Error_Handler
 *fill*         0x00000000080007f2        0x2 
 .text.HAL_MspInit
                0x00000000080007f4       0x64 ./Core/Src/stm32f1xx_hal_msp.o
                0x00000000080007f4                HAL_MspInit
 .text.HAL_I2C_MspInit
                0x0000000008000858      0x118 ./Core/Src/stm32f1xx_hal_msp.o
                0x0000000008000858                HAL_I2C_MspInit
 .text.HAL_TIM_Base_MspInit
                0x0000000008000970       0x38 ./Core/Src/stm32f1xx_hal_msp.o
                0x0000000008000970                HAL_TIM_Base_MspInit
 .text.NMI_Handler
                0x00000000080009a8        0x6 ./Core/Src/stm32f1xx_it.o
                0x00000000080009a8                NMI_Handler
 .text.HardFault_Handler
                0x00000000080009ae        0x6 ./Core/Src/stm32f1xx_it.o
                0x00000000080009ae                HardFault_Handler
 .text.MemManage_Handler
                0x00000000080009b4        0x6 ./Core/Src/stm32f1xx_it.o
                0x00000000080009b4                MemManage_Handler
 .text.BusFault_Handler
                0x00000000080009ba        0x6 ./Core/Src/stm32f1xx_it.o
                0x00000000080009ba                BusFault_Handler
 .text.UsageFault_Handler
                0x00000000080009c0        0x6 ./Core/Src/stm32f1xx_it.o
                0x00000000080009c0                UsageFault_Handler
 .text.SVC_Handler
                0x00000000080009c6        0xc ./Core/Src/stm32f1xx_it.o
                0x00000000080009c6                SVC_Handler
 .text.DebugMon_Handler
                0x00000000080009d2        0xc ./Core/Src/stm32f1xx_it.o
                0x00000000080009d2                DebugMon_Handler
 .text.PendSV_Handler
                0x00000000080009de        0xc ./Core/Src/stm32f1xx_it.o
                0x00000000080009de                PendSV_Handler
 .text.SysTick_Handler
                0x00000000080009ea        0xc ./Core/Src/stm32f1xx_it.o
                0x00000000080009ea                SysTick_Handler
 *fill*         0x00000000080009f6        0x2 
 .text.EXTI3_IRQHandler
                0x00000000080009f8       0x18 ./Core/Src/stm32f1xx_it.o
                0x00000000080009f8                EXTI3_IRQHandler
 .text.USB_LP_CAN1_RX0_IRQHandler
                0x0000000008000a10       0x14 ./Core/Src/stm32f1xx_it.o
                0x0000000008000a10                USB_LP_CAN1_RX0_IRQHandler
 .text.EXTI9_5_IRQHandler
                0x0000000008000a24       0x18 ./Core/Src/stm32f1xx_it.o
                0x0000000008000a24                EXTI9_5_IRQHandler
 .text.I2C1_EV_IRQHandler
                0x0000000008000a3c       0x14 ./Core/Src/stm32f1xx_it.o
                0x0000000008000a3c                I2C1_EV_IRQHandler
 .text.I2C1_ER_IRQHandler
                0x0000000008000a50       0x14 ./Core/Src/stm32f1xx_it.o
                0x0000000008000a50                I2C1_ER_IRQHandler
 .text.I2C2_EV_IRQHandler
                0x0000000008000a64       0x14 ./Core/Src/stm32f1xx_it.o
                0x0000000008000a64                I2C2_EV_IRQHandler
 .text.I2C2_ER_IRQHandler
                0x0000000008000a78       0x14 ./Core/Src/stm32f1xx_it.o
                0x0000000008000a78                I2C2_ER_IRQHandler
 .text._sbrk    0x0000000008000a8c       0x6c ./Core/Src/sysmem.o
                0x0000000008000a8c                _sbrk
 .text.SystemInit
                0x0000000008000af8        0xc ./Core/Src/system_stm32f1xx.o
                0x0000000008000af8                SystemInit
 .text.Reset_Handler
                0x0000000008000b04       0x48 ./Core/Startup/startup_stm32f103c8tx.o
                0x0000000008000b04                Reset_Handler
 .text.Default_Handler
                0x0000000008000b4c        0x2 ./Core/Startup/startup_stm32f103c8tx.o
                0x0000000008000b4c                RTC_Alarm_IRQHandler
                0x0000000008000b4c                EXTI2_IRQHandler
                0x0000000008000b4c                TIM1_CC_IRQHandler
                0x0000000008000b4c                PVD_IRQHandler
                0x0000000008000b4c                EXTI0_IRQHandler
                0x0000000008000b4c                ADC1_2_IRQHandler
                0x0000000008000b4c                SPI1_IRQHandler
                0x0000000008000b4c                TAMPER_IRQHandler
                0x0000000008000b4c                DMA1_Channel4_IRQHandler
                0x0000000008000b4c                USART3_IRQHandler
                0x0000000008000b4c                RTC_IRQHandler
                0x0000000008000b4c                DMA1_Channel7_IRQHandler
                0x0000000008000b4c                CAN1_RX1_IRQHandler
                0x0000000008000b4c                TIM4_IRQHandler
                0x0000000008000b4c                DMA1_Channel6_IRQHandler
                0x0000000008000b4c                TIM3_IRQHandler
                0x0000000008000b4c                RCC_IRQHandler
                0x0000000008000b4c                TIM1_TRG_COM_IRQHandler
                0x0000000008000b4c                DMA1_Channel1_IRQHandler
                0x0000000008000b4c                Default_Handler
                0x0000000008000b4c                EXTI15_10_IRQHandler
                0x0000000008000b4c                SPI2_IRQHandler
                0x0000000008000b4c                DMA1_Channel5_IRQHandler
                0x0000000008000b4c                EXTI4_IRQHandler
                0x0000000008000b4c                USB_HP_CAN1_TX_IRQHandler
                0x0000000008000b4c                DMA1_Channel3_IRQHandler
                0x0000000008000b4c                TIM1_UP_IRQHandler
                0x0000000008000b4c                WWDG_IRQHandler
                0x0000000008000b4c                TIM2_IRQHandler
                0x0000000008000b4c                TIM1_BRK_IRQHandler
                0x0000000008000b4c                EXTI1_IRQHandler
                0x0000000008000b4c                USART2_IRQHandler
                0x0000000008000b4c                DMA1_Channel2_IRQHandler
                0x0000000008000b4c                CAN1_SCE_IRQHandler
                0x0000000008000b4c                FLASH_IRQHandler
                0x0000000008000b4c                USART1_IRQHandler
                0x0000000008000b4c                USBWakeUp_IRQHandler
 *fill*         0x0000000008000b4e        0x2 
 .text.HAL_Init
                0x0000000008000b50       0x2c ./Drivers/STM32F1xx_HAL_Driver/Src/stm32f1xx_hal.o
                0x0000000008000b50                HAL_Init
 .text.HAL_InitTick
                0x0000000008000b7c       0x60 ./Drivers/STM32F1xx_HAL_Driver/Src/stm32f1xx_hal.o
                0x0000000008000b7c                HAL_InitTick
 .text.HAL_IncTick
                0x0000000008000bdc       0x24 ./Drivers/STM32F1xx_HAL_Driver/Src/stm32f1xx_hal.o
                0x0000000008000bdc                HAL_IncTick
 .text.HAL_GetTick
                0x0000000008000c00       0x14 ./Drivers/STM32F1xx_HAL_Driver/Src/stm32f1xx_hal.o
                0x0000000008000c00                HAL_GetTick
 .text.HAL_Delay
                0x0000000008000c14       0x48 ./Drivers/STM32F1xx_HAL_Driver/Src/stm32f1xx_hal.o
                0x0000000008000c14                HAL_Delay
 .text.__NVIC_SetPriorityGrouping
                0x0000000008000c5c       0x48 ./Drivers/STM32F1xx_HAL_Driver/Src/stm32f1xx_hal_cortex.o
 .text.__NVIC_GetPriorityGrouping
                0x0000000008000ca4       0x1c ./Drivers/STM32F1xx_HAL_Driver/Src/stm32f1xx_hal_cortex.o
 .text.__NVIC_EnableIRQ
                0x0000000008000cc0       0x38 ./Drivers/STM32F1xx_HAL_Driver/Src/stm32f1xx_hal_cortex.o
 .text.__NVIC_SetPriority
                0x0000000008000cf8       0x54 ./Drivers/STM32F1xx_HAL_Driver/Src/stm32f1xx_hal_cortex.o
 .text.NVIC_EncodePriority
                0x0000000008000d4c       0x64 ./Drivers/STM32F1xx_HAL_Driver/Src/stm32f1xx_hal_cortex.o
 .text.SysTick_Config
                0x0000000008000db0       0x44 ./Drivers/STM32F1xx_HAL_Driver/Src/stm32f1xx_hal_cortex.o
 .text.HAL_NVIC_SetPriorityGrouping
                0x0000000008000df4       0x16 ./Drivers/STM32F1xx_HAL_Driver/Src/stm32f1xx_hal_cortex.o
                0x0000000008000df4                HAL_NVIC_SetPriorityGrouping
 .text.HAL_NVIC_SetPriority
                0x0000000008000e0a       0x38 ./Drivers/STM32F1xx_HAL_Driver/Src/stm32f1xx_hal_cortex.o
                0x0000000008000e0a                HAL_NVIC_SetPriority
 .text.HAL_NVIC_EnableIRQ
                0x0000000008000e42       0x1c ./Drivers/STM32F1xx_HAL_Driver/Src/stm32f1xx_hal_cortex.o
                0x0000000008000e42                HAL_NVIC_EnableIRQ
 .text.HAL_SYSTICK_Config
                0x0000000008000e5e       0x18 ./Drivers/STM32F1xx_HAL_Driver/Src/stm32f1xx_hal_cortex.o
                0x0000000008000e5e                HAL_SYSTICK_Config
 *fill*         0x0000000008000e76        0x2 
 .text.HAL_DMA_Abort_IT
                0x0000000008000e78       0xec ./Drivers/STM32F1xx_HAL_Driver/Src/stm32f1xx_hal_dma.o
                0x0000000008000e78                HAL_DMA_Abort_IT
 .text.HAL_DMA_GetState
                0x0000000008000f64       0x18 ./Drivers/STM32F1xx_HAL_Driver/Src/stm32f1xx_hal_dma.o
                0x0000000008000f64                HAL_DMA_GetState
 .text.HAL_GPIO_Init
                0x0000000008000f7c      0x308 ./Drivers/STM32F1xx_HAL_Driver/Src/stm32f1xx_hal_gpio.o
                0x0000000008000f7c                HAL_GPIO_Init
 .text.HAL_GPIO_WritePin
                0x0000000008001284       0x30 ./Drivers/STM32F1xx_HAL_Driver/Src/stm32f1xx_hal_gpio.o
                0x0000000008001284                HAL_GPIO_WritePin
 .text.HAL_GPIO_EXTI_IRQHandler
                0x00000000080012b4       0x30 ./Drivers/STM32F1xx_HAL_Driver/Src/stm32f1xx_hal_gpio.o
                0x00000000080012b4                HAL_GPIO_EXTI_IRQHandler
 .text.HAL_GPIO_EXTI_Callback
                0x00000000080012e4       0x14 ./Drivers/STM32F1xx_HAL_Driver/Src/stm32f1xx_hal_gpio.o
                0x00000000080012e4                HAL_GPIO_EXTI_Callback
 .text.HAL_I2C_Init
                0x00000000080012f8      0x288 ./Drivers/STM32F1xx_HAL_Driver/Src/stm32f1xx_hal_i2c.o
                0x00000000080012f8                HAL_I2C_Init
 .text.HAL_I2C_Master_Transmit
                0x0000000008001580      0x1fc ./Drivers/STM32F1xx_HAL_Driver/Src/stm32f1xx_hal_i2c.o
                0x0000000008001580                HAL_I2C_Master_Transmit
 .text.HAL_I2C_Mem_Read
                0x000000000800177c      0x4d0 ./Drivers/STM32F1xx_HAL_Driver/Src/stm32f1xx_hal_i2c.o
                0x000000000800177c                HAL_I2C_Mem_Read
 .text.HAL_I2C_EV_IRQHandler
                0x0000000008001c4c      0x2e2 ./Drivers/STM32F1xx_HAL_Driver/Src/stm32f1xx_hal_i2c.o
                0x0000000008001c4c                HAL_I2C_EV_IRQHandler
 .text.HAL_I2C_ER_IRQHandler
                0x0000000008001f2e      0x15e ./Drivers/STM32F1xx_HAL_Driver/Src/stm32f1xx_hal_i2c.o
                0x0000000008001f2e                HAL_I2C_ER_IRQHandler
 .text.HAL_I2C_MasterTxCpltCallback
                0x000000000800208c       0x12 ./Drivers/STM32F1xx_HAL_Driver/Src/stm32f1xx_hal_i2c.o
                0x000000000800208c                HAL_I2C_MasterTxCpltCallback
 .text.HAL_I2C_MasterRxCpltCallback
                0x000000000800209e       0x12 ./Drivers/STM32F1xx_HAL_Driver/Src/stm32f1xx_hal_i2c.o
                0x000000000800209e                HAL_I2C_MasterRxCpltCallback
 .text.HAL_I2C_SlaveTxCpltCallback
                0x00000000080020b0       0x12 ./Drivers/STM32F1xx_HAL_Driver/Src/stm32f1xx_hal_i2c.o
                0x00000000080020b0                HAL_I2C_SlaveTxCpltCallback
 .text.HAL_I2C_SlaveRxCpltCallback
                0x00000000080020c2       0x12 ./Drivers/STM32F1xx_HAL_Driver/Src/stm32f1xx_hal_i2c.o
                0x00000000080020c2                HAL_I2C_SlaveRxCpltCallback
 .text.HAL_I2C_AddrCallback
                0x00000000080020d4       0x1a ./Drivers/STM32F1xx_HAL_Driver/Src/stm32f1xx_hal_i2c.o
                0x00000000080020d4                HAL_I2C_AddrCallback
 .text.HAL_I2C_ListenCpltCallback
                0x00000000080020ee       0x12 ./Drivers/STM32F1xx_HAL_Driver/Src/stm32f1xx_hal_i2c.o
                0x00000000080020ee                HAL_I2C_ListenCpltCallback
 .text.HAL_I2C_MemTxCpltCallback
                0x0000000008002100       0x12 ./Drivers/STM32F1xx_HAL_Driver/Src/stm32f1xx_hal_i2c.o
                0x0000000008002100                HAL_I2C_MemTxCpltCallback
 .text.HAL_I2C_MemRxCpltCallback
                0x0000000008002112       0x12 ./Drivers/STM32F1xx_HAL_Driver/Src/stm32f1xx_hal_i2c.o
                0x0000000008002112                HAL_I2C_MemRxCpltCallback
 .text.HAL_I2C_ErrorCallback
                0x0000000008002124       0x12 ./Drivers/STM32F1xx_HAL_Driver/Src/stm32f1xx_hal_i2c.o
                0x0000000008002124                HAL_I2C_ErrorCallback
 .text.HAL_I2C_AbortCpltCallback
                0x0000000008002136       0x12 ./Drivers/STM32F1xx_HAL_Driver/Src/stm32f1xx_hal_i2c.o
                0x0000000008002136                HAL_I2C_AbortCpltCallback
 .text.I2C_MasterTransmit_TXE
                0x0000000008002148      0x138 ./Drivers/STM32F1xx_HAL_Driver/Src/stm32f1xx_hal_i2c.o
 .text.I2C_MasterTransmit_BTF
                0x0000000008002280       0xec ./Drivers/STM32F1xx_HAL_Driver/Src/stm32f1xx_hal_i2c.o
 .text.I2C_MemoryTransmit_TXE_BTF
                0x000000000800236c      0x128 ./Drivers/STM32F1xx_HAL_Driver/Src/stm32f1xx_hal_i2c.o
 .text.I2C_MasterReceive_RXNE
                0x0000000008002494      0x162 ./Drivers/STM32F1xx_HAL_Driver/Src/stm32f1xx_hal_i2c.o
 .text.I2C_MasterReceive_BTF
                0x00000000080025f6      0x1d4 ./Drivers/STM32F1xx_HAL_Driver/Src/stm32f1xx_hal_i2c.o
 .text.I2C_Master_SB
                0x00000000080027ca      0x10a ./Drivers/STM32F1xx_HAL_Driver/Src/stm32f1xx_hal_i2c.o
 .text.I2C_Master_ADD10
                0x00000000080028d4       0x52 ./Drivers/STM32F1xx_HAL_Driver/Src/stm32f1xx_hal_i2c.o
 .text.I2C_Master_ADDR
                0x0000000008002926      0x336 ./Drivers/STM32F1xx_HAL_Driver/Src/stm32f1xx_hal_i2c.o
 .text.I2C_SlaveTransmit_TXE
                0x0000000008002c5c       0x7a ./Drivers/STM32F1xx_HAL_Driver/Src/stm32f1xx_hal_i2c.o
 .text.I2C_SlaveTransmit_BTF
                0x0000000008002cd6       0x40 ./Drivers/STM32F1xx_HAL_Driver/Src/stm32f1xx_hal_i2c.o
 .text.I2C_SlaveReceive_RXNE
                0x0000000008002d16       0x7c ./Drivers/STM32F1xx_HAL_Driver/Src/stm32f1xx_hal_i2c.o
 .text.I2C_SlaveReceive_BTF
                0x0000000008002d92       0x42 ./Drivers/STM32F1xx_HAL_Driver/Src/stm32f1xx_hal_i2c.o
 .text.I2C_Slave_ADDR
                0x0000000008002dd4       0x94 ./Drivers/STM32F1xx_HAL_Driver/Src/stm32f1xx_hal_i2c.o
 .text.I2C_Slave_STOPF
                0x0000000008002e68      0x260 ./Drivers/STM32F1xx_HAL_Driver/Src/stm32f1xx_hal_i2c.o
 .text.I2C_Slave_AF
                0x00000000080030c8       0xe0 ./Drivers/STM32F1xx_HAL_Driver/Src/stm32f1xx_hal_i2c.o
 .text.I2C_ITError
                0x00000000080031a8      0x264 ./Drivers/STM32F1xx_HAL_Driver/Src/stm32f1xx_hal_i2c.o
 .text.I2C_MasterRequestWrite
                0x000000000800340c      0x104 ./Drivers/STM32F1xx_HAL_Driver/Src/stm32f1xx_hal_i2c.o
 .text.I2C_RequestMemoryRead
                0x0000000008003510      0x1d0 ./Drivers/STM32F1xx_HAL_Driver/Src/stm32f1xx_hal_i2c.o
 .text.I2C_DMAAbort
                0x00000000080036e0      0x150 ./Drivers/STM32F1xx_HAL_Driver/Src/stm32f1xx_hal_i2c.o
 .text.I2C_WaitOnFlagUntilTimeout
                0x0000000008003830       0xae ./Drivers/STM32F1xx_HAL_Driver/Src/stm32f1xx_hal_i2c.o
 .text.I2C_WaitOnMasterAddressFlagUntilTimeout
                0x00000000080038de       0xfe ./Drivers/STM32F1xx_HAL_Driver/Src/stm32f1xx_hal_i2c.o
 .text.I2C_WaitOnTXEFlagUntilTimeout
                0x00000000080039dc       0x82 ./Drivers/STM32F1xx_HAL_Driver/Src/stm32f1xx_hal_i2c.o
 .text.I2C_WaitOnBTFFlagUntilTimeout
                0x0000000008003a5e       0x82 ./Drivers/STM32F1xx_HAL_Driver/Src/stm32f1xx_hal_i2c.o
 .text.I2C_WaitOnSTOPRequestThroughIT
                0x0000000008003ae0       0x64 ./Drivers/STM32F1xx_HAL_Driver/Src/stm32f1xx_hal_i2c.o
 .text.I2C_WaitOnRXNEFlagUntilTimeout
                0x0000000008003b44       0xac ./Drivers/STM32F1xx_HAL_Driver/Src/stm32f1xx_hal_i2c.o
 .text.I2C_IsAcknowledgeFailed
                0x0000000008003bf0       0x5c ./Drivers/STM32F1xx_HAL_Driver/Src/stm32f1xx_hal_i2c.o
 .text.I2C_ConvertOtherXferOptions
                0x0000000008003c4c       0x34 ./Drivers/STM32F1xx_HAL_Driver/Src/stm32f1xx_hal_i2c.o
 .text.HAL_PCD_Init
                0x0000000008003c80      0x216 ./Drivers/STM32F1xx_HAL_Driver/Src/stm32f1xx_hal_pcd.o
                0x0000000008003c80                HAL_PCD_Init
 .text.HAL_PCD_Start
                0x0000000008003e96       0x4c ./Drivers/STM32F1xx_HAL_Driver/Src/stm32f1xx_hal_pcd.o
                0x0000000008003e96                HAL_PCD_Start
 .text.HAL_PCD_IRQHandler
                0x0000000008003ee2      0x2a6 ./Drivers/STM32F1xx_HAL_Driver/Src/stm32f1xx_hal_pcd.o
                0x0000000008003ee2                HAL_PCD_IRQHandler
 .text.HAL_PCD_SetAddress
                0x0000000008004188       0x4a ./Drivers/STM32F1xx_HAL_Driver/Src/stm32f1xx_hal_pcd.o
                0x0000000008004188                HAL_PCD_SetAddress
 .text.HAL_PCD_EP_Open
                0x00000000080041d2       0xcc ./Drivers/STM32F1xx_HAL_Driver/Src/stm32f1xx_hal_pcd.o
                0x00000000080041d2                HAL_PCD_EP_Open
 .text.HAL_PCD_EP_Close
                0x000000000800429e       0x90 ./Drivers/STM32F1xx_HAL_Driver/Src/stm32f1xx_hal_pcd.o
                0x000000000800429e                HAL_PCD_EP_Close
 .text.HAL_PCD_EP_Receive
                0x000000000800432e       0x7a ./Drivers/STM32F1xx_HAL_Driver/Src/stm32f1xx_hal_pcd.o
                0x000000000800432e                HAL_PCD_EP_Receive
 .text.HAL_PCD_EP_GetRxCount
                0x00000000080043a8       0x2e ./Drivers/STM32F1xx_HAL_Driver/Src/stm32f1xx_hal_pcd.o
                0x00000000080043a8                HAL_PCD_EP_GetRxCount
 .text.HAL_PCD_EP_Transmit
                0x00000000080043d6       0x86 ./Drivers/STM32F1xx_HAL_Driver/Src/stm32f1xx_hal_pcd.o
                0x00000000080043d6                HAL_PCD_EP_Transmit
 .text.HAL_PCD_EP_SetStall
                0x000000000800445c       0xc0 ./Drivers/STM32F1xx_HAL_Driver/Src/stm32f1xx_hal_pcd.o
                0x000000000800445c                HAL_PCD_EP_SetStall
 .text.HAL_PCD_EP_ClrStall
                0x000000000800451c       0xa8 ./Drivers/STM32F1xx_HAL_Driver/Src/stm32f1xx_hal_pcd.o
                0x000000000800451c                HAL_PCD_EP_ClrStall
 .text.PCD_EP_ISR_Handler
                0x00000000080045c4      0x600 ./Drivers/STM32F1xx_HAL_Driver/Src/stm32f1xx_hal_pcd.o
 .text.HAL_PCD_EP_DB_Receive
                0x0000000008004bc4      0x21a ./Drivers/STM32F1xx_HAL_Driver/Src/stm32f1xx_hal_pcd.o
 .text.HAL_PCD_EP_DB_Transmit
                0x0000000008004dde      0x7a4 ./Drivers/STM32F1xx_HAL_Driver/Src/stm32f1xx_hal_pcd.o
 .text.HAL_PCDEx_PMAConfig
                0x0000000008005582       0x84 ./Drivers/STM32F1xx_HAL_Driver/Src/stm32f1xx_hal_pcd_ex.o
                0x0000000008005582                HAL_PCDEx_PMAConfig
 *fill*         0x0000000008005606        0x2 
 .text.HAL_RCC_OscConfig
                0x0000000008005608      0x504 ./Drivers/STM32F1xx_HAL_Driver/Src/stm32f1xx_hal_rcc.o
                0x0000000008005608                HAL_RCC_OscConfig
 .text.HAL_RCC_ClockConfig
                0x0000000008005b0c      0x1d4 ./Drivers/STM32F1xx_HAL_Driver/Src/stm32f1xx_hal_rcc.o
                0x0000000008005b0c                HAL_RCC_ClockConfig
 .text.HAL_RCC_GetSysClockFreq
                0x0000000008005ce0       0xbc ./Drivers/STM32F1xx_HAL_Driver/Src/stm32f1xx_hal_rcc.o
                0x0000000008005ce0                HAL_RCC_GetSysClockFreq
 .text.HAL_RCC_GetHCLKFreq
                0x0000000008005d9c       0x14 ./Drivers/STM32F1xx_HAL_Driver/Src/stm32f1xx_hal_rcc.o
                0x0000000008005d9c                HAL_RCC_GetHCLKFreq
 .text.HAL_RCC_GetPCLK1Freq
                0x0000000008005db0       0x28 ./Drivers/STM32F1xx_HAL_Driver/Src/stm32f1xx_hal_rcc.o
                0x0000000008005db0                HAL_RCC_GetPCLK1Freq
 .text.RCC_Delay
                0x0000000008005dd8       0x3c ./Drivers/STM32F1xx_HAL_Driver/Src/stm32f1xx_hal_rcc.o
 .text.HAL_RCCEx_PeriphCLKConfig
                0x0000000008005e14      0x16c ./Drivers/STM32F1xx_HAL_Driver/Src/stm32f1xx_hal_rcc_ex.o
                0x0000000008005e14                HAL_RCCEx_PeriphCLKConfig
 .text.HAL_TIM_Base_Init
                0x0000000008005f80       0x9e ./Drivers/STM32F1xx_HAL_Driver/Src/stm32f1xx_hal_tim.o
                0x0000000008005f80                HAL_TIM_Base_Init
 .text.HAL_TIM_ConfigClockSource
                0x000000000800601e      0x188 ./Drivers/STM32F1xx_HAL_Driver/Src/stm32f1xx_hal_tim.o
                0x000000000800601e                HAL_TIM_ConfigClockSource
 *fill*         0x00000000080061a6        0x2 
 .text.TIM_Base_SetConfig
                0x00000000080061a8       0xc4 ./Drivers/STM32F1xx_HAL_Driver/Src/stm32f1xx_hal_tim.o
                0x00000000080061a8                TIM_Base_SetConfig
 .text.TIM_TI1_ConfigInputStage
                0x000000000800626c       0x5c ./Drivers/STM32F1xx_HAL_Driver/Src/stm32f1xx_hal_tim.o
 .text.TIM_TI2_ConfigInputStage
                0x00000000080062c8       0x5e ./Drivers/STM32F1xx_HAL_Driver/Src/stm32f1xx_hal_tim.o
 .text.TIM_ITRx_SetConfig
                0x0000000008006326       0x34 ./Drivers/STM32F1xx_HAL_Driver/Src/stm32f1xx_hal_tim.o
 .text.TIM_ETR_SetConfig
                0x000000000800635a       0x3e ./Drivers/STM32F1xx_HAL_Driver/Src/stm32f1xx_hal_tim.o
                0x000000000800635a                TIM_ETR_SetConfig
 .text.HAL_TIMEx_MasterConfigSynchronization
                0x0000000008006398       0xbc ./Drivers/STM32F1xx_HAL_Driver/Src/stm32f1xx_hal_tim_ex.o
                0x0000000008006398                HAL_TIMEx_MasterConfigSynchronization
 .text.USB_CoreInit
                0x0000000008006454       0x20 ./Drivers/STM32F1xx_HAL_Driver/Src/stm32f1xx_ll_usb.o
                0x0000000008006454                USB_CoreInit
 .text.USB_EnableGlobalInt
                0x0000000008006474       0x2c ./Drivers/STM32F1xx_HAL_Driver/Src/stm32f1xx_ll_usb.o
                0x0000000008006474                USB_EnableGlobalInt
 .text.USB_DisableGlobalInt
                0x00000000080064a0       0x34 ./Drivers/STM32F1xx_HAL_Driver/Src/stm32f1xx_ll_usb.o
                0x00000000080064a0                USB_DisableGlobalInt
 .text.USB_SetCurrentMode
                0x00000000080064d4       0x18 ./Drivers/STM32F1xx_HAL_Driver/Src/stm32f1xx_ll_usb.o
                0x00000000080064d4                USB_SetCurrentMode
 .text.USB_DevInit
                0x00000000080064ec       0x40 ./Drivers/STM32F1xx_HAL_Driver/Src/stm32f1xx_ll_usb.o
                0x00000000080064ec                USB_DevInit
 .text.USB_ActivateEndpoint
                0x000000000800652c      0x6d4 ./Drivers/STM32F1xx_HAL_Driver/Src/stm32f1xx_ll_usb.o
                0x000000000800652c                USB_ActivateEndpoint
 .text.USB_DeactivateEndpoint
                0x0000000008006c00      0x3d8 ./Drivers/STM32F1xx_HAL_Driver/Src/stm32f1xx_ll_usb.o
                0x0000000008006c00                USB_DeactivateEndpoint
 .text.USB_EPStartXfer
                0x0000000008006fd8     0x1c70 ./Drivers/STM32F1xx_HAL_Driver/Src/stm32f1xx_ll_usb.o
                0x0000000008006fd8                USB_EPStartXfer
 .text.USB_EPSetStall
                0x0000000008008c48       0xa0 ./Drivers/STM32F1xx_HAL_Driver/Src/stm32f1xx_ll_usb.o
                0x0000000008008c48                USB_EPSetStall
 .text.USB_EPClearStall
                0x0000000008008ce8      0x15a ./Drivers/STM32F1xx_HAL_Driver/Src/stm32f1xx_ll_usb.o
                0x0000000008008ce8                USB_EPClearStall
 .text.USB_SetDevAddress
                0x0000000008008e42       0x26 ./Drivers/STM32F1xx_HAL_Driver/Src/stm32f1xx_ll_usb.o
                0x0000000008008e42                USB_SetDevAddress
 .text.USB_DevConnect
                0x0000000008008e68       0x14 ./Drivers/STM32F1xx_HAL_Driver/Src/stm32f1xx_ll_usb.o
                0x0000000008008e68                USB_DevConnect
 .text.USB_DevDisconnect
                0x0000000008008e7c       0x14 ./Drivers/STM32F1xx_HAL_Driver/Src/stm32f1xx_ll_usb.o
                0x0000000008008e7c                USB_DevDisconnect
 .text.USB_ReadInterrupts
                0x0000000008008e90       0x1e ./Drivers/STM32F1xx_HAL_Driver/Src/stm32f1xx_ll_usb.o
                0x0000000008008e90                USB_ReadInterrupts
 .text.USB_EP0_OutStart
                0x0000000008008eae       0x16 ./Drivers/STM32F1xx_HAL_Driver/Src/stm32f1xx_ll_usb.o
                0x0000000008008eae                USB_EP0_OutStart
 .text.USB_WritePMA
                0x0000000008008ec4       0x8a ./Drivers/STM32F1xx_HAL_Driver/Src/stm32f1xx_ll_usb.o
                0x0000000008008ec4                USB_WritePMA
 .text.USB_ReadPMA
                0x0000000008008f4e       0x9e ./Drivers/STM32F1xx_HAL_Driver/Src/stm32f1xx_ll_usb.o
                0x0000000008008f4e                USB_ReadPMA
 .text.USBD_CDC_Init
                0x0000000008008fec       0xf4 ./Middlewares/ST/STM32_USB_Device_Library/Class/CDC/Src/usbd_cdc.o
 .text.USBD_CDC_DeInit
                0x00000000080090e0       0x6e ./Middlewares/ST/STM32_USB_Device_Library/Class/CDC/Src/usbd_cdc.o
 .text.USBD_CDC_Setup
                0x000000000800914e      0x146 ./Middlewares/ST/STM32_USB_Device_Library/Class/CDC/Src/usbd_cdc.o
 .text.USBD_CDC_DataIn
                0x0000000008009294       0xa6 ./Middlewares/ST/STM32_USB_Device_Library/Class/CDC/Src/usbd_cdc.o
 .text.USBD_CDC_DataOut
                0x000000000800933a       0x56 ./Middlewares/ST/STM32_USB_Device_Library/Class/CDC/Src/usbd_cdc.o
 .text.USBD_CDC_EP0_RxReady
                0x0000000008009390       0x50 ./Middlewares/ST/STM32_USB_Device_Library/Class/CDC/Src/usbd_cdc.o
 .text.USBD_CDC_GetFSCfgDesc
                0x00000000080093e0       0x20 ./Middlewares/ST/STM32_USB_Device_Library/Class/CDC/Src/usbd_cdc.o
 .text.USBD_CDC_GetHSCfgDesc
                0x0000000008009400       0x20 ./Middlewares/ST/STM32_USB_Device_Library/Class/CDC/Src/usbd_cdc.o
 .text.USBD_CDC_GetOtherSpeedCfgDesc
                0x0000000008009420       0x20 ./Middlewares/ST/STM32_USB_Device_Library/Class/CDC/Src/usbd_cdc.o
 .text.USBD_CDC_GetDeviceQualifierDescriptor
                0x0000000008009440       0x20 ./Middlewares/ST/STM32_USB_Device_Library/Class/CDC/Src/usbd_cdc.o
                0x0000000008009440                USBD_CDC_GetDeviceQualifierDescriptor
 .text.USBD_CDC_RegisterInterface
                0x0000000008009460       0x2c ./Middlewares/ST/STM32_USB_Device_Library/Class/CDC/Src/usbd_cdc.o
                0x0000000008009460                USBD_CDC_RegisterInterface
 .text.USBD_CDC_SetTxBuffer
                0x000000000800948c       0x32 ./Middlewares/ST/STM32_USB_Device_Library/Class/CDC/Src/usbd_cdc.o
                0x000000000800948c                USBD_CDC_SetTxBuffer
 .text.USBD_CDC_SetRxBuffer
                0x00000000080094be       0x26 ./Middlewares/ST/STM32_USB_Device_Library/Class/CDC/Src/usbd_cdc.o
                0x00000000080094be                USBD_CDC_SetRxBuffer
 .text.USBD_CDC_TransmitPacket
                0x00000000080094e4       0x5e ./Middlewares/ST/STM32_USB_Device_Library/Class/CDC/Src/usbd_cdc.o
                0x00000000080094e4                USBD_CDC_TransmitPacket
 .text.USBD_CDC_ReceivePacket
                0x0000000008009542       0x54 ./Middlewares/ST/STM32_USB_Device_Library/Class/CDC/Src/usbd_cdc.o
                0x0000000008009542                USBD_CDC_ReceivePacket
 .text.USBD_Init
                0x0000000008009596       0x56 ./Middlewares/ST/STM32_USB_Device_Library/Core/Src/usbd_core.o
                0x0000000008009596                USBD_Init
 .text.USBD_RegisterClass
                0x00000000080095ec       0x32 ./Middlewares/ST/STM32_USB_Device_Library/Core/Src/usbd_core.o
                0x00000000080095ec                USBD_RegisterClass
 .text.USBD_Start
                0x000000000800961e       0x18 ./Middlewares/ST/STM32_USB_Device_Library/Core/Src/usbd_core.o
                0x000000000800961e                USBD_Start
 .text.USBD_RunTestMode
                0x0000000008009636       0x14 ./Middlewares/ST/STM32_USB_Device_Library/Core/Src/usbd_core.o
                0x0000000008009636                USBD_RunTestMode
 .text.USBD_SetClassConfig
                0x000000000800964a       0x3e ./Middlewares/ST/STM32_USB_Device_Library/Core/Src/usbd_core.o
                0x000000000800964a                USBD_SetClassConfig
 .text.USBD_ClrClassConfig
                0x0000000008009688       0x26 ./Middlewares/ST/STM32_USB_Device_Library/Core/Src/usbd_core.o
                0x0000000008009688                USBD_ClrClassConfig
 .text.USBD_LL_SetupStage
                0x00000000080096ae       0x9a ./Middlewares/ST/STM32_USB_Device_Library/Core/Src/usbd_core.o
                0x00000000080096ae                USBD_LL_SetupStage
 .text.USBD_LL_DataOutStage
                0x0000000008009748       0xe2 ./Middlewares/ST/STM32_USB_Device_Library/Core/Src/usbd_core.o
                0x0000000008009748                USBD_LL_DataOutStage
 .text.USBD_LL_DataInStage
                0x000000000800982a      0x14a ./Middlewares/ST/STM32_USB_Device_Library/Core/Src/usbd_core.o
                0x000000000800982a                USBD_LL_DataInStage
 .text.USBD_LL_Reset
                0x0000000008009974       0x82 ./Middlewares/ST/STM32_USB_Device_Library/Core/Src/usbd_core.o
                0x0000000008009974                USBD_LL_Reset
 .text.USBD_LL_SetSpeed
                0x00000000080099f6       0x1e ./Middlewares/ST/STM32_USB_Device_Library/Core/Src/usbd_core.o
                0x00000000080099f6                USBD_LL_SetSpeed
 .text.USBD_LL_Suspend
                0x0000000008009a14       0x28 ./Middlewares/ST/STM32_USB_Device_Library/Core/Src/usbd_core.o
                0x0000000008009a14                USBD_LL_Suspend
 .text.USBD_LL_Resume
                0x0000000008009a3c       0x2a ./Middlewares/ST/STM32_USB_Device_Library/Core/Src/usbd_core.o
                0x0000000008009a3c                USBD_LL_Resume
 .text.USBD_LL_SOF
                0x0000000008009a66       0x34 ./Middlewares/ST/STM32_USB_Device_Library/Core/Src/usbd_core.o
                0x0000000008009a66                USBD_LL_SOF
 *fill*         0x0000000008009a9a        0x2 
 .text.USBD_StdDevReq
                0x0000000008009a9c       0xd4 ./Middlewares/ST/STM32_USB_Device_Library/Core/Src/usbd_ctlreq.o
                0x0000000008009a9c                USBD_StdDevReq
 .text.USBD_StdItfReq
                0x0000000008009b70       0x90 ./Middlewares/ST/STM32_USB_Device_Library/Core/Src/usbd_ctlreq.o
                0x0000000008009b70                USBD_StdItfReq
 .text.USBD_StdEPReq
                0x0000000008009c00      0x2c6 ./Middlewares/ST/STM32_USB_Device_Library/Core/Src/usbd_ctlreq.o
                0x0000000008009c00                USBD_StdEPReq
 *fill*         0x0000000008009ec6        0x2 
 .text.USBD_GetDescriptor
                0x0000000008009ec8      0x2d0 ./Middlewares/ST/STM32_USB_Device_Library/Core/Src/usbd_ctlreq.o
 .text.USBD_SetAddress
                0x000000000800a198       0x86 ./Middlewares/ST/STM32_USB_Device_Library/Core/Src/usbd_ctlreq.o
 *fill*         0x000000000800a21e        0x2 
 .text.USBD_SetConfig
                0x000000000800a220      0x11c ./Middlewares/ST/STM32_USB_Device_Library/Core/Src/usbd_ctlreq.o
 .text.USBD_GetConfig
                0x000000000800a33c       0x6a ./Middlewares/ST/STM32_USB_Device_Library/Core/Src/usbd_ctlreq.o
 .text.USBD_GetStatus
                0x000000000800a3a6       0x66 ./Middlewares/ST/STM32_USB_Device_Library/Core/Src/usbd_ctlreq.o
 .text.USBD_SetFeature
                0x000000000800a40c       0x28 ./Middlewares/ST/STM32_USB_Device_Library/Core/Src/usbd_ctlreq.o
 .text.USBD_ClrFeature
                0x000000000800a434       0x42 ./Middlewares/ST/STM32_USB_Device_Library/Core/Src/usbd_ctlreq.o
 .text.USBD_ParseSetupRequest
                0x000000000800a476       0x78 ./Middlewares/ST/STM32_USB_Device_Library/Core/Src/usbd_ctlreq.o
                0x000000000800a476                USBD_ParseSetupRequest
 .text.USBD_CtlError
                0x000000000800a4ee       0x22 ./Middlewares/ST/STM32_USB_Device_Library/Core/Src/usbd_ctlreq.o
                0x000000000800a4ee                USBD_CtlError
 .text.USBD_GetString
                0x000000000800a510       0x84 ./Middlewares/ST/STM32_USB_Device_Library/Core/Src/usbd_ctlreq.o
                0x000000000800a510                USBD_GetString
 .text.USBD_GetLen
                0x000000000800a594       0x2e ./Middlewares/ST/STM32_USB_Device_Library/Core/Src/usbd_ctlreq.o
 .text.USBD_CtlSendData
                0x000000000800a5c2       0x38 ./Middlewares/ST/STM32_USB_Device_Library/Core/Src/usbd_ioreq.o
                0x000000000800a5c2                USBD_CtlSendData
 .text.USBD_CtlContinueSendData
                0x000000000800a5fa       0x24 ./Middlewares/ST/STM32_USB_Device_Library/Core/Src/usbd_ioreq.o
                0x000000000800a5fa                USBD_CtlContinueSendData
 .text.USBD_CtlPrepareRx
                0x000000000800a61e       0x3c ./Middlewares/ST/STM32_USB_Device_Library/Core/Src/usbd_ioreq.o
                0x000000000800a61e                USBD_CtlPrepareRx
 .text.USBD_CtlContinueRx
                0x000000000800a65a       0x24 ./Middlewares/ST/STM32_USB_Device_Library/Core/Src/usbd_ioreq.o
                0x000000000800a65a                USBD_CtlContinueRx
 .text.USBD_CtlSendStatus
                0x000000000800a67e       0x26 ./Middlewares/ST/STM32_USB_Device_Library/Core/Src/usbd_ioreq.o
                0x000000000800a67e                USBD_CtlSendStatus
 .text.USBD_CtlReceiveStatus
                0x000000000800a6a4       0x26 ./Middlewares/ST/STM32_USB_Device_Library/Core/Src/usbd_ioreq.o
                0x000000000800a6a4                USBD_CtlReceiveStatus
 *fill*         0x000000000800a6ca        0x2 
 .text.MX_USB_DEVICE_Init
                0x000000000800a6cc       0x60 ./USB_DEVICE/App/usb_device.o
                0x000000000800a6cc                MX_USB_DEVICE_Init
 .text.CDC_Init_FS
                0x000000000800a72c       0x28 ./USB_DEVICE/App/usbd_cdc_if.o
 .text.CDC_DeInit_FS
                0x000000000800a754        0xe ./USB_DEVICE/App/usbd_cdc_if.o
 *fill*         0x000000000800a762        0x2 
 .text.CDC_Control_FS
                0x000000000800a764       0xbc ./USB_DEVICE/App/usbd_cdc_if.o
 .text.CDC_Receive_FS
                0x000000000800a820       0x60 ./USB_DEVICE/App/usbd_cdc_if.o
 .text.CDC_Transmit_FS
                0x000000000800a880       0x4c ./USB_DEVICE/App/usbd_cdc_if.o
                0x000000000800a880                CDC_Transmit_FS
 .text.USBD_FS_DeviceDescriptor
                0x000000000800a8cc       0x24 ./USB_DEVICE/App/usbd_desc.o
                0x000000000800a8cc                USBD_FS_DeviceDescriptor
 .text.USBD_FS_LangIDStrDescriptor
                0x000000000800a8f0       0x24 ./USB_DEVICE/App/usbd_desc.o
                0x000000000800a8f0                USBD_FS_LangIDStrDescriptor
 .text.USBD_FS_ProductStrDescriptor
                0x000000000800a914       0x3c ./USB_DEVICE/App/usbd_desc.o
                0x000000000800a914                USBD_FS_ProductStrDescriptor
 .text.USBD_FS_ManufacturerStrDescriptor
                0x000000000800a950       0x28 ./USB_DEVICE/App/usbd_desc.o
                0x000000000800a950                USBD_FS_ManufacturerStrDescriptor
 .text.USBD_FS_SerialStrDescriptor
                0x000000000800a978       0x24 ./USB_DEVICE/App/usbd_desc.o
                0x000000000800a978                USBD_FS_SerialStrDescriptor
 .text.USBD_FS_ConfigStrDescriptor
                0x000000000800a99c       0x3c ./USB_DEVICE/App/usbd_desc.o
                0x000000000800a99c                USBD_FS_ConfigStrDescriptor
 .text.USBD_FS_InterfaceStrDescriptor
                0x000000000800a9d8       0x3c ./USB_DEVICE/App/usbd_desc.o
                0x000000000800a9d8                USBD_FS_InterfaceStrDescriptor
 .text.Get_SerialNum
                0x000000000800aa14       0x58 ./USB_DEVICE/App/usbd_desc.o
 .text.IntToUnicode
                0x000000000800aa6c       0x7c ./USB_DEVICE/App/usbd_desc.o
 .text.HAL_PCD_MspInit
                0x000000000800aae8       0x4c ./USB_DEVICE/Target/usbd_conf.o
                0x000000000800aae8                HAL_PCD_MspInit
 .text.HAL_PCD_SetupStageCallback
                0x000000000800ab34       0x24 ./USB_DEVICE/Target/usbd_conf.o
                0x000000000800ab34                HAL_PCD_SetupStageCallback
 .text.HAL_PCD_DataOutStageCallback
                0x000000000800ab58       0x36 ./USB_DEVICE/Target/usbd_conf.o
                0x000000000800ab58                HAL_PCD_DataOutStageCallback
 .text.HAL_PCD_DataInStageCallback
                0x000000000800ab8e       0x34 ./USB_DEVICE/Target/usbd_conf.o
                0x000000000800ab8e                HAL_PCD_DataInStageCallback
 .text.HAL_PCD_SOFCallback
                0x000000000800abc2       0x1c ./USB_DEVICE/Target/usbd_conf.o
                0x000000000800abc2                HAL_PCD_SOFCallback
 .text.HAL_PCD_ResetCallback
                0x000000000800abde       0x3c ./USB_DEVICE/Target/usbd_conf.o
                0x000000000800abde                HAL_PCD_ResetCallback
 *fill*         0x000000000800ac1a        0x2 
 .text.HAL_PCD_SuspendCallback
                0x000000000800ac1c       0x34 ./USB_DEVICE/Target/usbd_conf.o
                0x000000000800ac1c                HAL_PCD_SuspendCallback
 .text.HAL_PCD_ResumeCallback
                0x000000000800ac50       0x1c ./USB_DEVICE/Target/usbd_conf.o
                0x000000000800ac50                HAL_PCD_ResumeCallback
 .text.USBD_LL_Init
                0x000000000800ac6c       0xb4 ./USB_DEVICE/Target/usbd_conf.o
                0x000000000800ac6c                USBD_LL_Init
 .text.USBD_LL_Start
                0x000000000800ad20       0x36 ./USB_DEVICE/Target/usbd_conf.o
                0x000000000800ad20                USBD_LL_Start
 .text.USBD_LL_OpenEP
                0x000000000800ad56       0x4c ./USB_DEVICE/Target/usbd_conf.o
                0x000000000800ad56                USBD_LL_OpenEP
 .text.USBD_LL_CloseEP
                0x000000000800ada2       0x3e ./USB_DEVICE/Target/usbd_conf.o
                0x000000000800ada2                USBD_LL_CloseEP
 .text.USBD_LL_StallEP
                0x000000000800ade0       0x3e ./USB_DEVICE/Target/usbd_conf.o
                0x000000000800ade0                USBD_LL_StallEP
 .text.USBD_LL_ClearStallEP
                0x000000000800ae1e       0x3e ./USB_DEVICE/Target/usbd_conf.o
                0x000000000800ae1e                USBD_LL_ClearStallEP
 .text.USBD_LL_IsStallEP
                0x000000000800ae5c       0x58 ./USB_DEVICE/Target/usbd_conf.o
                0x000000000800ae5c                USBD_LL_IsStallEP
 .text.USBD_LL_SetUSBAddress
                0x000000000800aeb4       0x3e ./USB_DEVICE/Target/usbd_conf.o
                0x000000000800aeb4                USBD_LL_SetUSBAddress
 .text.USBD_LL_Transmit
                0x000000000800aef2       0x46 ./USB_DEVICE/Target/usbd_conf.o
                0x000000000800aef2                USBD_LL_Transmit
 .text.USBD_LL_PrepareReceive
                0x000000000800af38       0x46 ./USB_DEVICE/Target/usbd_conf.o
                0x000000000800af38                USBD_LL_PrepareReceive
 .text.USBD_LL_GetRxDataSize
                0x000000000800af7e       0x26 ./USB_DEVICE/Target/usbd_conf.o
                0x000000000800af7e                USBD_LL_GetRxDataSize
 .text.USBD_static_malloc
                0x000000000800afa4       0x18 ./USB_DEVICE/Target/usbd_conf.o
                0x000000000800afa4                USBD_static_malloc
 .text.USBD_static_free
                0x000000000800afbc       0x12 ./USB_DEVICE/Target/usbd_conf.o
                0x000000000800afbc                USBD_static_free
 .text.HAL_PCDEx_SetConnectionState
                0x000000000800afce       0x16 ./USB_DEVICE/Target/usbd_conf.o
                0x000000000800afce                HAL_PCDEx_SetConnectionState
 .text.USBD_Get_USB_Status
                0x000000000800afe4       0x58 ./USB_DEVICE/Target/usbd_conf.o
 .text.afe4404_RstSet
                0x000000000800b03c       0x18 ./afe_lib/Src/f103.o
                0x000000000800b03c                afe4404_RstSet
 .text.afe4404_RstReset
                0x000000000800b054       0x18 ./afe_lib/Src/f103.o
                0x000000000800b054                afe4404_RstReset
 .text.afe4404_I2C_Write
                0x000000000800b06c       0x2c ./afe_lib/Src/f103.o
                0x000000000800b06c                afe4404_I2C_Write
 .text.afe4404_I2C_Read
                0x000000000800b098       0x44 ./afe_lib/Src/f103.o
                0x000000000800b098                afe4404_I2C_Read
 .text.afe4404_Delay_ms
                0x000000000800b0dc       0x16 ./afe_lib/Src/f103.o
                0x000000000800b0dc                afe4404_Delay_ms
 *fill*         0x000000000800b0f2        0x2 
 .text.afe4404_send_results
                0x000000000800b0f4       0x58 ./afe_lib/Src/f103.o
                0x000000000800b0f4                afe4404_send_results
 .text.hr3_get_heartrate1
                0x000000000800b14c       0x50 ./afe_lib/Src/heartrate1_3.o
                0x000000000800b14c                hr3_get_heartrate1
 .text.statHRMAlgo1
                0x000000000800b19c      0x228 ./afe_lib/Src/heartrate1_3.o
                0x000000000800b19c                statHRMAlgo1
 .text.updateWindow1
                0x000000000800b3c4       0x4e ./afe_lib/Src/heartrate1_3.o
                0x000000000800b3c4                updateWindow1
 *fill*         0x000000000800b412        0x2 
 .text.chooseRate1
                0x000000000800b414      0x10c ./afe_lib/Src/heartrate1_3.o
                0x000000000800b414                chooseRate1
 .text.updateHeartRate1
                0x000000000800b520       0x76 ./afe_lib/Src/heartrate1_3.o
                0x000000000800b520                updateHeartRate1
 .text.findMax1
                0x000000000800b596       0x48 ./afe_lib/Src/heartrate1_3.o
                0x000000000800b596                findMax1
 .text.findMin1
                0x000000000800b5de       0x48 ./afe_lib/Src/heartrate1_3.o
                0x000000000800b5de                findMin1
 *fill*         0x000000000800b626        0x2 
 .text.hr3_get_heartrate2
                0x000000000800b628       0x50 ./afe_lib/Src/heartrate2_3.o
                0x000000000800b628                hr3_get_heartrate2
 .text.statHRMAlgo2
                0x000000000800b678      0x228 ./afe_lib/Src/heartrate2_3.o
                0x000000000800b678                statHRMAlgo2
 .text.updateWindow2
                0x000000000800b8a0       0x4e ./afe_lib/Src/heartrate2_3.o
                0x000000000800b8a0                updateWindow2
 *fill*         0x000000000800b8ee        0x2 
 .text.chooseRate2
                0x000000000800b8f0      0x10c ./afe_lib/Src/heartrate2_3.o
                0x000000000800b8f0                chooseRate2
 .text.updateHeartRate2
                0x000000000800b9fc       0x76 ./afe_lib/Src/heartrate2_3.o
                0x000000000800b9fc                updateHeartRate2
 .text.findMax2
                0x000000000800ba72       0x48 ./afe_lib/Src/heartrate2_3.o
                0x000000000800ba72                findMax2
 .text.findMin2
                0x000000000800baba       0x48 ./afe_lib/Src/heartrate2_3.o
                0x000000000800baba                findMin2
 *fill*         0x000000000800bb02        0x2 
 .text.hr3_hal_init
                0x000000000800bb04       0x24 ./afe_lib/Src/heartrate_3_hal.o
                0x000000000800bb04                hr3_hal_init
 .text.hr3_hal_write
                0x000000000800bb28       0xda ./afe_lib/Src/heartrate_3_hal.o
                0x000000000800bb28                hr3_hal_write
 .text.hr3_hal_read
                0x000000000800bc02       0x28 ./afe_lib/Src/heartrate_3_hal.o
                0x000000000800bc02                hr3_hal_read
 .text.hr3_init
                0x000000000800bc2a      0x128 ./afe_lib/Src/heartrate_3_hw.o
                0x000000000800bc2a                hr3_init
 *fill*         0x000000000800bd52        0x2 
 .text.hr3_set_settings
                0x000000000800bd54       0x8c ./afe_lib/Src/heartrate_3_hw.o
                0x000000000800bd54                hr3_set_settings
 .text.hr3_set_led2_sample_start_end
                0x000000000800bde0       0x7c ./afe_lib/Src/heartrate_3_hw.o
                0x000000000800bde0                hr3_set_led2_sample_start_end
 .text.hr3_set_led1_start_end
                0x000000000800be5c       0x7c ./afe_lib/Src/heartrate_3_hw.o
                0x000000000800be5c                hr3_set_led1_start_end
 .text.hr3_set_led3_sample_start_end
                0x000000000800bed8       0x7c ./afe_lib/Src/heartrate_3_hw.o
                0x000000000800bed8                hr3_set_led3_sample_start_end
 .text.hr3_set_led1_sample_start_end
                0x000000000800bf54       0x7c ./afe_lib/Src/heartrate_3_hw.o
                0x000000000800bf54                hr3_set_led1_sample_start_end
 .text.hr3_set_led2_start_end
                0x000000000800bfd0       0x7c ./afe_lib/Src/heartrate_3_hw.o
                0x000000000800bfd0                hr3_set_led2_start_end
 .text.hr3_set_amb1_sample_start_end
                0x000000000800c04c       0x7c ./afe_lib/Src/heartrate_3_hw.o
                0x000000000800c04c                hr3_set_amb1_sample_start_end
 .text.hr3_set_led2_convert_start_end
                0x000000000800c0c8       0x7c ./afe_lib/Src/heartrate_3_hw.o
                0x000000000800c0c8                hr3_set_led2_convert_start_end
 .text.hr3_set_led3_convert_start_end
                0x000000000800c144       0x7c ./afe_lib/Src/heartrate_3_hw.o
                0x000000000800c144                hr3_set_led3_convert_start_end
 .text.hr3_set_led1_convert_start_end
                0x000000000800c1c0       0x7c ./afe_lib/Src/heartrate_3_hw.o
                0x000000000800c1c0                hr3_set_led1_convert_start_end
 .text.hr3_set_amb1_convert_start_end
                0x000000000800c23c       0x7c ./afe_lib/Src/heartrate_3_hw.o
                0x000000000800c23c                hr3_set_amb1_convert_start_end
 .text.hr3_set_adc_reset0_start_end
                0x000000000800c2b8       0x7c ./afe_lib/Src/heartrate_3_hw.o
                0x000000000800c2b8                hr3_set_adc_reset0_start_end
 .text.hr3_set_adc_reset1_start_end
                0x000000000800c334       0x7c ./afe_lib/Src/heartrate_3_hw.o
                0x000000000800c334                hr3_set_adc_reset1_start_end
 .text.hr3_set_adc_reset2_start_end
                0x000000000800c3b0       0x7c ./afe_lib/Src/heartrate_3_hw.o
                0x000000000800c3b0                hr3_set_adc_reset2_start_end
 .text.hr3_set_adc_reset3_start_end
                0x000000000800c42c       0x7c ./afe_lib/Src/heartrate_3_hw.o
                0x000000000800c42c                hr3_set_adc_reset3_start_end
 .text.hr3_set_prpct_count
                0x000000000800c4a8       0x48 ./afe_lib/Src/heartrate_3_hw.o
                0x000000000800c4a8                hr3_set_prpct_count
 .text.hr3_set_timer_and_average_num
                0x000000000800c4f0       0x7c ./afe_lib/Src/heartrate_3_hw.o
                0x000000000800c4f0                hr3_set_timer_and_average_num
 .text.hr3_set_seperate_tia_gain
                0x000000000800c56c       0xa4 ./afe_lib/Src/heartrate_3_hw.o
                0x000000000800c56c                hr3_set_seperate_tia_gain
 .text.hr3_set_tia_gain
                0x000000000800c610       0xa8 ./afe_lib/Src/heartrate_3_hw.o
                0x000000000800c610                hr3_set_tia_gain
 .text.hr3_set_led_currents
                0x000000000800c6b8       0xa0 ./afe_lib/Src/heartrate_3_hw.o
                0x000000000800c6b8                hr3_set_led_currents
 .text.hr3_set_dynamic_settings
                0x000000000800c758       0xd0 ./afe_lib/Src/heartrate_3_hw.o
                0x000000000800c758                hr3_set_dynamic_settings
 .text.hr3_set_clkout_div
                0x000000000800c828       0x74 ./afe_lib/Src/heartrate_3_hw.o
                0x000000000800c828                hr3_set_clkout_div
 .text.hr3_get_led1_val
                0x000000000800c89c       0x50 ./afe_lib/Src/heartrate_3_hw.o
                0x000000000800c89c                hr3_get_led1_val
 .text.hr3_get_led2_val
                0x000000000800c8ec       0x50 ./afe_lib/Src/heartrate_3_hw.o
                0x000000000800c8ec                hr3_get_led2_val
 .text.hr3_get_led3_val
                0x000000000800c93c       0x50 ./afe_lib/Src/heartrate_3_hw.o
                0x000000000800c93c                hr3_get_led3_val
 .text.hr3_get_led1_amb1_val
                0x000000000800c98c       0x5c ./afe_lib/Src/heartrate_3_hw.o
                0x000000000800c98c                hr3_get_led1_amb1_val
 .text.hr3_set_pdn_cycle_start_end
                0x000000000800c9e8       0x7c ./afe_lib/Src/heartrate_3_hw.o
                0x000000000800c9e8                hr3_set_pdn_cycle_start_end
 .text.hr3_set_led3_start_stop
                0x000000000800ca64       0x7c ./afe_lib/Src/heartrate_3_hw.o
                0x000000000800ca64                hr3_set_led3_start_stop
 .text.hr3_set_int_clk_div
                0x000000000800cae0       0x44 ./afe_lib/Src/heartrate_3_hw.o
                0x000000000800cae0                hr3_set_int_clk_div
 .text.hr3_read_enable
                0x000000000800cb24       0x38 ./afe_lib/Src/heartrate_3_hw.o
                0x000000000800cb24                hr3_read_enable
 .text.hr3_read_disable
                0x000000000800cb5c       0x38 ./afe_lib/Src/heartrate_3_hw.o
                0x000000000800cb5c                hr3_read_disable
 .text.__errno  0x000000000800cb94        0xc c:/st/stm32cubeide_1.11.0/stm32cubeide/plugins/com.st.stm32cube.ide.mcu.externaltools.gnu-tools-for-stm32.10.3-2021.10.win32_1.0.100.202210260954/tools/bin/../lib/gcc/arm-none-eabi/10.3.1/../../../../arm-none-eabi/lib/thumb/v7-m/nofp\libc_nano.a(lib_a-errno.o)
                0x000000000800cb94                __errno
 .text.__libc_init_array
                0x000000000800cba0       0x48 c:/st/stm32cubeide_1.11.0/stm32cubeide/plugins/com.st.stm32cube.ide.mcu.externaltools.gnu-tools-for-stm32.10.3-2021.10.win32_1.0.100.202210260954/tools/bin/../lib/gcc/arm-none-eabi/10.3.1/../../../../arm-none-eabi/lib/thumb/v7-m/nofp\libc_nano.a(lib_a-init.o)
                0x000000000800cba0                __libc_init_array
 .text.malloc   0x000000000800cbe8       0x10 c:/st/stm32cubeide_1.11.0/stm32cubeide/plugins/com.st.stm32cube.ide.mcu.externaltools.gnu-tools-for-stm32.10.3-2021.10.win32_1.0.100.202210260954/tools/bin/../lib/gcc/arm-none-eabi/10.3.1/../../../../arm-none-eabi/lib/thumb/v7-m/nofp\libc_nano.a(lib_a-malloc.o)
                0x000000000800cbe8                malloc
 .text.memcpy   0x000000000800cbf8       0x1c c:/st/stm32cubeide_1.11.0/stm32cubeide/plugins/com.st.stm32cube.ide.mcu.externaltools.gnu-tools-for-stm32.10.3-2021.10.win32_1.0.100.202210260954/tools/bin/../lib/gcc/arm-none-eabi/10.3.1/../../../../arm-none-eabi/lib/thumb/v7-m/nofp\libc_nano.a(lib_a-memcpy-stub.o)
                0x000000000800cbf8                memcpy
 .text.memset   0x000000000800cc14       0x10 c:/st/stm32cubeide_1.11.0/stm32cubeide/plugins/com.st.stm32cube.ide.mcu.externaltools.gnu-tools-for-stm32.10.3-2021.10.win32_1.0.100.202210260954/tools/bin/../lib/gcc/arm-none-eabi/10.3.1/../../../../arm-none-eabi/lib/thumb/v7-m/nofp\libc_nano.a(lib_a-memset.o)
                0x000000000800cc14                memset
 .text._free_r  0x000000000800cc24       0x90 c:/st/stm32cubeide_1.11.0/stm32cubeide/plugins/com.st.stm32cube.ide.mcu.externaltools.gnu-tools-for-stm32.10.3-2021.10.win32_1.0.100.202210260954/tools/bin/../lib/gcc/arm-none-eabi/10.3.1/../../../../arm-none-eabi/lib/thumb/v7-m/nofp\libc_nano.a(lib_a-nano-freer.o)
                0x000000000800cc24                _free_r
 .text.sbrk_aligned
                0x000000000800ccb4       0x40 c:/st/stm32cubeide_1.11.0/stm32cubeide/plugins/com.st.stm32cube.ide.mcu.externaltools.gnu-tools-for-stm32.10.3-2021.10.win32_1.0.100.202210260954/tools/bin/../lib/gcc/arm-none-eabi/10.3.1/../../../../arm-none-eabi/lib/thumb/v7-m/nofp\libc_nano.a(lib_a-nano-mallocr.o)
 .text._malloc_r
                0x000000000800ccf4       0xe8 c:/st/stm32cubeide_1.11.0/stm32cubeide/plugins/com.st.stm32cube.ide.mcu.externaltools.gnu-tools-for-stm32.10.3-2021.10.win32_1.0.100.202210260954/tools/bin/../lib/gcc/arm-none-eabi/10.3.1/../../../../arm-none-eabi/lib/thumb/v7-m/nofp\libc_nano.a(lib_a-nano-mallocr.o)
                0x000000000800ccf4                _malloc_r
 .text._sbrk_r  0x000000000800cddc       0x20 c:/st/stm32cubeide_1.11.0/stm32cubeide/plugins/com.st.stm32cube.ide.mcu.externaltools.gnu-tools-for-stm32.10.3-2021.10.win32_1.0.100.202210260954/tools/bin/../lib/gcc/arm-none-eabi/10.3.1/../../../../arm-none-eabi/lib/thumb/v7-m/nofp\libc_nano.a(lib_a-sbrkr.o)
                0x000000000800cddc                _sbrk_r
 .text.sprintf  0x000000000800cdfc       0x40 c:/st/stm32cubeide_1.11.0/stm32cubeide/plugins/com.st.stm32cube.ide.mcu.externaltools.gnu-tools-for-stm32.10.3-2021.10.win32_1.0.100.202210260954/tools/bin/../lib/gcc/arm-none-eabi/10.3.1/../../../../arm-none-eabi/lib/thumb/v7-m/nofp\libc_nano.a(lib_a-sprintf.o)
                0x000000000800cdfc                siprintf
                0x000000000800cdfc                sprintf
 .text.__malloc_lock
                0x000000000800ce3c        0xc c:/st/stm32cubeide_1.11.0/stm32cubeide/plugins/com.st.stm32cube.ide.mcu.externaltools.gnu-tools-for-stm32.10.3-2021.10.win32_1.0.100.202210260954/tools/bin/../lib/gcc/arm-none-eabi/10.3.1/../../../../arm-none-eabi/lib/thumb/v7-m/nofp\libc_nano.a(lib_a-mlock.o)
                0x000000000800ce3c                __malloc_lock
 .text.__malloc_unlock
                0x000000000800ce48        0xc c:/st/stm32cubeide_1.11.0/stm32cubeide/plugins/com.st.stm32cube.ide.mcu.externaltools.gnu-tools-for-stm32.10.3-2021.10.win32_1.0.100.202210260954/tools/bin/../lib/gcc/arm-none-eabi/10.3.1/../../../../arm-none-eabi/lib/thumb/v7-m/nofp\libc_nano.a(lib_a-mlock.o)
                0x000000000800ce48                __malloc_unlock
 .text.__ssputs_r
                0x000000000800ce54       0xb6 c:/st/stm32cubeide_1.11.0/stm32cubeide/plugins/com.st.stm32cube.ide.mcu.externaltools.gnu-tools-for-stm32.10.3-2021.10.win32_1.0.100.202210260954/tools/bin/../lib/gcc/arm-none-eabi/10.3.1/../../../../arm-none-eabi/lib/thumb/v7-m/nofp\libc_nano.a(lib_a-nano-svfprintf.o)
                0x000000000800ce54                __ssputs_r
 *fill*         0x000000000800cf0a        0x2 
 .text._svfprintf_r
                0x000000000800cf0c      0x200 c:/st/stm32cubeide_1.11.0/stm32cubeide/plugins/com.st.stm32cube.ide.mcu.externaltools.gnu-tools-for-stm32.10.3-2021.10.win32_1.0.100.202210260954/tools/bin/../lib/gcc/arm-none-eabi/10.3.1/../../../../arm-none-eabi/lib/thumb/v7-m/nofp\libc_nano.a(lib_a-nano-svfprintf.o)
                0x000000000800cf0c                _svfiprintf_r
                0x000000000800cf0c                _svfprintf_r
 .text._printf_common
                0x000000000800d10c       0xde c:/st/stm32cubeide_1.11.0/stm32cubeide/plugins/com.st.stm32cube.ide.mcu.externaltools.gnu-tools-for-stm32.10.3-2021.10.win32_1.0.100.202210260954/tools/bin/../lib/gcc/arm-none-eabi/10.3.1/../../../../arm-none-eabi/lib/thumb/v7-m/nofp\libc_nano.a(lib_a-nano-vfprintf_i.o)
                0x000000000800d10c                _printf_common
 *fill*         0x000000000800d1ea        0x2 
 .text._printf_i
                0x000000000800d1ec      0x24c c:/st/stm32cubeide_1.11.0/stm32cubeide/plugins/com.st.stm32cube.ide.mcu.externaltools.gnu-tools-for-stm32.10.3-2021.10.win32_1.0.100.202210260954/tools/bin/../lib/gcc/arm-none-eabi/10.3.1/../../../../arm-none-eabi/lib/thumb/v7-m/nofp\libc_nano.a(lib_a-nano-vfprintf_i.o)
                0x000000000800d1ec                _printf_i
 .text.__retarget_lock_acquire_recursive
                0x000000000800d438        0x2 c:/st/stm32cubeide_1.11.0/stm32cubeide/plugins/com.st.stm32cube.ide.mcu.externaltools.gnu-tools-for-stm32.10.3-2021.10.win32_1.0.100.202210260954/tools/bin/../lib/gcc/arm-none-eabi/10.3.1/../../../../arm-none-eabi/lib/thumb/v7-m/nofp\libc_nano.a(lib_a-lock.o)
                0x000000000800d438                __retarget_lock_acquire_recursive
 .text.__retarget_lock_release_recursive
                0x000000000800d43a        0x2 c:/st/stm32cubeide_1.11.0/stm32cubeide/plugins/com.st.stm32cube.ide.mcu.externaltools.gnu-tools-for-stm32.10.3-2021.10.win32_1.0.100.202210260954/tools/bin/../lib/gcc/arm-none-eabi/10.3.1/../../../../arm-none-eabi/lib/thumb/v7-m/nofp\libc_nano.a(lib_a-lock.o)
                0x000000000800d43a                __retarget_lock_release_recursive
 .text.memchr   0x000000000800d43c       0x1c c:/st/stm32cubeide_1.11.0/stm32cubeide/plugins/com.st.stm32cube.ide.mcu.externaltools.gnu-tools-for-stm32.10.3-2021.10.win32_1.0.100.202210260954/tools/bin/../lib/gcc/arm-none-eabi/10.3.1/../../../../arm-none-eabi/lib/thumb/v7-m/nofp\libc_nano.a(lib_a-memchr-stub.o)
                0x000000000800d43c                memchr
 .text.memmove  0x000000000800d458       0x34 c:/st/stm32cubeide_1.11.0/stm32cubeide/plugins/com.st.stm32cube.ide.mcu.externaltools.gnu-tools-for-stm32.10.3-2021.10.win32_1.0.100.202210260954/tools/bin/../lib/gcc/arm-none-eabi/10.3.1/../../../../arm-none-eabi/lib/thumb/v7-m/nofp\libc_nano.a(lib_a-memmove.o)
                0x000000000800d458                memmove
 .text._realloc_r
                0x000000000800d48c       0x5e c:/st/stm32cubeide_1.11.0/stm32cubeide/plugins/com.st.stm32cube.ide.mcu.externaltools.gnu-tools-for-stm32.10.3-2021.10.win32_1.0.100.202210260954/tools/bin/../lib/gcc/arm-none-eabi/10.3.1/../../../../arm-none-eabi/lib/thumb/v7-m/nofp\libc_nano.a(lib_a-nano-reallocr.o)
                0x000000000800d48c                _realloc_r
 .text._malloc_usable_size_r
                0x000000000800d4ea       0x10 c:/st/stm32cubeide_1.11.0/stm32cubeide/plugins/com.st.stm32cube.ide.mcu.externaltools.gnu-tools-for-stm32.10.3-2021.10.win32_1.0.100.202210260954/tools/bin/../lib/gcc/arm-none-eabi/10.3.1/../../../../arm-none-eabi/lib/thumb/v7-m/nofp\libc_nano.a(lib_a-nano-msizer.o)
                0x000000000800d4ea                _malloc_usable_size_r
 *(.glue_7)
 .glue_7        0x000000000800d4fa        0x0 linker stubs
 *(.glue_7t)
 .glue_7t       0x000000000800d4fa        0x0 linker stubs
 *(.eh_frame)
 *fill*         0x000000000800d4fa        0x2 
 .eh_frame      0x000000000800d4fc        0x0 c:/st/stm32cubeide_1.11.0/stm32cubeide/plugins/com.st.stm32cube.ide.mcu.externaltools.gnu-tools-for-stm32.10.3-2021.10.win32_1.0.100.202210260954/tools/bin/../lib/gcc/arm-none-eabi/10.3.1/thumb/v7-m/nofp/crtbegin.o
 *(.init)
 .init          0x000000000800d4fc        0x4 c:/st/stm32cubeide_1.11.0/stm32cubeide/plugins/com.st.stm32cube.ide.mcu.externaltools.gnu-tools-for-stm32.10.3-2021.10.win32_1.0.100.202210260954/tools/bin/../lib/gcc/arm-none-eabi/10.3.1/thumb/v7-m/nofp/crti.o
                0x000000000800d4fc                _init
 .init          0x000000000800d500        0x8 c:/st/stm32cubeide_1.11.0/stm32cubeide/plugins/com.st.stm32cube.ide.mcu.externaltools.gnu-tools-for-stm32.10.3-2021.10.win32_1.0.100.202210260954/tools/bin/../lib/gcc/arm-none-eabi/10.3.1/thumb/v7-m/nofp/crtn.o
 *(.fini)
 .fini          0x000000000800d508        0x4 c:/st/stm32cubeide_1.11.0/stm32cubeide/plugins/com.st.stm32cube.ide.mcu.externaltools.gnu-tools-for-stm32.10.3-2021.10.win32_1.0.100.202210260954/tools/bin/../lib/gcc/arm-none-eabi/10.3.1/thumb/v7-m/nofp/crti.o
                0x000000000800d508                _fini
 .fini          0x000000000800d50c        0x8 c:/st/stm32cubeide_1.11.0/stm32cubeide/plugins/com.st.stm32cube.ide.mcu.externaltools.gnu-tools-for-stm32.10.3-2021.10.win32_1.0.100.202210260954/tools/bin/../lib/gcc/arm-none-eabi/10.3.1/thumb/v7-m/nofp/crtn.o
                0x000000000800d514                . = ALIGN (0x4)
                0x000000000800d514                _etext = .

.vfp11_veneer   0x000000000800d514        0x0
 .vfp11_veneer  0x000000000800d514        0x0 linker stubs

.v4_bx          0x000000000800d514        0x0
 .v4_bx         0x000000000800d514        0x0 linker stubs

.iplt           0x000000000800d514        0x0
 .iplt          0x000000000800d514        0x0 c:/st/stm32cubeide_1.11.0/stm32cubeide/plugins/com.st.stm32cube.ide.mcu.externaltools.gnu-tools-for-stm32.10.3-2021.10.win32_1.0.100.202210260954/tools/bin/../lib/gcc/arm-none-eabi/10.3.1/thumb/v7-m/nofp/crtbegin.o

.rodata         0x000000000800d514       0xe4
                0x000000000800d514                . = ALIGN (0x4)
 *(.rodata)
 .rodata        0x000000000800d514       0x10 ./Drivers/STM32F1xx_HAL_Driver/Src/stm32f1xx_hal_rcc.o
 .rodata        0x000000000800d524       0x46 ./USB_DEVICE/App/usbd_desc.o
 *fill*         0x000000000800d56a        0x2 
 .rodata        0x000000000800d56c       0x3b ./afe_lib/Src/f103.o
 *fill*         0x000000000800d5a7        0x1 
 .rodata        0x000000000800d5a8        0x3 ./afe_lib/Src/heartrate_3_hw.o
 *(.rodata*)
 *fill*         0x000000000800d5ab        0x1 
 .rodata.AHBPrescTable
                0x000000000800d5ac       0x10 ./Core/Src/system_stm32f1xx.o
                0x000000000800d5ac                AHBPrescTable
 .rodata.APBPrescTable
                0x000000000800d5bc        0x8 ./Core/Src/system_stm32f1xx.o
                0x000000000800d5bc                APBPrescTable
 .rodata._svfprintf_r.str1.1
                0x000000000800d5c4       0x11 c:/st/stm32cubeide_1.11.0/stm32cubeide/plugins/com.st.stm32cube.ide.mcu.externaltools.gnu-tools-for-stm32.10.3-2021.10.win32_1.0.100.202210260954/tools/bin/../lib/gcc/arm-none-eabi/10.3.1/../../../../arm-none-eabi/lib/thumb/v7-m/nofp\libc_nano.a(lib_a-nano-svfprintf.o)
 .rodata._printf_i.str1.1
                0x000000000800d5d5       0x22 c:/st/stm32cubeide_1.11.0/stm32cubeide/plugins/com.st.stm32cube.ide.mcu.externaltools.gnu-tools-for-stm32.10.3-2021.10.win32_1.0.100.202210260954/tools/bin/../lib/gcc/arm-none-eabi/10.3.1/../../../../arm-none-eabi/lib/thumb/v7-m/nofp\libc_nano.a(lib_a-nano-vfprintf_i.o)
                0x000000000800d5f8                . = ALIGN (0x4)
 *fill*         0x000000000800d5f7        0x1 

.rel.dyn        0x000000000800d5f8        0x0
 .rel.iplt      0x000000000800d5f8        0x0 c:/st/stm32cubeide_1.11.0/stm32cubeide/plugins/com.st.stm32cube.ide.mcu.externaltools.gnu-tools-for-stm32.10.3-2021.10.win32_1.0.100.202210260954/tools/bin/../lib/gcc/arm-none-eabi/10.3.1/thumb/v7-m/nofp/crtbegin.o

.ARM.extab      0x000000000800d5f8        0x0
                0x000000000800d5f8                . = ALIGN (0x4)
 *(.ARM.extab* .gnu.linkonce.armextab.*)
                0x000000000800d5f8                . = ALIGN (0x4)

.ARM            0x000000000800d5f8        0x0
                0x000000000800d5f8                . = ALIGN (0x4)
                0x000000000800d5f8                __exidx_start = .
 *(.ARM.exidx*)
                0x000000000800d5f8                __exidx_end = .
                0x000000000800d5f8                . = ALIGN (0x4)

.preinit_array  0x000000000800d5f8        0x0
                0x000000000800d5f8                . = ALIGN (0x4)
                0x000000000800d5f8                PROVIDE (__preinit_array_start = .)
 *(.preinit_array*)
                0x000000000800d5f8                PROVIDE (__preinit_array_end = .)
                0x000000000800d5f8                . = ALIGN (0x4)

.init_array     0x000000000800d5f8        0x4
                0x000000000800d5f8                . = ALIGN (0x4)
                0x000000000800d5f8                PROVIDE (__init_array_start = .)
 *(SORT_BY_NAME(.init_array.*))
 *(.init_array*)
 .init_array    0x000000000800d5f8        0x4 c:/st/stm32cubeide_1.11.0/stm32cubeide/plugins/com.st.stm32cube.ide.mcu.externaltools.gnu-tools-for-stm32.10.3-2021.10.win32_1.0.100.202210260954/tools/bin/../lib/gcc/arm-none-eabi/10.3.1/thumb/v7-m/nofp/crtbegin.o
                0x000000000800d5fc                PROVIDE (__init_array_end = .)
                0x000000000800d5fc                . = ALIGN (0x4)

.fini_array     0x000000000800d5fc        0x4
                0x000000000800d5fc                . = ALIGN (0x4)
                [!provide]                        PROVIDE (__fini_array_start = .)
 *(SORT_BY_NAME(.fini_array.*))
 *(.fini_array*)
 .fini_array    0x000000000800d5fc        0x4 c:/st/stm32cubeide_1.11.0/stm32cubeide/plugins/com.st.stm32cube.ide.mcu.externaltools.gnu-tools-for-stm32.10.3-2021.10.win32_1.0.100.202210260954/tools/bin/../lib/gcc/arm-none-eabi/10.3.1/thumb/v7-m/nofp/crtbegin.o
                [!provide]                        PROVIDE (__fini_array_end = .)
                0x000000000800d600                . = ALIGN (0x4)
                0x000000000800d600                _sidata = LOADADDR (.data)

.data           0x0000000020000000      0x1e0 load address 0x000000000800d600
                0x0000000020000000                . = ALIGN (0x4)
                0x0000000020000000                _sdata = .
 *(.data)
 *(.data*)
 .data.SystemCoreClock
                0x0000000020000000        0x4 ./Core/Src/system_stm32f1xx.o
                0x0000000020000000                SystemCoreClock
 .data.uwTickPrio
                0x0000000020000004        0x4 ./Drivers/STM32F1xx_HAL_Driver/Src/stm32f1xx_hal.o
                0x0000000020000004                uwTickPrio
 .data.uwTickFreq
                0x0000000020000008        0x1 ./Drivers/STM32F1xx_HAL_Driver/Src/stm32f1xx_hal.o
                0x0000000020000008                uwTickFreq
 *fill*         0x0000000020000009        0x3 
 .data.USBD_CDC_DeviceQualifierDesc
                0x000000002000000c        0xa ./Middlewares/ST/STM32_USB_Device_Library/Class/CDC/Src/usbd_cdc.o
 *fill*         0x0000000020000016        0x2 
 .data.USBD_CDC
                0x0000000020000018       0x38 ./Middlewares/ST/STM32_USB_Device_Library/Class/CDC/Src/usbd_cdc.o
                0x0000000020000018                USBD_CDC
 .data.USBD_CDC_CfgHSDesc
                0x0000000020000050       0x43 ./Middlewares/ST/STM32_USB_Device_Library/Class/CDC/Src/usbd_cdc.o
                0x0000000020000050                USBD_CDC_CfgHSDesc
 *fill*         0x0000000020000093        0x1 
 .data.USBD_CDC_CfgFSDesc
                0x0000000020000094       0x43 ./Middlewares/ST/STM32_USB_Device_Library/Class/CDC/Src/usbd_cdc.o
                0x0000000020000094                USBD_CDC_CfgFSDesc
 *fill*         0x00000000200000d7        0x1 
 .data.USBD_CDC_OtherSpeedCfgDesc
                0x00000000200000d8       0x43 ./Middlewares/ST/STM32_USB_Device_Library/Class/CDC/Src/usbd_cdc.o
                0x00000000200000d8                USBD_CDC_OtherSpeedCfgDesc
 *fill*         0x000000002000011b        0x1 
 .data.USBD_Interface_fops_FS
                0x000000002000011c       0x10 ./USB_DEVICE/App/usbd_cdc_if.o
                0x000000002000011c                USBD_Interface_fops_FS
 .data.FS_Desc  0x000000002000012c       0x1c ./USB_DEVICE/App/usbd_desc.o
                0x000000002000012c                FS_Desc
 .data.USBD_FS_DeviceDesc
                0x0000000020000148       0x12 ./USB_DEVICE/App/usbd_desc.o
                0x0000000020000148                USBD_FS_DeviceDesc
 *fill*         0x000000002000015a        0x2 
 .data.USBD_LangIDDesc
                0x000000002000015c        0x4 ./USB_DEVICE/App/usbd_desc.o
                0x000000002000015c                USBD_LangIDDesc
 .data.USBD_StringSerial
                0x0000000020000160       0x1a ./USB_DEVICE/App/usbd_desc.o
                0x0000000020000160                USBD_StringSerial
 *fill*         0x000000002000017a        0x2 
 .data._impure_ptr
                0x000000002000017c        0x4 c:/st/stm32cubeide_1.11.0/stm32cubeide/plugins/com.st.stm32cube.ide.mcu.externaltools.gnu-tools-for-stm32.10.3-2021.10.win32_1.0.100.202210260954/tools/bin/../lib/gcc/arm-none-eabi/10.3.1/../../../../arm-none-eabi/lib/thumb/v7-m/nofp\libc_nano.a(lib_a-impure.o)
                0x000000002000017c                _impure_ptr
 .data.impure_data
                0x0000000020000180       0x60 c:/st/stm32cubeide_1.11.0/stm32cubeide/plugins/com.st.stm32cube.ide.mcu.externaltools.gnu-tools-for-stm32.10.3-2021.10.win32_1.0.100.202210260954/tools/bin/../lib/gcc/arm-none-eabi/10.3.1/../../../../arm-none-eabi/lib/thumb/v7-m/nofp\libc_nano.a(lib_a-impure.o)
 *(.RamFunc)
 *(.RamFunc*)
                0x00000000200001e0                . = ALIGN (0x4)
                0x00000000200001e0                _edata = .

.igot.plt       0x00000000200001e0        0x0 load address 0x000000000800d7e0
 .igot.plt      0x00000000200001e0        0x0 c:/st/stm32cubeide_1.11.0/stm32cubeide/plugins/com.st.stm32cube.ide.mcu.externaltools.gnu-tools-for-stm32.10.3-2021.10.win32_1.0.100.202210260954/tools/bin/../lib/gcc/arm-none-eabi/10.3.1/thumb/v7-m/nofp/crtbegin.o
                0x00000000200001e0                . = ALIGN (0x4)

.bss            0x00000000200001e0     0x13dc load address 0x000000000800d7e0
                0x00000000200001e0                _sbss = .
                0x00000000200001e0                __bss_start__ = _sbss
 *(.bss)
 .bss           0x00000000200001e0       0x1c c:/st/stm32cubeide_1.11.0/stm32cubeide/plugins/com.st.stm32cube.ide.mcu.externaltools.gnu-tools-for-stm32.10.3-2021.10.win32_1.0.100.202210260954/tools/bin/../lib/gcc/arm-none-eabi/10.3.1/thumb/v7-m/nofp/crtbegin.o
 *(.bss*)
 .bss.hi2c1     0x00000000200001fc       0x54 ./Core/Src/main.o
                0x00000000200001fc                hi2c1
 .bss.hi2c2     0x0000000020000250       0x54 ./Core/Src/main.o
                0x0000000020000250                hi2c2
 .bss.htim2     0x00000000200002a4       0x48 ./Core/Src/main.o
                0x00000000200002a4                htim2
 .bss.FIFO_buf  0x00000000200002ec        0x4 ./Core/Src/main.o
                0x00000000200002ec                FIFO_buf
 .bss.adc1_rdy  0x00000000200002f0        0x1 ./Core/Src/main.o
                0x00000000200002f0                adc1_rdy
 .bss.adc2_rdy  0x00000000200002f1        0x1 ./Core/Src/main.o
                0x00000000200002f1                adc2_rdy
 *fill*         0x00000000200002f2        0x2 
 .bss.cur_i2c   0x00000000200002f4       0x54 ./Core/Src/main.o
                0x00000000200002f4                cur_i2c
 .bss.__sbrk_heap_end
                0x0000000020000348        0x4 ./Core/Src/sysmem.o
 .bss.uwTick    0x000000002000034c        0x4 ./Drivers/STM32F1xx_HAL_Driver/Src/stm32f1xx_hal.o
                0x000000002000034c                uwTick
 .bss.cfgidx.0  0x0000000020000350        0x1 ./Middlewares/ST/STM32_USB_Device_Library/Core/Src/usbd_ctlreq.o
 *fill*         0x0000000020000351        0x3 
 .bss.hUsbDeviceFS
                0x0000000020000354      0x2c4 ./USB_DEVICE/App/usb_device.o
                0x0000000020000354                hUsbDeviceFS
 .bss.UserRxBufferFS
                0x0000000020000618      0x400 ./USB_DEVICE/App/usbd_cdc_if.o
                0x0000000020000618                UserRxBufferFS
 .bss.UserTxBufferFS
                0x0000000020000a18      0x400 ./USB_DEVICE/App/usbd_cdc_if.o
                0x0000000020000a18                UserTxBufferFS
 .bss.USBD_StrDesc
                0x0000000020000e18      0x200 ./USB_DEVICE/App/usbd_desc.o
                0x0000000020000e18                USBD_StrDesc
 .bss.hpcd_USB_FS
                0x0000000020001018      0x2ec ./USB_DEVICE/Target/usbd_conf.o
                0x0000000020001018                hpcd_USB_FS
 .bss.mem.0     0x0000000020001304      0x220 ./USB_DEVICE/Target/usbd_conf.o
 .bss.peakWindowHP
                0x0000000020001524       0x54 ./afe_lib/Src/heartrate1_3.o
                0x0000000020001524                peakWindowHP
 .bss.lastOnsetValueLED1
                0x0000000020001578        0x4 ./afe_lib/Src/heartrate1_3.o
                0x0000000020001578                lastOnsetValueLED1
 .bss.lastPeakValueLED1
                0x000000002000157c        0x4 ./afe_lib/Src/heartrate1_3.o
                0x000000002000157c                lastPeakValueLED1
 .bss.HR        0x0000000020001580        0xc ./afe_lib/Src/heartrate1_3.o
                0x0000000020001580                HR
 .bss.HeartRate
                0x000000002000158c        0x1 ./afe_lib/Src/heartrate1_3.o
                0x000000002000158c                HeartRate
 .bss.temp      0x000000002000158d        0x1 ./afe_lib/Src/heartrate1_3.o
                0x000000002000158d                temp
 *fill*         0x000000002000158e        0x2 
 .bss.lastPeak  0x0000000020001590        0x4 ./afe_lib/Src/heartrate1_3.o
                0x0000000020001590                lastPeak
 .bss.lastOnset
                0x0000000020001594        0x4 ./afe_lib/Src/heartrate1_3.o
                0x0000000020001594                lastOnset
 .bss.movingWindowHP
                0x0000000020001598        0x4 ./afe_lib/Src/heartrate1_3.o
                0x0000000020001598                movingWindowHP
 .bss.ispeak    0x000000002000159c        0x1 ./afe_lib/Src/heartrate1_3.o
                0x000000002000159c                ispeak
 .bss.movingWindowCount
                0x000000002000159d        0x1 ./afe_lib/Src/heartrate1_3.o
                0x000000002000159d                movingWindowCount
 .bss.movingWindowSize
                0x000000002000159e        0x1 ./afe_lib/Src/heartrate1_3.o
                0x000000002000159e                movingWindowSize
 .bss.smallest  0x000000002000159f        0x1 ./afe_lib/Src/heartrate1_3.o
                0x000000002000159f                smallest
 .bss.foundPeak
                0x00000000200015a0        0x1 ./afe_lib/Src/heartrate1_3.o
                0x00000000200015a0                foundPeak
 .bss.totalFoundPeak
                0x00000000200015a1        0x1 ./afe_lib/Src/heartrate1_3.o
                0x00000000200015a1                totalFoundPeak
 *fill*         0x00000000200015a2        0x2 
 .bss.frequency
                0x00000000200015a4        0x4 ./afe_lib/Src/heartrate1_3.o
                0x00000000200015a4                frequency
 .bss._i2c_hw_address
                0x00000000200015a8        0x1 ./afe_lib/Src/heartrate_3_hal.o
 *fill*         0x00000000200015a9        0x3 
 .bss.__malloc_free_list
                0x00000000200015ac        0x4 c:/st/stm32cubeide_1.11.0/stm32cubeide/plugins/com.st.stm32cube.ide.mcu.externaltools.gnu-tools-for-stm32.10.3-2021.10.win32_1.0.100.202210260954/tools/bin/../lib/gcc/arm-none-eabi/10.3.1/../../../../arm-none-eabi/lib/thumb/v7-m/nofp\libc_nano.a(lib_a-nano-mallocr.o)
                0x00000000200015ac                __malloc_free_list
 .bss.__malloc_sbrk_start
                0x00000000200015b0        0x4 c:/st/stm32cubeide_1.11.0/stm32cubeide/plugins/com.st.stm32cube.ide.mcu.externaltools.gnu-tools-for-stm32.10.3-2021.10.win32_1.0.100.202210260954/tools/bin/../lib/gcc/arm-none-eabi/10.3.1/../../../../arm-none-eabi/lib/thumb/v7-m/nofp\libc_nano.a(lib_a-nano-mallocr.o)
                0x00000000200015b0                __malloc_sbrk_start
 .bss.errno     0x00000000200015b4        0x4 c:/st/stm32cubeide_1.11.0/stm32cubeide/plugins/com.st.stm32cube.ide.mcu.externaltools.gnu-tools-for-stm32.10.3-2021.10.win32_1.0.100.202210260954/tools/bin/../lib/gcc/arm-none-eabi/10.3.1/../../../../arm-none-eabi/lib/thumb/v7-m/nofp\libc_nano.a(lib_a-reent.o)
                0x00000000200015b4                errno
 .bss.__lock___malloc_recursive_mutex
                0x00000000200015b8        0x1 c:/st/stm32cubeide_1.11.0/stm32cubeide/plugins/com.st.stm32cube.ide.mcu.externaltools.gnu-tools-for-stm32.10.3-2021.10.win32_1.0.100.202210260954/tools/bin/../lib/gcc/arm-none-eabi/10.3.1/../../../../arm-none-eabi/lib/thumb/v7-m/nofp\libc_nano.a(lib_a-lock.o)
                0x00000000200015b8                __lock___malloc_recursive_mutex
 *(COMMON)
                0x00000000200015bc                . = ALIGN (0x4)
 *fill*         0x00000000200015b9        0x3 
                0x00000000200015bc                _ebss = .
                0x00000000200015bc                __bss_end__ = _ebss

._user_heap_stack
                0x00000000200015bc      0x604 load address 0x000000000800d7e0
                0x00000000200015c0                . = ALIGN (0x8)
 *fill*         0x00000000200015bc        0x4 
                [!provide]                        PROVIDE (end = .)
                0x00000000200015c0                PROVIDE (_end = .)
                0x00000000200017c0                . = (. + _Min_Heap_Size)
 *fill*         0x00000000200015c0      0x200 
                0x0000000020001bc0                . = (. + _Min_Stack_Size)
 *fill*         0x00000000200017c0      0x400 
                0x0000000020001bc0                . = ALIGN (0x8)

/DISCARD/
 libc.a(*)
 libm.a(*)
 libgcc.a(*)

.ARM.attributes
                0x0000000000000000       0x29
 *(.ARM.attributes)
 .ARM.attributes
                0x0000000000000000       0x1d c:/st/stm32cubeide_1.11.0/stm32cubeide/plugins/com.st.stm32cube.ide.mcu.externaltools.gnu-tools-for-stm32.10.3-2021.10.win32_1.0.100.202210260954/tools/bin/../lib/gcc/arm-none-eabi/10.3.1/thumb/v7-m/nofp/crti.o
 .ARM.attributes
                0x000000000000001d       0x2d c:/st/stm32cubeide_1.11.0/stm32cubeide/plugins/com.st.stm32cube.ide.mcu.externaltools.gnu-tools-for-stm32.10.3-2021.10.win32_1.0.100.202210260954/tools/bin/../lib/gcc/arm-none-eabi/10.3.1/thumb/v7-m/nofp/crtbegin.o
 .ARM.attributes
                0x000000000000004a       0x2d ./Buffer/Src/Buffer.o
 .ARM.attributes
                0x0000000000000077       0x2d ./Core/Src/main.o
 .ARM.attributes
                0x00000000000000a4       0x2d ./Core/Src/stm32f1xx_hal_msp.o
 .ARM.attributes
                0x00000000000000d1       0x2d ./Core/Src/stm32f1xx_it.o
 .ARM.attributes
                0x00000000000000fe       0x2d ./Core/Src/sysmem.o
 .ARM.attributes
                0x000000000000012b       0x2d ./Core/Src/system_stm32f1xx.o
 .ARM.attributes
                0x0000000000000158       0x21 ./Core/Startup/startup_stm32f103c8tx.o
 .ARM.attributes
                0x0000000000000179       0x2d ./Drivers/STM32F1xx_HAL_Driver/Src/stm32f1xx_hal.o
 .ARM.attributes
                0x00000000000001a6       0x2d ./Drivers/STM32F1xx_HAL_Driver/Src/stm32f1xx_hal_cortex.o
 .ARM.attributes
                0x00000000000001d3       0x2d ./Drivers/STM32F1xx_HAL_Driver/Src/stm32f1xx_hal_dma.o
 .ARM.attributes
                0x0000000000000200       0x2d ./Drivers/STM32F1xx_HAL_Driver/Src/stm32f1xx_hal_gpio.o
 .ARM.attributes
                0x000000000000022d       0x2d ./Drivers/STM32F1xx_HAL_Driver/Src/stm32f1xx_hal_i2c.o
 .ARM.attributes
                0x000000000000025a       0x2d ./Drivers/STM32F1xx_HAL_Driver/Src/stm32f1xx_hal_pcd.o
 .ARM.attributes
                0x0000000000000287       0x2d ./Drivers/STM32F1xx_HAL_Driver/Src/stm32f1xx_hal_pcd_ex.o
 .ARM.attributes
                0x00000000000002b4       0x2d ./Drivers/STM32F1xx_HAL_Driver/Src/stm32f1xx_hal_rcc.o
 .ARM.attributes
                0x00000000000002e1       0x2d ./Drivers/STM32F1xx_HAL_Driver/Src/stm32f1xx_hal_rcc_ex.o
 .ARM.attributes
                0x000000000000030e       0x2d ./Drivers/STM32F1xx_HAL_Driver/Src/stm32f1xx_hal_tim.o
 .ARM.attributes
                0x000000000000033b       0x2d ./Drivers/STM32F1xx_HAL_Driver/Src/stm32f1xx_hal_tim_ex.o
 .ARM.attributes
                0x0000000000000368       0x2d ./Drivers/STM32F1xx_HAL_Driver/Src/stm32f1xx_ll_usb.o
 .ARM.attributes
                0x0000000000000395       0x2d ./Middlewares/ST/STM32_USB_Device_Library/Class/CDC/Src/usbd_cdc.o
 .ARM.attributes
                0x00000000000003c2       0x2d ./Middlewares/ST/STM32_USB_Device_Library/Core/Src/usbd_core.o
 .ARM.attributes
                0x00000000000003ef       0x2d ./Middlewares/ST/STM32_USB_Device_Library/Core/Src/usbd_ctlreq.o
 .ARM.attributes
                0x000000000000041c       0x2d ./Middlewares/ST/STM32_USB_Device_Library/Core/Src/usbd_ioreq.o
 .ARM.attributes
                0x0000000000000449       0x2d ./USB_DEVICE/App/usb_device.o
 .ARM.attributes
                0x0000000000000476       0x2d ./USB_DEVICE/App/usbd_cdc_if.o
 .ARM.attributes
                0x00000000000004a3       0x2d ./USB_DEVICE/App/usbd_desc.o
 .ARM.attributes
                0x00000000000004d0       0x2d ./USB_DEVICE/Target/usbd_conf.o
 .ARM.attributes
                0x00000000000004fd       0x2d ./afe_lib/Src/f103.o
 .ARM.attributes
                0x000000000000052a       0x2d ./afe_lib/Src/heartrate1_3.o
 .ARM.attributes
                0x0000000000000557       0x2d ./afe_lib/Src/heartrate2_3.o
 .ARM.attributes
                0x0000000000000584       0x2d ./afe_lib/Src/heartrate_3_hal.o
 .ARM.attributes
                0x00000000000005b1       0x2d ./afe_lib/Src/heartrate_3_hw.o
 .ARM.attributes
                0x00000000000005de       0x2d c:/st/stm32cubeide_1.11.0/stm32cubeide/plugins/com.st.stm32cube.ide.mcu.externaltools.gnu-tools-for-stm32.10.3-2021.10.win32_1.0.100.202210260954/tools/bin/../lib/gcc/arm-none-eabi/10.3.1/../../../../arm-none-eabi/lib/thumb/v7-m/nofp\libc_nano.a(lib_a-errno.o)
 .ARM.attributes
                0x000000000000060b       0x2d c:/st/stm32cubeide_1.11.0/stm32cubeide/plugins/com.st.stm32cube.ide.mcu.externaltools.gnu-tools-for-stm32.10.3-2021.10.win32_1.0.100.202210260954/tools/bin/../lib/gcc/arm-none-eabi/10.3.1/../../../../arm-none-eabi/lib/thumb/v7-m/nofp\libc_nano.a(lib_a-impure.o)
 .ARM.attributes
                0x0000000000000638       0x2d c:/st/stm32cubeide_1.11.0/stm32cubeide/plugins/com.st.stm32cube.ide.mcu.externaltools.gnu-tools-for-stm32.10.3-2021.10.win32_1.0.100.202210260954/tools/bin/../lib/gcc/arm-none-eabi/10.3.1/../../../../arm-none-eabi/lib/thumb/v7-m/nofp\libc_nano.a(lib_a-init.o)
 .ARM.attributes
                0x0000000000000665       0x2d c:/st/stm32cubeide_1.11.0/stm32cubeide/plugins/com.st.stm32cube.ide.mcu.externaltools.gnu-tools-for-stm32.10.3-2021.10.win32_1.0.100.202210260954/tools/bin/../lib/gcc/arm-none-eabi/10.3.1/../../../../arm-none-eabi/lib/thumb/v7-m/nofp\libc_nano.a(lib_a-malloc.o)
 .ARM.attributes
                0x0000000000000692       0x2d c:/st/stm32cubeide_1.11.0/stm32cubeide/plugins/com.st.stm32cube.ide.mcu.externaltools.gnu-tools-for-stm32.10.3-2021.10.win32_1.0.100.202210260954/tools/bin/../lib/gcc/arm-none-eabi/10.3.1/../../../../arm-none-eabi/lib/thumb/v7-m/nofp\libc_nano.a(lib_a-memcpy-stub.o)
 .ARM.attributes
                0x00000000000006bf       0x2d c:/st/stm32cubeide_1.11.0/stm32cubeide/plugins/com.st.stm32cube.ide.mcu.externaltools.gnu-tools-for-stm32.10.3-2021.10.win32_1.0.100.202210260954/tools/bin/../lib/gcc/arm-none-eabi/10.3.1/../../../../arm-none-eabi/lib/thumb/v7-m/nofp\libc_nano.a(lib_a-memset.o)
 .ARM.attributes
                0x00000000000006ec       0x2d c:/st/stm32cubeide_1.11.0/stm32cubeide/plugins/com.st.stm32cube.ide.mcu.externaltools.gnu-tools-for-stm32.10.3-2021.10.win32_1.0.100.202210260954/tools/bin/../lib/gcc/arm-none-eabi/10.3.1/../../../../arm-none-eabi/lib/thumb/v7-m/nofp\libc_nano.a(lib_a-nano-freer.o)
 .ARM.attributes
                0x0000000000000719       0x2d c:/st/stm32cubeide_1.11.0/stm32cubeide/plugins/com.st.stm32cube.ide.mcu.externaltools.gnu-tools-for-stm32.10.3-2021.10.win32_1.0.100.202210260954/tools/bin/../lib/gcc/arm-none-eabi/10.3.1/../../../../arm-none-eabi/lib/thumb/v7-m/nofp\libc_nano.a(lib_a-nano-mallocr.o)
 .ARM.attributes
                0x0000000000000746       0x2d c:/st/stm32cubeide_1.11.0/stm32cubeide/plugins/com.st.stm32cube.ide.mcu.externaltools.gnu-tools-for-stm32.10.3-2021.10.win32_1.0.100.202210260954/tools/bin/../lib/gcc/arm-none-eabi/10.3.1/../../../../arm-none-eabi/lib/thumb/v7-m/nofp\libc_nano.a(lib_a-sbrkr.o)
 .ARM.attributes
                0x0000000000000773       0x2d c:/st/stm32cubeide_1.11.0/stm32cubeide/plugins/com.st.stm32cube.ide.mcu.externaltools.gnu-tools-for-stm32.10.3-2021.10.win32_1.0.100.202210260954/tools/bin/../lib/gcc/arm-none-eabi/10.3.1/../../../../arm-none-eabi/lib/thumb/v7-m/nofp\libc_nano.a(lib_a-sprintf.o)
 .ARM.attributes
                0x00000000000007a0       0x17 c:/st/stm32cubeide_1.11.0/stm32cubeide/plugins/com.st.stm32cube.ide.mcu.externaltools.gnu-tools-for-stm32.10.3-2021.10.win32_1.0.100.202210260954/tools/bin/../lib/gcc/arm-none-eabi/10.3.1/../../../../arm-none-eabi/lib/thumb/v7-m/nofp\libc_nano.a(lib_a-strlen.o)
 .ARM.attributes