Archive member included to satisfy reference by file (symbol)

c:/st/stm32cubeide_1.11.0/stm32cubeide/plugins/com.st.stm32cube.ide.mcu.externaltools.gnu-tools-for-stm32.10.3-2021.10.win32_1.0.100.202210260954/tools/bin/../lib/gcc/arm-none-eabi/10.3.1/../../../../arm-none-eabi/lib/thumb/v7-m/nofp\libc_nano.a(lib_a-errno.o)
                              ./Core/Src/syscalls.o (__errno)
c:/st/stm32cubeide_1.11.0/stm32cubeide/plugins/com.st.stm32cube.ide.mcu.externaltools.gnu-tools-for-stm32.10.3-2021.10.win32_1.0.100.202210260954/tools/bin/../lib/gcc/arm-none-eabi/10.3.1/../../../../arm-none-eabi/lib/thumb/v7-m/nofp\libc_nano.a(lib_a-exit.o)
                              c:/st/stm32cubeide_1.11.0/stm32cubeide/plugins/com.st.stm32cube.ide.mcu.externaltools.gnu-tools-for-stm32.10.3-2021.10.win32_1.0.100.202210260954/tools/bin/../lib/gcc/arm-none-eabi/10.3.1/../../../../arm-none-eabi/lib/thumb/v7-m/nofp/crt0.o (exit)
c:/st/stm32cubeide_1.11.0/stm32cubeide/plugins/com.st.stm32cube.ide.mcu.externaltools.gnu-tools-for-stm32.10.3-2021.10.win32_1.0.100.202210260954/tools/bin/../lib/gcc/arm-none-eabi/10.3.1/../../../../arm-none-eabi/lib/thumb/v7-m/nofp\libc_nano.a(lib_a-impure.o)
                              c:/st/stm32cubeide_1.11.0/stm32cubeide/plugins/com.st.stm32cube.ide.mcu.externaltools.gnu-tools-for-stm32.10.3-2021.10.win32_1.0.100.202210260954/tools/bin/../lib/gcc/arm-none-eabi/10.3.1/../../../../arm-none-eabi/lib/thumb/v7-m/nofp\libc_nano.a(lib_a-exit.o) (_global_impure_ptr)
c:/st/stm32cubeide_1.11.0/stm32cubeide/plugins/com.st.stm32cube.ide.mcu.externaltools.gnu-tools-for-stm32.10.3-2021.10.win32_1.0.100.202210260954/tools/bin/../lib/gcc/arm-none-eabi/10.3.1/../../../../arm-none-eabi/lib/thumb/v7-m/nofp\libc_nano.a(lib_a-init.o)
                              c:/st/stm32cubeide_1.11.0/stm32cubeide/plugins/com.st.stm32cube.ide.mcu.externaltools.gnu-tools-for-stm32.10.3-2021.10.win32_1.0.100.202210260954/tools/bin/../lib/gcc/arm-none-eabi/10.3.1/../../../../arm-none-eabi/lib/thumb/v7-m/nofp/crt0.o (__libc_init_array)
c:/st/stm32cubeide_1.11.0/stm32cubeide/plugins/com.st.stm32cube.ide.mcu.externaltools.gnu-tools-for-stm32.10.3-2021.10.win32_1.0.100.202210260954/tools/bin/../lib/gcc/arm-none-eabi/10.3.1/../../../../arm-none-eabi/lib/thumb/v7-m/nofp\libc_nano.a(lib_a-malloc.o)
                              ./Buffer/Src/Buffer.o (malloc)
c:/st/stm32cubeide_1.11.0/stm32cubeide/plugins/com.st.stm32cube.ide.mcu.externaltools.gnu-tools-for-stm32.10.3-2021.10.win32_1.0.100.202210260954/tools/bin/../lib/gcc/arm-none-eabi/10.3.1/../../../../arm-none-eabi/lib/thumb/v7-m/nofp\libc_nano.a(lib_a-memcpy-stub.o)
                              ./Core/Src/main.o (memcpy)
c:/st/stm32cubeide_1.11.0/stm32cubeide/plugins/com.st.stm32cube.ide.mcu.externaltools.gnu-tools-for-stm32.10.3-2021.10.win32_1.0.100.202210260954/tools/bin/../lib/gcc/arm-none-eabi/10.3.1/../../../../arm-none-eabi/lib/thumb/v7-m/nofp\libc_nano.a(lib_a-memset.o)
                              c:/st/stm32cubeide_1.11.0/stm32cubeide/plugins/com.st.stm32cube.ide.mcu.externaltools.gnu-tools-for-stm32.10.3-2021.10.win32_1.0.100.202210260954/tools/bin/../lib/gcc/arm-none-eabi/10.3.1/../../../../arm-none-eabi/lib/thumb/v7-m/nofp/crt0.o (memset)
c:/st/stm32cubeide_1.11.0/stm32cubeide/plugins/com.st.stm32cube.ide.mcu.externaltools.gnu-tools-for-stm32.10.3-2021.10.win32_1.0.100.202210260954/tools/bin/../lib/gcc/arm-none-eabi/10.3.1/../../../../arm-none-eabi/lib/thumb/v7-m/nofp\libc_nano.a(lib_a-nano-freer.o)
                              c:/st/stm32cubeide_1.11.0/stm32cubeide/plugins/com.st.stm32cube.ide.mcu.externaltools.gnu-tools-for-stm32.10.3-2021.10.win32_1.0.100.202210260954/tools/bin/../lib/gcc/arm-none-eabi/10.3.1/../../../../arm-none-eabi/lib/thumb/v7-m/nofp\libc_nano.a(lib_a-malloc.o) (_free_r)
c:/st/stm32cubeide_1.11.0/stm32cubeide/plugins/com.st.stm32cube.ide.mcu.externaltools.gnu-tools-for-stm32.10.3-2021.10.win32_1.0.100.202210260954/tools/bin/../lib/gcc/arm-none-eabi/10.3.1/../../../../arm-none-eabi/lib/thumb/v7-m/nofp\libc_nano.a(lib_a-nano-mallocr.o)
                              c:/st/stm32cubeide_1.11.0/stm32cubeide/plugins/com.st.stm32cube.ide.mcu.externaltools.gnu-tools-for-stm32.10.3-2021.10.win32_1.0.100.202210260954/tools/bin/../lib/gcc/arm-none-eabi/10.3.1/../../../../arm-none-eabi/lib/thumb/v7-m/nofp\libc_nano.a(lib_a-malloc.o) (_malloc_r)
c:/st/stm32cubeide_1.11.0/stm32cubeide/plugins/com.st.stm32cube.ide.mcu.externaltools.gnu-tools-for-stm32.10.3-2021.10.win32_1.0.100.202210260954/tools/bin/../lib/gcc/arm-none-eabi/10.3.1/../../../../arm-none-eabi/lib/thumb/v7-m/nofp\libc_nano.a(lib_a-sbrkr.o)
                              c:/st/stm32cubeide_1.11.0/stm32cubeide/plugins/com.st.stm32cube.ide.mcu.externaltools.gnu-tools-for-stm32.10.3-2021.10.win32_1.0.100.202210260954/tools/bin/../lib/gcc/arm-none-eabi/10.3.1/../../../../arm-none-eabi/lib/thumb/v7-m/nofp\libc_nano.a(lib_a-nano-mallocr.o) (_sbrk_r)
[...]
Memory Configuration

Name             Origin             Length             Attributes
RAM              0x0000000020000000 0x0000000000005000 xrw
FLASH            0x0000000008000000 0x0000000000010000 xr
*default*        0x0000000000000000 0xffffffffffffffff

Linker script and memory map

LOAD c:/st/stm32cubeide_1.11.0/stm32cubeide/plugins/com.st.stm32cube.ide.mcu.externaltools.gnu-tools-for-stm32.10.3-2021.10.win32_1.0.100.202210260954/tools/bin/../lib/gcc/arm-none-eabi/10.3.1/thumb/v7-m/nofp/crti.o
LOAD c:/st/stm32cubeide_1.11.0/stm32cubeide/plugins/com.st.stm32cube.ide.mcu.externaltools.gnu-tools-for-stm32.10.3-2021.10.win32_1.0.100.202210260954/tools/bin/../lib/gcc/arm-none-eabi/10.3.1/thumb/v7-m/nofp/crtbegin.o
LOAD c:/st/stm32cubeide_1.11.0/stm32cubeide/plugins/com.st.stm32cube.ide.mcu.externaltools.gnu-tools-for-stm32.10.3-2021.10.win32_1.0.100.202210260954/tools/bin/../lib/gcc/arm-none-eabi/10.3.1/../../../../arm-none-eabi/lib/thumb/v7-m/nofp/crt0.o
LOAD ./Buffer/Src/Buffer.o
LOAD ./Core/Src/main.o
LOAD ./Core/Src/stm32f1xx_hal_msp.o
LOAD ./Core/Src/stm32f1xx_it.o
LOAD ./Core/Src/syscalls.o
LOAD ./Core/Src/sysmem.o
LOAD ./Core/Src/system_stm32f1xx.o
LOAD ./Core/Startup/startup_stm32f103c8tx.o
LOAD ./Drivers/STM32F1xx_HAL_Driver/Src/stm32f1xx_hal.o
LOAD ./Drivers/STM32F1xx_HAL_Driver/Src/stm32f1xx_hal_cortex.o
LOAD ./Drivers/STM32F1xx_HAL_Driver/Src/stm32f1xx_hal_dma.o
LOAD ./Drivers/STM32F1xx_HAL_Driver/Src/stm32f1xx_hal_exti.o
LOAD ./Drivers/STM32F1xx_HAL_Driver/Src/stm32f1xx_hal_flash.o
LOAD ./Drivers/STM32F1xx_HAL_Driver/Src/stm32f1xx_hal_flash_ex.o
LOAD ./Drivers/STM32F1xx_HAL_Driver/Src/stm32f1xx_hal_gpio.o
LOAD ./Drivers/STM32F1xx_HAL_Driver/Src/stm32f1xx_hal_gpio_ex.o
LOAD ./Drivers/STM32F1xx_HAL_Driver/Src/stm32f1xx_hal_i2c.o
LOAD ./Drivers/STM32F1xx_HAL_Driver/Src/stm32f1xx_hal_pcd.o
LOAD ./Drivers/STM32F1xx_HAL_Driver/Src/stm32f1xx_hal_pcd_ex.o
LOAD ./Drivers/STM32F1xx_HAL_Driver/Src/stm32f1xx_hal_pwr.o
LOAD ./Drivers/STM32F1xx_HAL_Driver/Src/stm32f1xx_hal_rcc.o
LOAD ./Drivers/STM32F1xx_HAL_Driver/Src/stm32f1xx_hal_rcc_ex.o
LOAD ./Drivers/STM32F1xx_HAL_Driver/Src/stm32f1xx_hal_tim.o
LOAD ./Drivers/STM32F1xx_HAL_Driver/Src/stm32f1xx_hal_tim_ex.o
LOAD ./Drivers/STM32F1xx_HAL_Driver/Src/stm32f1xx_ll_usb.o
LOAD ./Middlewares/ST/STM32_USB_Device_Library/Class/CDC/Src/usbd_cdc.o
LOAD ./Middlewares/ST/STM32_USB_Device_Library/Core/Src/usbd_core.o
LOAD ./Middlewares/ST/STM32_USB_Device_Library/Core/Src/usbd_ctlreq.o
LOAD ./Middlewares/ST/STM32_USB_Device_Library/Core/Src/usbd_ioreq.o
LOAD ./USB_DEVICE/App/usb_device.o
LOAD ./USB_DEVICE/App/usbd_cdc_if.o
LOAD ./USB_DEVICE/App/usbd_desc.o
LOAD ./USB_DEVICE/Target/usbd_conf.o
LOAD ./afe_lib/Src/f103.o
LOAD ./afe_lib/Src/heartrate_3.o
LOAD ./afe_lib/Src/heartrate_3_hal.o
LOAD ./afe_lib/Src/heartrate_3_hw.o
START GROUP
LOAD c:/st/stm32cubeide_1.11.0/stm32cubeide/plugins/com.st.stm32cube.ide.mcu.externaltools.gnu-tools-for-stm32.10.3-2021.10.win32_1.0.100.202210260954/tools/bin/../lib/gcc/arm-none-eabi/10.3.1/../../../../arm-none-eabi/lib/thumb/v7-m/nofp\libc_nano.a
LOAD c:/st/stm32cubeide_1.11.0/stm32cubeide/plugins/com.st.stm32cube.ide.mcu.externaltools.gnu-tools-for-stm32.10.3-2021.10.win32_1.0.100.202210260954/tools/bin/../lib/gcc/arm-none-eabi/10.3.1/../../../../arm-none-eabi/lib/thumb/v7-m/nofp\libm.a
END GROUP
START GROUP
LOAD c:/st/stm32cubeide_1.11.0/stm32cubeide/plugins/com.st.stm32cube.ide.mcu.externaltools.gnu-tools-for-stm32.10.3-2021.10.win32_1.0.100.202210260954/tools/bin/../lib/gcc/arm-none-eabi/10.3.1/thumb/v7-m/nofp\libgcc.a
LOAD c:/st/stm32cubeide_1.11.0/stm32cubeide/plugins/com.st.stm32cube.ide.mcu.externaltools.gnu-tools-for-stm32.10.3-2021.10.win32_1.0.100.202210260954/tools/bin/../lib/gcc/arm-none-eabi/10.3.1/../../../../arm-none-eabi/lib/thumb/v7-m/nofp\libc_nano.a
END GROUP
START GROUP
LOAD c:/st/stm32cubeide_1.11.0/stm32cubeide/plugins/com.st.stm32cube.ide.mcu.externaltools.gnu-tools-for-stm32.10.3-2021.10.win32_1.0.100.202210260954/tools/bin/../lib/gcc/arm-none-eabi/10.3.1/thumb/v7-m/nofp\libgcc.a
LOAD c:/st/stm32cubeide_1.11.0/stm32cubeide/plugins/com.st.stm32cube.ide.mcu.externaltools.gnu-tools-for-stm32.10.3-2021.10.win32_1.0.100.202210260954/tools/bin/../lib/gcc/arm-none-eabi/10.3.1/../../../../arm-none-eabi/lib/thumb/v7-m/nofp\libc_nano.a
LOAD c:/st/stm32cubeide_1.11.0/stm32cubeide/plugins/com.st.stm32cube.ide.mcu.externaltools.gnu-tools-for-stm32.10.3-2021.10.win32_1.0.100.202210260954/tools/bin/../lib/gcc/arm-none-eabi/10.3.1/../../../../arm-none-eabi/lib/thumb/v7-m/nofp\libnosys.a
END GROUP
START GROUP
LOAD c:/st/stm32cubeide_1.11.0/stm32cubeide/plugins/com.st.stm32cube.ide.mcu.externaltools.gnu-tools-for-stm32.10.3-2021.10.win32_1.0.100.202210260954/tools/bin/../lib/gcc/arm-none-eabi/10.3.1/thumb/v7-m/nofp\libgcc.a
LOAD c:/st/stm32cubeide_1.11.0/stm32cubeide/plugins/com.st.stm32cube.ide.mcu.externaltools.gnu-tools-for-stm32.10.3-2021.10.win32_1.0.100.202210260954/tools/bin/../lib/gcc/arm-none-eabi/10.3.1/../../../../arm-none-eabi/lib/thumb/v7-m/nofp\libc_nano.a
LOAD c:/st/stm32cubeide_1.11.0/stm32cubeide/plugins/com.st.stm32cube.ide.mcu.externaltools.gnu-tools-for-stm32.10.3-2021.10.win32_1.0.100.202210260954/tools/bin/../lib/gcc/arm-none-eabi/10.3.1/../../../../arm-none-eabi/lib/thumb/v7-m/nofp\libnosys.a
END GROUP
LOAD c:/st/stm32cubeide_1.11.0/stm32cubeide/plugins/com.st.stm32cube.ide.mcu.externaltools.gnu-tools-for-stm32.10.3-2021.10.win32_1.0.100.202210260954/tools/bin/../lib/gcc/arm-none-eabi/10.3.1/thumb/v7-m/nofp/crtend.o
LOAD c:/st/stm32cubeide_1.11.0/stm32cubeide/plugins/com.st.stm32cube.ide.mcu.externaltools.gnu-tools-for-stm32.10.3-2021.10.win32_1.0.100.202210260954/tools/bin/../lib/gcc/arm-none-eabi/10.3.1/thumb/v7-m/nofp/crtn.o
                0x0000000020005000                _estack = (ORIGIN (RAM) + LENGTH (RAM))
                0x0000000000000200                _Min_Heap_Size = 0x200
                0x0000000000000400                _Min_Stack_Size = 0x400

.isr_vector     0x0000000008000000      0x10c
                0x0000000008000000                . = ALIGN (0x4)
 *(.isr_vector)
 .isr_vector    0x0000000008000000      0x10c ./Core/Startup/startup_stm32f103c8tx.o
                0x0000000008000000                g_pfnVectors
                0x000000000800010c                . = ALIGN (0x4)

.text           0x000000000800010c     0xc99c
                0x000000000800010c                . = ALIGN (0x4)
 *(.text)
 .text          0x000000000800010c       0x40 c:/st/stm32cubeide_1.11.0/stm32cubeide/plugins/com.st.stm32cube.ide.mcu.externaltools.gnu-tools-for-stm32.10.3-2021.10.win32_1.0.100.202210260954/tools/bin/../lib/gcc/arm-none-eabi/10.3.1/thumb/v7-m/nofp/crtbegin.o
 *(.text*)
 .text.Buffer_Init
                0x000000000800014c       0x3c ./Buffer/Src/Buffer.o
                0x000000000800014c                Buffer_Init
 .text.Buffer_Size
                0x0000000008000188       0x34 ./Buffer/Src/Buffer.o
                0x0000000008000188                Buffer_Size
 .text.Buffer_IsEmpty
                0x00000000080001bc       0x22 ./Buffer/Src/Buffer.o
                0x00000000080001bc                Buffer_IsEmpty
 .text.Buffer_Clear
                0x00000000080001de       0x1e ./Buffer/Src/Buffer.o
                0x00000000080001de                Buffer_Clear
 .text.Buffer_IsFull
                0x00000000080001fc       0x28 ./Buffer/Src/Buffer.o
                0x00000000080001fc                Buffer_IsFull
 .text.Buffer_Read
                0x0000000008000224       0x50 ./Buffer/Src/Buffer.o
                0x0000000008000224                Buffer_Read
 .text.Buffer_Write
                0x0000000008000274       0x54 ./Buffer/Src/Buffer.o
                0x0000000008000274                Buffer_Write
 .text.Command_Check
                0x00000000080002c8       0xa4 ./Core/Src/main.o
                0x00000000080002c8                Command_Check
 .text.main     0x000000000800036c      0x19c ./Core/Src/main.o
                0x000000000800036c                main
 .text.SystemClock_Config
                0x0000000008000508       0xb4 ./Core/Src/main.o
                0x0000000008000508                SystemClock_Config
 .text.MX_I2C1_Init
                0x00000000080005bc       0x5c ./Core/Src/main.o
 .text.MX_I2C2_Init
                0x0000000008000618       0x5c ./Core/Src/main.o
 .text.MX_TIM2_Init
                0x0000000008000674       0x98 ./Core/Src/main.o
 .text.MX_GPIO_Init
                0x000000000800070c      0x144 ./Core/Src/main.o
 .text.AFE12_RST
                0x0000000008000850       0x16 ./Core/Src/main.o
 .text.AFE_Setup
                0x0000000008000866       0x38 ./Core/Src/main.o
 .text.Error_Handler
                0x000000000800089e        0xa ./Core/Src/main.o
                0x000000000800089e                Error_Handler
 .text.HAL_MspInit
                0x00000000080008a8       0x64 ./Core/Src/stm32f1xx_hal_msp.o
                0x00000000080008a8                HAL_MspInit
 .text.HAL_I2C_MspInit
                0x000000000800090c      0x118 ./Core/Src/stm32f1xx_hal_msp.o
                0x000000000800090c                HAL_I2C_MspInit
 .text.HAL_TIM_Base_MspInit
                0x0000000008000a24       0x38 ./Core/Src/stm32f1xx_hal_msp.o
                0x0000000008000a24                HAL_TIM_Base_MspInit
 .text.NMI_Handler
                0x0000000008000a5c        0x6 ./Core/Src/stm32f1xx_it.o
                0x0000000008000a5c                NMI_Handler
 .text.HardFault_Handler
                0x0000000008000a62        0x6 ./Core/Src/stm32f1xx_it.o
                0x0000000008000a62                HardFault_Handler
 .text.MemManage_Handler
                0x0000000008000a68        0x6 ./Core/Src/stm32f1xx_it.o
                0x0000000008000a68                MemManage_Handler
 .text.BusFault_Handler
                0x0000000008000a6e        0x6 ./Core/Src/stm32f1xx_it.o
                0x0000000008000a6e                BusFault_Handler
 .text.UsageFault_Handler
                0x0000000008000a74        0x6 ./Core/Src/stm32f1xx_it.o
                0x0000000008000a74                UsageFault_Handler
 .text.SVC_Handler
                0x0000000008000a7a        0xc ./Core/Src/stm32f1xx_it.o
                0x0000000008000a7a                SVC_Handler
 .text.DebugMon_Handler
                0x0000000008000a86        0xc ./Core/Src/stm32f1xx_it.o
                0x0000000008000a86                DebugMon_Handler
 .text.PendSV_Handler
                0x0000000008000a92        0xc ./Core/Src/stm32f1xx_it.o
                0x0000000008000a92                PendSV_Handler
 .text.SysTick_Handler
                0x0000000008000a9e        0xc ./Core/Src/stm32f1xx_it.o
                0x0000000008000a9e                SysTick_Handler
 *fill*         0x0000000008000aaa        0x2 
 .text.EXTI3_IRQHandler
                0x0000000008000aac       0x18 ./Core/Src/stm32f1xx_it.o
                0x0000000008000aac                EXTI3_IRQHandler
 .text.USB_LP_CAN1_RX0_IRQHandler
                0x0000000008000ac4       0x14 ./Core/Src/stm32f1xx_it.o
                0x0000000008000ac4                USB_LP_CAN1_RX0_IRQHandler
 .text.EXTI9_5_IRQHandler
                0x0000000008000ad8       0x18 ./Core/Src/stm32f1xx_it.o
                0x0000000008000ad8                EXTI9_5_IRQHandler
 .text.I2C1_EV_IRQHandler
                0x0000000008000af0       0x14 ./Core/Src/stm32f1xx_it.o
                0x0000000008000af0                I2C1_EV_IRQHandler
 .text.I2C1_ER_IRQHandler
                0x0000000008000b04       0x14 ./Core/Src/stm32f1xx_it.o
                0x0000000008000b04                I2C1_ER_IRQHandler
 .text.I2C2_EV_IRQHandler
                0x0000000008000b18       0x14 ./Core/Src/stm32f1xx_it.o
                0x0000000008000b18                I2C2_EV_IRQHandler
 .text.I2C2_ER_IRQHandler
                0x0000000008000b2c       0x14 ./Core/Src/stm32f1xx_it.o
                0x0000000008000b2c                I2C2_ER_IRQHandler
 .text._sbrk    0x0000000008000b40       0x6c ./Core/Src/sysmem.o
                0x0000000008000b40                _sbrk
 .text.SystemInit
                0x0000000008000bac        0xc ./Core/Src/system_stm32f1xx.o
                0x0000000008000bac                SystemInit
 .text.Reset_Handler
                0x0000000008000bb8       0x48 ./Core/Startup/startup_stm32f103c8tx.o
                0x0000000008000bb8                Reset_Handler
 .text.Default_Handler
                0x0000000008000c00        0x2 ./Core/Startup/startup_stm32f103c8tx.o
                0x0000000008000c00                RTC_Alarm_IRQHandler
                0x0000000008000c00                EXTI2_IRQHandler
                0x0000000008000c00                TIM1_CC_IRQHandler
                0x0000000008000c00                PVD_IRQHandler
                0x0000000008000c00                EXTI0_IRQHandler
                0x0000000008000c00                ADC1_2_IRQHandler
                0x0000000008000c00                SPI1_IRQHandler
                0x0000000008000c00                TAMPER_IRQHandler
                0x0000000008000c00                DMA1_Channel4_IRQHandler
                0x0000000008000c00                USART3_IRQHandler
                0x0000000008000c00                RTC_IRQHandler
                0x0000000008000c00                DMA1_Channel7_IRQHandler
                0x0000000008000c00                CAN1_RX1_IRQHandler
                0x0000000008000c00                TIM4_IRQHandler
                0x0000000008000c00                DMA1_Channel6_IRQHandler
                0x0000000008000c00                TIM3_IRQHandler
                0x0000000008000c00                RCC_IRQHandler
                0x0000000008000c00                TIM1_TRG_COM_IRQHandler
                0x0000000008000c00                DMA1_Channel1_IRQHandler
                0x0000000008000c00                Default_Handler
                0x0000000008000c00                EXTI15_10_IRQHandler
                0x0000000008000c00                SPI2_IRQHandler
                0x0000000008000c00                DMA1_Channel5_IRQHandler
                0x0000000008000c00                EXTI4_IRQHandler
                0x0000000008000c00                USB_HP_CAN1_TX_IRQHandler
                0x0000000008000c00                DMA1_Channel3_IRQHandler
                0x0000000008000c00                TIM1_UP_IRQHandler
                0x0000000008000c00                WWDG_IRQHandler
                0x0000000008000c00                TIM2_IRQHandler
                0x0000000008000c00                TIM1_BRK_IRQHandler
                0x0000000008000c00                EXTI1_IRQHandler
                0x0000000008000c00                USART2_IRQHandler
                0x0000000008000c00                DMA1_Channel2_IRQHandler
                0x0000000008000c00                CAN1_SCE_IRQHandler
                0x0000000008000c00                FLASH_IRQHandler
                0x0000000008000c00                USART1_IRQHandler
                0x0000000008000c00                USBWakeUp_IRQHandler
 *fill*         0x0000000008000c02        0x2 
 .text.HAL_Init
                0x0000000008000c04       0x2c ./Drivers/STM32F1xx_HAL_Driver/Src/stm32f1xx_hal.o
                0x0000000008000c04                HAL_Init
 .text.HAL_InitTick
                0x0000000008000c30       0x60 ./Drivers/STM32F1xx_HAL_Driver/Src/stm32f1xx_hal.o
                0x0000000008000c30                HAL_InitTick
 .text.HAL_IncTick
                0x0000000008000c90       0x24 ./Drivers/STM32F1xx_HAL_Driver/Src/stm32f1xx_hal.o
                0x0000000008000c90                HAL_IncTick
 .text.HAL_GetTick
                0x0000000008000cb4       0x14 ./Drivers/STM32F1xx_HAL_Driver/Src/stm32f1xx_hal.o
                0x0000000008000cb4                HAL_GetTick
 .text.HAL_Delay
                0x0000000008000cc8       0x48 ./Drivers/STM32F1xx_HAL_Driver/Src/stm32f1xx_hal.o
                0x0000000008000cc8                HAL_Delay
 .text.__NVIC_SetPriorityGrouping
                0x0000000008000d10       0x48 ./Drivers/STM32F1xx_HAL_Driver/Src/stm32f1xx_hal_cortex.o
 .text.__NVIC_GetPriorityGrouping
                0x0000000008000d58       0x1c ./Drivers/STM32F1xx_HAL_Driver/Src/stm32f1xx_hal_cortex.o
 .text.__NVIC_EnableIRQ
                0x0000000008000d74       0x38 ./Drivers/STM32F1xx_HAL_Driver/Src/stm32f1xx_hal_cortex.o
 .text.__NVIC_SetPriority
                0x0000000008000dac       0x54 ./Drivers/STM32F1xx_HAL_Driver/Src/stm32f1xx_hal_cortex.o
 .text.NVIC_EncodePriority
                0x0000000008000e00       0x64 ./Drivers/STM32F1xx_HAL_Driver/Src/stm32f1xx_hal_cortex.o
 .text.SysTick_Config
                0x0000000008000e64       0x44 ./Drivers/STM32F1xx_HAL_Driver/Src/stm32f1xx_hal_cortex.o
 .text.HAL_NVIC_SetPriorityGrouping
                0x0000000008000ea8       0x16 ./Drivers/STM32F1xx_HAL_Driver/Src/stm32f1xx_hal_cortex.o
                0x0000000008000ea8                HAL_NVIC_SetPriorityGrouping
 .text.HAL_NVIC_SetPriority
                0x0000000008000ebe       0x38 ./Drivers/STM32F1xx_HAL_Driver/Src/stm32f1xx_hal_cortex.o
                0x0000000008000ebe                HAL_NVIC_SetPriority
 .text.HAL_NVIC_EnableIRQ
                0x0000000008000ef6       0x1c ./Drivers/STM32F1xx_HAL_Driver/Src/stm32f1xx_hal_cortex.o
                0x0000000008000ef6                HAL_NVIC_EnableIRQ
 .text.HAL_SYSTICK_Config
                0x0000000008000f12       0x18 ./Drivers/STM32F1xx_HAL_Driver/Src/stm32f1xx_hal_cortex.o
                0x0000000008000f12                HAL_SYSTICK_Config
 *fill*         0x0000000008000f2a        0x2 
 .text.HAL_DMA_Abort_IT
                0x0000000008000f2c       0xec ./Drivers/STM32F1xx_HAL_Driver/Src/stm32f1xx_hal_dma.o
                0x0000000008000f2c                HAL_DMA_Abort_IT
 .text.HAL_DMA_GetState
                0x0000000008001018       0x18 ./Drivers/STM32F1xx_HAL_Driver/Src/stm32f1xx_hal_dma.o
                0x0000000008001018                HAL_DMA_GetState
 .text.HAL_GPIO_Init
                0x0000000008001030      0x308 ./Drivers/STM32F1xx_HAL_Driver/Src/stm32f1xx_hal_gpio.o
                0x0000000008001030                HAL_GPIO_Init
 .text.HAL_GPIO_WritePin
                0x0000000008001338       0x30 ./Drivers/STM32F1xx_HAL_Driver/Src/stm32f1xx_hal_gpio.o
                0x0000000008001338                HAL_GPIO_WritePin
 .text.HAL_GPIO_EXTI_IRQHandler
                0x0000000008001368       0x30 ./Drivers/STM32F1xx_HAL_Driver/Src/stm32f1xx_hal_gpio.o
                0x0000000008001368                HAL_GPIO_EXTI_IRQHandler
 .text.HAL_GPIO_EXTI_Callback
                0x0000000008001398       0x14 ./Drivers/STM32F1xx_HAL_Driver/Src/stm32f1xx_hal_gpio.o
                0x0000000008001398                HAL_GPIO_EXTI_Callback
 .text.HAL_I2C_Init
                0x00000000080013ac      0x288 ./Drivers/STM32F1xx_HAL_Driver/Src/stm32f1xx_hal_i2c.o
                0x00000000080013ac                HAL_I2C_Init
 .text.HAL_I2C_Master_Transmit
                0x0000000008001634      0x1fc ./Drivers/STM32F1xx_HAL_Driver/Src/stm32f1xx_hal_i2c.o
                0x0000000008001634                HAL_I2C_Master_Transmit
 .text.HAL_I2C_Mem_Read
                0x0000000008001830      0x4d0 ./Drivers/STM32F1xx_HAL_Driver/Src/stm32f1xx_hal_i2c.o
                0x0000000008001830                HAL_I2C_Mem_Read
 .text.HAL_I2C_EV_IRQHandler
                0x0000000008001d00      0x2e2 ./Drivers/STM32F1xx_HAL_Driver/Src/stm32f1xx_hal_i2c.o
                0x0000000008001d00                HAL_I2C_EV_IRQHandler
 .text.HAL_I2C_ER_IRQHandler
                0x0000000008001fe2      0x15e ./Drivers/STM32F1xx_HAL_Driver/Src/stm32f1xx_hal_i2c.o
                0x0000000008001fe2                HAL_I2C_ER_IRQHandler
 .text.HAL_I2C_MasterTxCpltCallback
                0x0000000008002140       0x12 ./Drivers/STM32F1xx_HAL_Driver/Src/stm32f1xx_hal_i2c.o
                0x0000000008002140                HAL_I2C_MasterTxCpltCallback
 .text.HAL_I2C_MasterRxCpltCallback
                0x0000000008002152       0x12 ./Drivers/STM32F1xx_HAL_Driver/Src/stm32f1xx_hal_i2c.o
                0x0000000008002152                HAL_I2C_MasterRxCpltCallback
 .text.HAL_I2C_SlaveTxCpltCallback
                0x0000000008002164       0x12 ./Drivers/STM32F1xx_HAL_Driver/Src/stm32f1xx_hal_i2c.o
                0x0000000008002164                HAL_I2C_SlaveTxCpltCallback
 .text.HAL_I2C_SlaveRxCpltCallback
                0x0000000008002176       0x12 ./Drivers/STM32F1xx_HAL_Driver/Src/stm32f1xx_hal_i2c.o
                0x0000000008002176                HAL_I2C_SlaveRxCpltCallback
 .text.HAL_I2C_AddrCallback
                0x0000000008002188       0x1a ./Drivers/STM32F1xx_HAL_Driver/Src/stm32f1xx_hal_i2c.o
                0x0000000008002188                HAL_I2C_AddrCallback
 .text.HAL_I2C_ListenCpltCallback
                0x00000000080021a2       0x12 ./Drivers/STM32F1xx_HAL_Driver/Src/stm32f1xx_hal_i2c.o
                0x00000000080021a2                HAL_I2C_ListenCpltCallback
 .text.HAL_I2C_MemTxCpltCallback
                0x00000000080021b4       0x12 ./Drivers/STM32F1xx_HAL_Driver/Src/stm32f1xx_hal_i2c.o
                0x00000000080021b4                HAL_I2C_MemTxCpltCallback
 .text.HAL_I2C_MemRxCpltCallback
                0x00000000080021c6       0x12 ./Drivers/STM32F1xx_HAL_Driver/Src/stm32f1xx_hal_i2c.o
                0x00000000080021c6                HAL_I2C_MemRxCpltCallback
 .text.HAL_I2C_ErrorCallback
                0x00000000080021d8       0x12 ./Drivers/STM32F1xx_HAL_Driver/Src/stm32f1xx_hal_i2c.o
                0x00000000080021d8                HAL_I2C_ErrorCallback
 .text.HAL_I2C_AbortCpltCallback
                0x00000000080021ea       0x12 ./Drivers/STM32F1xx_HAL_Driver/Src/stm32f1xx_hal_i2c.o
                0x00000000080021ea                HAL_I2C_AbortCpltCallback
 .text.I2C_MasterTransmit_TXE
                0x00000000080021fc      0x138 ./Drivers/STM32F1xx_HAL_Driver/Src/stm32f1xx_hal_i2c.o
 .text.I2C_MasterTransmit_BTF
                0x0000000008002334       0xec ./Drivers/STM32F1xx_HAL_Driver/Src/stm32f1xx_hal_i2c.o
 .text.I2C_MemoryTransmit_TXE_BTF
                0x0000000008002420      0x128 ./Drivers/STM32F1xx_HAL_Driver/Src/stm32f1xx_hal_i2c.o
 .text.I2C_MasterReceive_RXNE
                0x0000000008002548      0x162 ./Drivers/STM32F1xx_HAL_Driver/Src/stm32f1xx_hal_i2c.o
 .text.I2C_MasterReceive_BTF
                0x00000000080026aa      0x1d4 ./Drivers/STM32F1xx_HAL_Driver/Src/stm32f1xx_hal_i2c.o
 .text.I2C_Master_SB
                0x000000000800287e      0x10a ./Drivers/STM32F1xx_HAL_Driver/Src/stm32f1xx_hal_i2c.o
 .text.I2C_Master_ADD10
                0x0000000008002988       0x52 ./Drivers/STM32F1xx_HAL_Driver/Src/stm32f1xx_hal_i2c.o
 .text.I2C_Master_ADDR
                0x00000000080029da      0x336 ./Drivers/STM32F1xx_HAL_Driver/Src/stm32f1xx_hal_i2c.o
 .text.I2C_SlaveTransmit_TXE
                0x0000000008002d10       0x7a ./Drivers/STM32F1xx_HAL_Driver/Src/stm32f1xx_hal_i2c.o
 .text.I2C_SlaveTransmit_BTF
                0x0000000008002d8a       0x40 ./Drivers/STM32F1xx_HAL_Driver/Src/stm32f1xx_hal_i2c.o
 .text.I2C_SlaveReceive_RXNE
                0x0000000008002dca       0x7c ./Drivers/STM32F1xx_HAL_Driver/Src/stm32f1xx_hal_i2c.o
 .text.I2C_SlaveReceive_BTF
                0x0000000008002e46       0x42 ./Drivers/STM32F1xx_HAL_Driver/Src/stm32f1xx_hal_i2c.o
 .text.I2C_Slave_ADDR
                0x0000000008002e88       0x94 ./Drivers/STM32F1xx_HAL_Driver/Src/stm32f1xx_hal_i2c.o
 .text.I2C_Slave_STOPF
                0x0000000008002f1c      0x260 ./Drivers/STM32F1xx_HAL_Driver/Src/stm32f1xx_hal_i2c.o
 .text.I2C_Slave_AF
                0x000000000800317c       0xe0 ./Drivers/STM32F1xx_HAL_Driver/Src/stm32f1xx_hal_i2c.o
 .text.I2C_ITError
                0x000000000800325c      0x264 ./Drivers/STM32F1xx_HAL_Driver/Src/stm32f1xx_hal_i2c.o
 .text.I2C_MasterRequestWrite
                0x00000000080034c0      0x104 ./Drivers/STM32F1xx_HAL_Driver/Src/stm32f1xx_hal_i2c.o
 .text.I2C_RequestMemoryRead
                0x00000000080035c4      0x1d0 ./Drivers/STM32F1xx_HAL_Driver/Src/stm32f1xx_hal_i2c.o
 .text.I2C_DMAAbort
                0x0000000008003794      0x150 ./Drivers/STM32F1xx_HAL_Driver/Src/stm32f1xx_hal_i2c.o
 .text.I2C_WaitOnFlagUntilTimeout
                0x00000000080038e4       0xae ./Drivers/STM32F1xx_HAL_Driver/Src/stm32f1xx_hal_i2c.o
 .text.I2C_WaitOnMasterAddressFlagUntilTimeout
                0x0000000008003992       0xfe ./Drivers/STM32F1xx_HAL_Driver/Src/stm32f1xx_hal_i2c.o
 .text.I2C_WaitOnTXEFlagUntilTimeout
                0x0000000008003a90       0x82 ./Drivers/STM32F1xx_HAL_Driver/Src/stm32f1xx_hal_i2c.o
 .text.I2C_WaitOnBTFFlagUntilTimeout
                0x0000000008003b12       0x82 ./Drivers/STM32F1xx_HAL_Driver/Src/stm32f1xx_hal_i2c.o
 .text.I2C_WaitOnSTOPRequestThroughIT
                0x0000000008003b94       0x64 ./Drivers/STM32F1xx_HAL_Driver/Src/stm32f1xx_hal_i2c.o
 .text.I2C_WaitOnRXNEFlagUntilTimeout
                0x0000000008003bf8       0xac ./Drivers/STM32F1xx_HAL_Driver/Src/stm32f1xx_hal_i2c.o
 .text.I2C_IsAcknowledgeFailed
                0x0000000008003ca4       0x5c ./Drivers/STM32F1xx_HAL_Driver/Src/stm32f1xx_hal_i2c.o
 .text.I2C_ConvertOtherXferOptions
                0x0000000008003d00       0x34 ./Drivers/STM32F1xx_HAL_Driver/Src/stm32f1xx_hal_i2c.o
 .text.HAL_PCD_Init
                0x0000000008003d34      0x216 ./Drivers/STM32F1xx_HAL_Driver/Src/stm32f1xx_hal_pcd.o
                0x0000000008003d34                HAL_PCD_Init
 .text.HAL_PCD_Start
                0x0000000008003f4a       0x4c ./Drivers/STM32F1xx_HAL_Driver/Src/stm32f1xx_hal_pcd.o
                0x0000000008003f4a                HAL_PCD_Start
 .text.HAL_PCD_IRQHandler
                0x0000000008003f96      0x2a6 ./Drivers/STM32F1xx_HAL_Driver/Src/stm32f1xx_hal_pcd.o
                0x0000000008003f96                HAL_PCD_IRQHandler
 .text.HAL_PCD_SetAddress
                0x000000000800423c       0x4a ./Drivers/STM32F1xx_HAL_Driver/Src/stm32f1xx_hal_pcd.o
                0x000000000800423c                HAL_PCD_SetAddress
 .text.HAL_PCD_EP_Open
                0x0000000008004286       0xcc ./Drivers/STM32F1xx_HAL_Driver/Src/stm32f1xx_hal_pcd.o
                0x0000000008004286                HAL_PCD_EP_Open
 .text.HAL_PCD_EP_Close
                0x0000000008004352       0x90 ./Drivers/STM32F1xx_HAL_Driver/Src/stm32f1xx_hal_pcd.o
                0x0000000008004352                HAL_PCD_EP_Close
 .text.HAL_PCD_EP_Receive
                0x00000000080043e2       0x7a ./Drivers/STM32F1xx_HAL_Driver/Src/stm32f1xx_hal_pcd.o
                0x00000000080043e2                HAL_PCD_EP_Receive
 .text.HAL_PCD_EP_GetRxCount
                0x000000000800445c       0x2e ./Drivers/STM32F1xx_HAL_Driver/Src/stm32f1xx_hal_pcd.o
                0x000000000800445c                HAL_PCD_EP_GetRxCount
 .text.HAL_PCD_EP_Transmit
                0x000000000800448a       0x86 ./Drivers/STM32F1xx_HAL_Driver/Src/stm32f1xx_hal_pcd.o
                0x000000000800448a                HAL_PCD_EP_Transmit
 .text.HAL_PCD_EP_SetStall
                0x0000000008004510       0xc0 ./Drivers/STM32F1xx_HAL_Driver/Src/stm32f1xx_hal_pcd.o
                0x0000000008004510                HAL_PCD_EP_SetStall
 .text.HAL_PCD_EP_ClrStall
                0x00000000080045d0       0xa8 ./Drivers/STM32F1xx_HAL_Driver/Src/stm32f1xx_hal_pcd.o
                0x00000000080045d0                HAL_PCD_EP_ClrStall
 .text.PCD_EP_ISR_Handler
                0x0000000008004678      0x600 ./Drivers/STM32F1xx_HAL_Driver/Src/stm32f1xx_hal_pcd.o
 .text.HAL_PCD_EP_DB_Receive
                0x0000000008004c78      0x21a ./Drivers/STM32F1xx_HAL_Driver/Src/stm32f1xx_hal_pcd.o
 .text.HAL_PCD_EP_DB_Transmit
                0x0000000008004e92      0x7a4 ./Drivers/STM32F1xx_HAL_Driver/Src/stm32f1xx_hal_pcd.o
 .text.HAL_PCDEx_PMAConfig
                0x0000000008005636       0x84 ./Drivers/STM32F1xx_HAL_Driver/Src/stm32f1xx_hal_pcd_ex.o
                0x0000000008005636                HAL_PCDEx_PMAConfig
 *fill*         0x00000000080056ba        0x2 
 .text.HAL_RCC_OscConfig
                0x00000000080056bc      0x504 ./Drivers/STM32F1xx_HAL_Driver/Src/stm32f1xx_hal_rcc.o
                0x00000000080056bc                HAL_RCC_OscConfig
 .text.HAL_RCC_ClockConfig
                0x0000000008005bc0      0x1d4 ./Drivers/STM32F1xx_HAL_Driver/Src/stm32f1xx_hal_rcc.o
                0x0000000008005bc0                HAL_RCC_ClockConfig
 .text.HAL_RCC_GetSysClockFreq
                0x0000000008005d94       0xbc ./Drivers/STM32F1xx_HAL_Driver/Src/stm32f1xx_hal_rcc.o
                0x0000000008005d94                HAL_RCC_GetSysClockFreq
 .text.HAL_RCC_GetHCLKFreq
                0x0000000008005e50       0x14 ./Drivers/STM32F1xx_HAL_Driver/Src/stm32f1xx_hal_rcc.o
                0x0000000008005e50                HAL_RCC_GetHCLKFreq
 .text.HAL_RCC_GetPCLK1Freq
                0x0000000008005e64       0x28 ./Drivers/STM32F1xx_HAL_Driver/Src/stm32f1xx_hal_rcc.o
                0x0000000008005e64                HAL_RCC_GetPCLK1Freq
 .text.RCC_Delay
                0x0000000008005e8c       0x3c ./Drivers/STM32F1xx_HAL_Driver/Src/stm32f1xx_hal_rcc.o
 .text.HAL_RCCEx_PeriphCLKConfig
                0x0000000008005ec8      0x16c ./Drivers/STM32F1xx_HAL_Driver/Src/stm32f1xx_hal_rcc_ex.o
                0x0000000008005ec8                HAL_RCCEx_PeriphCLKConfig
 .text.HAL_TIM_Base_Init
                0x0000000008006034       0x9e ./Drivers/STM32F1xx_HAL_Driver/Src/stm32f1xx_hal_tim.o
                0x0000000008006034                HAL_TIM_Base_Init
 .text.HAL_TIM_ConfigClockSource
                0x00000000080060d2      0x188 ./Drivers/STM32F1xx_HAL_Driver/Src/stm32f1xx_hal_tim.o
                0x00000000080060d2                HAL_TIM_ConfigClockSource
 *fill*         0x000000000800625a        0x2 
 .text.TIM_Base_SetConfig
                0x000000000800625c       0xc4 ./Drivers/STM32F1xx_HAL_Driver/Src/stm32f1xx_hal_tim.o
                0x000000000800625c                TIM_Base_SetConfig
 .text.TIM_TI1_ConfigInputStage
                0x0000000008006320       0x5c ./Drivers/STM32F1xx_HAL_Driver/Src/stm32f1xx_hal_tim.o
 .text.TIM_TI2_ConfigInputStage
                0x000000000800637c       0x5e ./Drivers/STM32F1xx_HAL_Driver/Src/stm32f1xx_hal_tim.o
 .text.TIM_ITRx_SetConfig
                0x00000000080063da       0x34 ./Drivers/STM32F1xx_HAL_Driver/Src/stm32f1xx_hal_tim.o
 .text.TIM_ETR_SetConfig
                0x000000000800640e       0x3e ./Drivers/STM32F1xx_HAL_Driver/Src/stm32f1xx_hal_tim.o
                0x000000000800640e                TIM_ETR_SetConfig
 .text.HAL_TIMEx_MasterConfigSynchronization
                0x000000000800644c       0xbc ./Drivers/STM32F1xx_HAL_Driver/Src/stm32f1xx_hal_tim_ex.o
                0x000000000800644c                HAL_TIMEx_MasterConfigSynchronization
 .text.USB_CoreInit
                0x0000000008006508       0x20 ./Drivers/STM32F1xx_HAL_Driver/Src/stm32f1xx_ll_usb.o
                0x0000000008006508                USB_CoreInit
 .text.USB_EnableGlobalInt
                0x0000000008006528       0x2c ./Drivers/STM32F1xx_HAL_Driver/Src/stm32f1xx_ll_usb.o
                0x0000000008006528                USB_EnableGlobalInt
 .text.USB_DisableGlobalInt
                0x0000000008006554       0x34 ./Drivers/STM32F1xx_HAL_Driver/Src/stm32f1xx_ll_usb.o
                0x0000000008006554                USB_DisableGlobalInt
 .text.USB_SetCurrentMode
                0x0000000008006588       0x18 ./Drivers/STM32F1xx_HAL_Driver/Src/stm32f1xx_ll_usb.o
                0x0000000008006588                USB_SetCurrentMode
 .text.USB_DevInit
                0x00000000080065a0       0x40 ./Drivers/STM32F1xx_HAL_Driver/Src/stm32f1xx_ll_usb.o
                0x00000000080065a0                USB_DevInit
 .text.USB_ActivateEndpoint
                0x00000000080065e0      0x6d4 ./Drivers/STM32F1xx_HAL_Driver/Src/stm32f1xx_ll_usb.o
                0x00000000080065e0                USB_ActivateEndpoint
 .text.USB_DeactivateEndpoint
                0x0000000008006cb4      0x3d8 ./Drivers/STM32F1xx_HAL_Driver/Src/stm32f1xx_ll_usb.o
                0x0000000008006cb4                USB_DeactivateEndpoint
 .text.USB_EPStartXfer
                0x000000000800708c     0x1c70 ./Drivers/STM32F1xx_HAL_Driver/Src/stm32f1xx_ll_usb.o
                0x000000000800708c                USB_EPStartXfer
 .text.USB_EPSetStall
                0x0000000008008cfc       0xa0 ./Drivers/STM32F1xx_HAL_Driver/Src/stm32f1xx_ll_usb.o
                0x0000000008008cfc                USB_EPSetStall
 .text.USB_EPClearStall
                0x0000000008008d9c      0x15a ./Drivers/STM32F1xx_HAL_Driver/Src/stm32f1xx_ll_usb.o
                0x0000000008008d9c                USB_EPClearStall
 .text.USB_SetDevAddress
                0x0000000008008ef6       0x26 ./Drivers/STM32F1xx_HAL_Driver/Src/stm32f1xx_ll_usb.o
                0x0000000008008ef6                USB_SetDevAddress
 .text.USB_DevConnect
                0x0000000008008f1c       0x14 ./Drivers/STM32F1xx_HAL_Driver/Src/stm32f1xx_ll_usb.o
                0x0000000008008f1c                USB_DevConnect
 .text.USB_DevDisconnect
                0x0000000008008f30       0x14 ./Drivers/STM32F1xx_HAL_Driver/Src/stm32f1xx_ll_usb.o
                0x0000000008008f30                USB_DevDisconnect
 .text.USB_ReadInterrupts
                0x0000000008008f44       0x1e ./Drivers/STM32F1xx_HAL_Driver/Src/stm32f1xx_ll_usb.o
                0x0000000008008f44                USB_ReadInterrupts
 .text.USB_EP0_OutStart
                0x0000000008008f62       0x16 ./Drivers/STM32F1xx_HAL_Driver/Src/stm32f1xx_ll_usb.o
                0x0000000008008f62                USB_EP0_OutStart
 .text.USB_WritePMA
                0x0000000008008f78       0x8a ./Drivers/STM32F1xx_HAL_Driver/Src/stm32f1xx_ll_usb.o
                0x0000000008008f78                USB_WritePMA
 .text.USB_ReadPMA
                0x0000000008009002       0x9e ./Drivers/STM32F1xx_HAL_Driver/Src/stm32f1xx_ll_usb.o
                0x0000000008009002                USB_ReadPMA
 .text.USBD_CDC_Init
                0x00000000080090a0       0xf4 ./Middlewares/ST/STM32_USB_Device_Library/Class/CDC/Src/usbd_cdc.o
 .text.USBD_CDC_DeInit
                0x0000000008009194       0x6e ./Middlewares/ST/STM32_USB_Device_Library/Class/CDC/Src/usbd_cdc.o
 .text.USBD_CDC_Setup
                0x0000000008009202      0x146 ./Middlewares/ST/STM32_USB_Device_Library/Class/CDC/Src/usbd_cdc.o
 .text.USBD_CDC_DataIn
                0x0000000008009348       0xa6 ./Middlewares/ST/STM32_USB_Device_Library/Class/CDC/Src/usbd_cdc.o
 .text.USBD_CDC_DataOut
                0x00000000080093ee       0x56 ./Middlewares/ST/STM32_USB_Device_Library/Class/CDC/Src/usbd_cdc.o
 .text.USBD_CDC_EP0_RxReady
                0x0000000008009444       0x50 ./Middlewares/ST/STM32_USB_Device_Library/Class/CDC/Src/usbd_cdc.o
 .text.USBD_CDC_GetFSCfgDesc
                0x0000000008009494       0x20 ./Middlewares/ST/STM32_USB_Device_Library/Class/CDC/Src/usbd_cdc.o
 .text.USBD_CDC_GetHSCfgDesc
                0x00000000080094b4       0x20 ./Middlewares/ST/STM32_USB_Device_Library/Class/CDC/Src/usbd_cdc.o
 .text.USBD_CDC_GetOtherSpeedCfgDesc
                0x00000000080094d4       0x20 ./Middlewares/ST/STM32_USB_Device_Library/Class/CDC/Src/usbd_cdc.o
 .text.USBD_CDC_GetDeviceQualifierDescriptor
                0x00000000080094f4       0x20 ./Middlewares/ST/STM32_USB_Device_Library/Class/CDC/Src/usbd_cdc.o
                0x00000000080094f4                USBD_CDC_GetDeviceQualifierDescriptor
 .text.USBD_CDC_RegisterInterface
                0x0000000008009514       0x2c ./Middlewares/ST/STM32_USB_Device_Library/Class/CDC/Src/usbd_cdc.o
                0x0000000008009514                USBD_CDC_RegisterInterface
 .text.USBD_CDC_SetTxBuffer
                0x0000000008009540       0x32 ./Middlewares/ST/STM32_USB_Device_Library/Class/CDC/Src/usbd_cdc.o
                0x0000000008009540                USBD_CDC_SetTxBuffer
 .text.USBD_CDC_SetRxBuffer
                0x0000000008009572       0x26 ./Middlewares/ST/STM32_USB_Device_Library/Class/CDC/Src/usbd_cdc.o
                0x0000000008009572                USBD_CDC_SetRxBuffer
 .text.USBD_CDC_TransmitPacket
                0x0000000008009598       0x5e ./Middlewares/ST/STM32_USB_Device_Library/Class/CDC/Src/usbd_cdc.o
                0x0000000008009598                USBD_CDC_TransmitPacket
 .text.USBD_CDC_ReceivePacket
                0x00000000080095f6       0x54 ./Middlewares/ST/STM32_USB_Device_Library/Class/CDC/Src/usbd_cdc.o
                0x00000000080095f6                USBD_CDC_ReceivePacket
 .text.USBD_Init
                0x000000000800964a       0x56 ./Middlewares/ST/STM32_USB_Device_Library/Core/Src/usbd_core.o
                0x000000000800964a                USBD_Init
 .text.USBD_RegisterClass
                0x00000000080096a0       0x32 ./Middlewares/ST/STM32_USB_Device_Library/Core/Src/usbd_core.o
                0x00000000080096a0                USBD_RegisterClass
 .text.USBD_Start
                0x00000000080096d2       0x18 ./Middlewares/ST/STM32_USB_Device_Library/Core/Src/usbd_core.o
                0x00000000080096d2                USBD_Start
 .text.USBD_RunTestMode
                0x00000000080096ea       0x14 ./Middlewares/ST/STM32_USB_Device_Library/Core/Src/usbd_core.o
                0x00000000080096ea                USBD_RunTestMode
 .text.USBD_SetClassConfig
                0x00000000080096fe       0x3e ./Middlewares/ST/STM32_USB_Device_Library/Core/Src/usbd_core.o
                0x00000000080096fe                USBD_SetClassConfig
 .text.USBD_ClrClassConfig
                0x000000000800973c       0x26 ./Middlewares/ST/STM32_USB_Device_Library/Core/Src/usbd_core.o
                0x000000000800973c                USBD_ClrClassConfig
 .text.USBD_LL_SetupStage
                0x0000000008009762       0x9a ./Middlewares/ST/STM32_USB_Device_Library/Core/Src/usbd_core.o
                0x0000000008009762                USBD_LL_SetupStage
 .text.USBD_LL_DataOutStage
                0x00000000080097fc       0xe2 ./Middlewares/ST/STM32_USB_Device_Library/Core/Src/usbd_core.o
                0x00000000080097fc                USBD_LL_DataOutStage
 .text.USBD_LL_DataInStage
                0x00000000080098de      0x14a ./Middlewares/ST/STM32_USB_Device_Library/Core/Src/usbd_core.o
                0x00000000080098de                USBD_LL_DataInStage
 .text.USBD_LL_Reset
                0x0000000008009a28       0x82 ./Middlewares/ST/STM32_USB_Device_Library/Core/Src/usbd_core.o
                0x0000000008009a28                USBD_LL_Reset
 .text.USBD_LL_SetSpeed
                0x0000000008009aaa       0x1e ./Middlewares/ST/STM32_USB_Device_Library/Core/Src/usbd_core.o
                0x0000000008009aaa                USBD_LL_SetSpeed
 .text.USBD_LL_Suspend
                0x0000000008009ac8       0x28 ./Middlewares/ST/STM32_USB_Device_Library/Core/Src/usbd_core.o
                0x0000000008009ac8                USBD_LL_Suspend
 .text.USBD_LL_Resume
                0x0000000008009af0       0x2a ./Middlewares/ST/STM32_USB_Device_Library/Core/Src/usbd_core.o
                0x0000000008009af0                USBD_LL_Resume
 .text.USBD_LL_SOF
                0x0000000008009b1a       0x34 ./Middlewares/ST/STM32_USB_Device_Library/Core/Src/usbd_core.o
                0x0000000008009b1a                USBD_LL_SOF
 *fill*         0x0000000008009b4e        0x2 
 .text.USBD_StdDevReq
                0x0000000008009b50       0xd4 ./Middlewares/ST/STM32_USB_Device_Library/Core/Src/usbd_ctlreq.o
                0x0000000008009b50                USBD_StdDevReq
 .text.USBD_StdItfReq
                0x0000000008009c24       0x90 ./Middlewares/ST/STM32_USB_Device_Library/Core/Src/usbd_ctlreq.o
                0x0000000008009c24                USBD_StdItfReq
 .text.USBD_StdEPReq
                0x0000000008009cb4      0x2c6 ./Middlewares/ST/STM32_USB_Device_Library/Core/Src/usbd_ctlreq.o
                0x0000000008009cb4                USBD_StdEPReq
 *fill*         0x0000000008009f7a        0x2 
 .text.USBD_GetDescriptor
                0x0000000008009f7c      0x2d0 ./Middlewares/ST/STM32_USB_Device_Library/Core/Src/usbd_ctlreq.o
 .text.USBD_SetAddress
                0x000000000800a24c       0x86 ./Middlewares/ST/STM32_USB_Device_Library/Core/Src/usbd_ctlreq.o
 *fill*         0x000000000800a2d2        0x2 
 .text.USBD_SetConfig
                0x000000000800a2d4      0x11c ./Middlewares/ST/STM32_USB_Device_Library/Core/Src/usbd_ctlreq.o
 .text.USBD_GetConfig
                0x000000000800a3f0       0x6a ./Middlewares/ST/STM32_USB_Device_Library/Core/Src/usbd_ctlreq.o
 .text.USBD_GetStatus
                0x000000000800a45a       0x66 ./Middlewares/ST/STM32_USB_Device_Library/Core/Src/usbd_ctlreq.o
 .text.USBD_SetFeature
                0x000000000800a4c0       0x28 ./Middlewares/ST/STM32_USB_Device_Library/Core/Src/usbd_ctlreq.o
 .text.USBD_ClrFeature
                0x000000000800a4e8       0x42 ./Middlewares/ST/STM32_USB_Device_Library/Core/Src/usbd_ctlreq.o
 .text.USBD_ParseSetupRequest
                0x000000000800a52a       0x78 ./Middlewares/ST/STM32_USB_Device_Library/Core/Src/usbd_ctlreq.o
                0x000000000800a52a                USBD_ParseSetupRequest
 .text.USBD_CtlError
                0x000000000800a5a2       0x22 ./Middlewares/ST/STM32_USB_Device_Library/Core/Src/usbd_ctlreq.o
                0x000000000800a5a2                USBD_CtlError
 .text.USBD_GetString
                0x000000000800a5c4       0x84 ./Middlewares/ST/STM32_USB_Device_Library/Core/Src/usbd_ctlreq.o
                0x000000000800a5c4                USBD_GetString
 .text.USBD_GetLen
                0x000000000800a648       0x2e ./Middlewares/ST/STM32_USB_Device_Library/Core/Src/usbd_ctlreq.o
 .text.USBD_CtlSendData
                0x000000000800a676       0x38 ./Middlewares/ST/STM32_USB_Device_Library/Core/Src/usbd_ioreq.o
                0x000000000800a676                USBD_CtlSendData
 .text.USBD_CtlContinueSendData
                0x000000000800a6ae       0x24 ./Middlewares/ST/STM32_USB_Device_Library/Core/Src/usbd_ioreq.o
                0x000000000800a6ae                USBD_CtlContinueSendData
 .text.USBD_CtlPrepareRx
                0x000000000800a6d2       0x3c ./Middlewares/ST/STM32_USB_Device_Library/Core/Src/usbd_ioreq.o
                0x000000000800a6d2                USBD_CtlPrepareRx
 .text.USBD_CtlContinueRx
                0x000000000800a70e       0x24 ./Middlewares/ST/STM32_USB_Device_Library/Core/Src/usbd_ioreq.o
                0x000000000800a70e                USBD_CtlContinueRx
 .text.USBD_CtlSendStatus
                0x000000000800a732       0x26 ./Middlewares/ST/STM32_USB_Device_Library/Core/Src/usbd_ioreq.o
                0x000000000800a732                USBD_CtlSendStatus
 .text.USBD_CtlReceiveStatus
                0x000000000800a758       0x26 ./Middlewares/ST/STM32_USB_Device_Library/Core/Src/usbd_ioreq.o
                0x000000000800a758                USBD_CtlReceiveStatus
 *fill*         0x000000000800a77e        0x2 
 .text.MX_USB_DEVICE_Init
                0x000000000800a780       0x60 ./USB_DEVICE/App/usb_device.o
                0x000000000800a780                MX_USB_DEVICE_Init
 .text.CDC_Init_FS
                0x000000000800a7e0       0x28 ./USB_DEVICE/App/usbd_cdc_if.o
 .text.CDC_DeInit_FS
                0x000000000800a808        0xe ./USB_DEVICE/App/usbd_cdc_if.o
 *fill*         0x000000000800a816        0x2 
 .text.CDC_Control_FS
                0x000000000800a818       0xbc ./USB_DEVICE/App/usbd_cdc_if.o
 .text.CDC_Receive_FS
                0x000000000800a8d4       0x60 ./USB_DEVICE/App/usbd_cdc_if.o
 .text.CDC_Transmit_FS
                0x000000000800a934       0x4c ./USB_DEVICE/App/usbd_cdc_if.o
                0x000000000800a934                CDC_Transmit_FS
 .text.USBD_FS_DeviceDescriptor
                0x000000000800a980       0x24 ./USB_DEVICE/App/usbd_desc.o
                0x000000000800a980                USBD_FS_DeviceDescriptor
 .text.USBD_FS_LangIDStrDescriptor
                0x000000000800a9a4       0x24 ./USB_DEVICE/App/usbd_desc.o
                0x000000000800a9a4                USBD_FS_LangIDStrDescriptor
 .text.USBD_FS_ProductStrDescriptor
                0x000000000800a9c8       0x3c ./USB_DEVICE/App/usbd_desc.o
                0x000000000800a9c8                USBD_FS_ProductStrDescriptor
 .text.USBD_FS_ManufacturerStrDescriptor
                0x000000000800aa04       0x28 ./USB_DEVICE/App/usbd_desc.o
                0x000000000800aa04                USBD_FS_ManufacturerStrDescriptor
 .text.USBD_FS_SerialStrDescriptor
                0x000000000800aa2c       0x24 ./USB_DEVICE/App/usbd_desc.o
                0x000000000800aa2c                USBD_FS_SerialStrDescriptor
 .text.USBD_FS_ConfigStrDescriptor
                0x000000000800aa50       0x3c ./USB_DEVICE/App/usbd_desc.o
                0x000000000800aa50                USBD_FS_ConfigStrDescriptor
 .text.USBD_FS_InterfaceStrDescriptor
                0x000000000800aa8c       0x3c ./USB_DEVICE/App/usbd_desc.o
                0x000000000800aa8c                USBD_FS_InterfaceStrDescriptor
 .text.Get_SerialNum
                0x000000000800aac8       0x58 ./USB_DEVICE/App/usbd_desc.o
 .text.IntToUnicode
                0x000000000800ab20       0x7c ./USB_DEVICE/App/usbd_desc.o
 .text.HAL_PCD_MspInit
                0x000000000800ab9c       0x4c ./USB_DEVICE/Target/usbd_conf.o
                0x000000000800ab9c                HAL_PCD_MspInit
 .text.HAL_PCD_SetupStageCallback
                0x000000000800abe8       0x24 ./USB_DEVICE/Target/usbd_conf.o
                0x000000000800abe8                HAL_PCD_SetupStageCallback
 .text.HAL_PCD_DataOutStageCallback
                0x000000000800ac0c       0x36 ./USB_DEVICE/Target/usbd_conf.o
                0x000000000800ac0c                HAL_PCD_DataOutStageCallback
 .text.HAL_PCD_DataInStageCallback
                0x000000000800ac42       0x34 ./USB_DEVICE/Target/usbd_conf.o
                0x000000000800ac42                HAL_PCD_DataInStageCallback
 .text.HAL_PCD_SOFCallback
                0x000000000800ac76       0x1c ./USB_DEVICE/Target/usbd_conf.o
                0x000000000800ac76                HAL_PCD_SOFCallback
 .text.HAL_PCD_ResetCallback
                0x000000000800ac92       0x3c ./USB_DEVICE/Target/usbd_conf.o
                0x000000000800ac92                HAL_PCD_ResetCallback
 *fill*         0x000000000800acce        0x2 
 .text.HAL_PCD_SuspendCallback
                0x000000000800acd0       0x34 ./USB_DEVICE/Target/usbd_conf.o
                0x000000000800acd0                HAL_PCD_SuspendCallback
 .text.HAL_PCD_ResumeCallback
                0x000000000800ad04       0x1c ./USB_DEVICE/Target/usbd_conf.o
                0x000000000800ad04                HAL_PCD_ResumeCallback
 .text.USBD_LL_Init
                0x000000000800ad20       0xb4 ./USB_DEVICE/Target/usbd_conf.o
                0x000000000800ad20                USBD_LL_Init
 .text.USBD_LL_Start
                0x000000000800add4       0x36 ./USB_DEVICE/Target/usbd_conf.o
                0x000000000800add4                USBD_LL_Start
 .text.USBD_LL_OpenEP
                0x000000000800ae0a       0x4c ./USB_DEVICE/Target/usbd_conf.o
                0x000000000800ae0a                USBD_LL_OpenEP
 .text.USBD_LL_CloseEP
                0x000000000800ae56       0x3e ./USB_DEVICE/Target/usbd_conf.o
                0x000000000800ae56                USBD_LL_CloseEP
 .text.USBD_LL_StallEP
                0x000000000800ae94       0x3e ./USB_DEVICE/Target/usbd_conf.o
                0x000000000800ae94                USBD_LL_StallEP
 .text.USBD_LL_ClearStallEP
                0x000000000800aed2       0x3e ./USB_DEVICE/Target/usbd_conf.o
                0x000000000800aed2                USBD_LL_ClearStallEP
 .text.USBD_LL_IsStallEP
                0x000000000800af10       0x58 ./USB_DEVICE/Target/usbd_conf.o
                0x000000000800af10                USBD_LL_IsStallEP
 .text.USBD_LL_SetUSBAddress
                0x000000000800af68       0x3e ./USB_DEVICE/Target/usbd_conf.o
                0x000000000800af68                USBD_LL_SetUSBAddress
 .text.USBD_LL_Transmit
                0x000000000800afa6       0x46 ./USB_DEVICE/Target/usbd_conf.o
                0x000000000800afa6                USBD_LL_Transmit
 .text.USBD_LL_PrepareReceive
                0x000000000800afec       0x46 ./USB_DEVICE/Target/usbd_conf.o
                0x000000000800afec                USBD_LL_PrepareReceive
 .text.USBD_LL_GetRxDataSize
                0x000000000800b032       0x26 ./USB_DEVICE/Target/usbd_conf.o
                0x000000000800b032                USBD_LL_GetRxDataSize
 .text.USBD_static_malloc
                0x000000000800b058       0x18 ./USB_DEVICE/Target/usbd_conf.o
                0x000000000800b058                USBD_static_malloc
 .text.USBD_static_free
                0x000000000800b070       0x12 ./USB_DEVICE/Target/usbd_conf.o
                0x000000000800b070                USBD_static_free
 .text.HAL_PCDEx_SetConnectionState
                0x000000000800b082       0x16 ./USB_DEVICE/Target/usbd_conf.o
                0x000000000800b082                HAL_PCDEx_SetConnectionState
 .text.USBD_Get_USB_Status
                0x000000000800b098       0x58 ./USB_DEVICE/Target/usbd_conf.o
 .text.afe4404_RstSet
                0x000000000800b0f0       0x18 ./afe_lib/Src/f103.o
                0x000000000800b0f0                afe4404_RstSet
 .text.afe4404_RstReset
                0x000000000800b108       0x18 ./afe_lib/Src/f103.o
                0x000000000800b108                afe4404_RstReset
 .text.afe4404_I2C_Write
                0x000000000800b120       0x2c ./afe_lib/Src/f103.o
                0x000000000800b120                afe4404_I2C_Write
 .text.afe4404_I2C_Read
                0x000000000800b14c       0x44 ./afe_lib/Src/f103.o
                0x000000000800b14c                afe4404_I2C_Read
 .text.afe4404_Delay_ms
                0x000000000800b190       0x16 ./afe_lib/Src/f103.o
                0x000000000800b190                afe4404_Delay_ms
 .text.afe4404_send_results
                0x000000000800b1a6       0x78 ./afe_lib/Src/f103.o
                0x000000000800b1a6                afe4404_send_results
 .text.afe4404_send_preambula
                0x000000000800b21e       0x28 ./afe_lib/Src/f103.o
                0x000000000800b21e                afe4404_send_preambula
 *fill*         0x000000000800b246        0x2 
 .text.hr3_get_heartrate
                0x000000000800b248       0x50 ./afe_lib/Src/heartrate_3.o
                0x000000000800b248                hr3_get_heartrate
 .text.initStatHRM
                0x000000000800b298       0xe8 ./afe_lib/Src/heartrate_3.o
                0x000000000800b298                initStatHRM
 .text.statHRMAlgo
                0x000000000800b380      0x228 ./afe_lib/Src/heartrate_3.o
                0x000000000800b380                statHRMAlgo
 .text.updateWindow
                0x000000000800b5a8       0x4e ./afe_lib/Src/heartrate_3.o
                0x000000000800b5a8                updateWindow
 *fill*         0x000000000800b5f6        0x2 
 .text.chooseRate
                0x000000000800b5f8      0x10c ./afe_lib/Src/heartrate_3.o
                0x000000000800b5f8                chooseRate
 .text.updateHeartRate
                0x000000000800b704       0x76 ./afe_lib/Src/heartrate_3.o
                0x000000000800b704                updateHeartRate
 .text.findMax  0x000000000800b77a       0x48 ./afe_lib/Src/heartrate_3.o
                0x000000000800b77a                findMax
 .text.findMin  0x000000000800b7c2       0x48 ./afe_lib/Src/heartrate_3.o
                0x000000000800b7c2                findMin
 *fill*         0x000000000800b80a        0x2 
 .text.hr3_hal_init
                0x000000000800b80c       0x24 ./afe_lib/Src/heartrate_3_hal.o
                0x000000000800b80c                hr3_hal_init
 .text.hr3_hal_write
                0x000000000800b830       0xda ./afe_lib/Src/heartrate_3_hal.o
                0x000000000800b830                hr3_hal_write
 .text.hr3_hal_read
                0x000000000800b90a       0x28 ./afe_lib/Src/heartrate_3_hal.o
                0x000000000800b90a                hr3_hal_read
 .text.hr3_init
                0x000000000800b932      0x128 ./afe_lib/Src/heartrate_3_hw.o
                0x000000000800b932                hr3_init
 *fill*         0x000000000800ba5a        0x2 
 .text.hr3_set_settings
                0x000000000800ba5c       0x8c ./afe_lib/Src/heartrate_3_hw.o
                0x000000000800ba5c                hr3_set_settings
 .text.hr3_set_led2_sample_start_end
                0x000000000800bae8       0x7c ./afe_lib/Src/heartrate_3_hw.o
                0x000000000800bae8                hr3_set_led2_sample_start_end
 .text.hr3_set_led1_start_end
                0x000000000800bb64       0x7c ./afe_lib/Src/heartrate_3_hw.o
                0x000000000800bb64                hr3_set_led1_start_end
 .text.hr3_set_led3_sample_start_end
                0x000000000800bbe0       0x7c ./afe_lib/Src/heartrate_3_hw.o
                0x000000000800bbe0                hr3_set_led3_sample_start_end
 .text.hr3_set_led1_sample_start_end
                0x000000000800bc5c       0x7c ./afe_lib/Src/heartrate_3_hw.o
                0x000000000800bc5c                hr3_set_led1_sample_start_end
 .text.hr3_set_led2_start_end
                0x000000000800bcd8       0x7c ./afe_lib/Src/heartrate_3_hw.o
                0x000000000800bcd8                hr3_set_led2_start_end
 .text.hr3_set_amb1_sample_start_end
                0x000000000800bd54       0x7c ./afe_lib/Src/heartrate_3_hw.o
                0x000000000800bd54                hr3_set_amb1_sample_start_end
 .text.hr3_set_led2_convert_start_end
                0x000000000800bdd0       0x7c ./afe_lib/Src/heartrate_3_hw.o
                0x000000000800bdd0                hr3_set_led2_convert_start_end
 .text.hr3_set_led3_convert_start_end
                0x000000000800be4c       0x7c ./afe_lib/Src/heartrate_3_hw.o
                0x000000000800be4c                hr3_set_led3_convert_start_end
 .text.hr3_set_led1_convert_start_end
                0x000000000800bec8       0x7c ./afe_lib/Src/heartrate_3_hw.o
                0x000000000800bec8                hr3_set_led1_convert_start_end
 .text.hr3_set_amb1_convert_start_end
                0x000000000800bf44       0x7c ./afe_lib/Src/heartrate_3_hw.o
                0x000000000800bf44                hr3_set_amb1_convert_start_end
 .text.hr3_set_adc_reset0_start_end
                0x000000000800bfc0       0x7c ./afe_lib/Src/heartrate_3_hw.o
                0x000000000800bfc0                hr3_set_adc_reset0_start_end
 .text.hr3_set_adc_reset1_start_end
                0x000000000800c03c       0x7c ./afe_lib/Src/heartrate_3_hw.o
                0x000000000800c03c                hr3_set_adc_reset1_start_end
 .text.hr3_set_adc_reset2_start_end
                0x000000000800c0b8       0x7c ./afe_lib/Src/heartrate_3_hw.o
                0x000000000800c0b8                hr3_set_adc_reset2_start_end
 .text.hr3_set_adc_reset3_start_end
                0x000000000800c134       0x7c ./afe_lib/Src/heartrate_3_hw.o
                0x000000000800c134                hr3_set_adc_reset3_start_end
 .text.hr3_set_prpct_count
                0x000000000800c1b0       0x48 ./afe_lib/Src/heartrate_3_hw.o
                0x000000000800c1b0                hr3_set_prpct_count
 .text.hr3_set_timer_and_average_num
                0x000000000800c1f8       0x7c ./afe_lib/Src/heartrate_3_hw.o
                0x000000000800c1f8                hr3_set_timer_and_average_num
 .text.hr3_set_seperate_tia_gain
                0x000000000800c274       0xa4 ./afe_lib/Src/heartrate_3_hw.o
                0x000000000800c274                hr3_set_seperate_tia_gain
 .text.hr3_set_tia_gain
                0x000000000800c318       0xa8 ./afe_lib/Src/heartrate_3_hw.o
                0x000000000800c318                hr3_set_tia_gain
 .text.hr3_set_led_currents
                0x000000000800c3c0       0xa0 ./afe_lib/Src/heartrate_3_hw.o
                0x000000000800c3c0                hr3_set_led_currents
 .text.hr3_set_dynamic_settings
                0x000000000800c460       0xd0 ./afe_lib/Src/heartrate_3_hw.o
                0x000000000800c460                hr3_set_dynamic_settings
 .text.hr3_set_clkout_div
                0x000000000800c530       0x74 ./afe_lib/Src/heartrate_3_hw.o
                0x000000000800c530                hr3_set_clkout_div
 .text.hr3_get_led1_val
                0x000000000800c5a4       0x50 ./afe_lib/Src/heartrate_3_hw.o
                0x000000000800c5a4                hr3_get_led1_val
 .text.hr3_get_led2_val
                0x000000000800c5f4       0x50 ./afe_lib/Src/heartrate_3_hw.o
                0x000000000800c5f4                hr3_get_led2_val
 .text.hr3_get_led3_val
                0x000000000800c644       0x50 ./afe_lib/Src/heartrate_3_hw.o
                0x000000000800c644                hr3_get_led3_val
 .text.hr3_get_led1_amb1_val
                0x000000000800c694       0x5c ./afe_lib/Src/heartrate_3_hw.o
                0x000000000800c694                hr3_get_led1_amb1_val
 .text.hr3_set_pdn_cycle_start_end
                0x000000000800c6f0       0x7c ./afe_lib/Src/heartrate_3_hw.o
                0x000000000800c6f0                hr3_set_pdn_cycle_start_end
 .text.hr3_set_led3_start_stop
                0x000000000800c76c       0x7c ./afe_lib/Src/heartrate_3_hw.o
                0x000000000800c76c                hr3_set_led3_start_stop
 .text.hr3_set_int_clk_div
                0x000000000800c7e8       0x44 ./afe_lib/Src/heartrate_3_hw.o
                0x000000000800c7e8                hr3_set_int_clk_div
 .text.hr3_read_enable
                0x000000000800c82c       0x38 ./afe_lib/Src/heartrate_3_hw.o
                0x000000000800c82c                hr3_read_enable
 .text.hr3_read_disable
                0x000000000800c864       0x38 ./afe_lib/Src/heartrate_3_hw.o
                0x000000000800c864                hr3_read_disable
 .text.__errno  0x000000000800c89c        0xc c:/st/stm32cubeide_1.11.0/stm32cubeide/plugins/com.st.stm32cube.ide.mcu.externaltools.gnu-tools-for-stm32.10.3-2021.10.win32_1.0.100.202210260954/tools/bin/../lib/gcc/arm-none-eabi/10.3.1/../../../../arm-none-eabi/lib/thumb/v7-m/nofp\libc_nano.a(lib_a-errno.o)
                0x000000000800c89c                __errno
 .text.__libc_init_array
                0x000000000800c8a8       0x48 c:/st/stm32cubeide_1.11.0/stm32cubeide/plugins/com.st.stm32cube.ide.mcu.externaltools.gnu-tools-for-stm32.10.3-2021.10.win32_1.0.100.202210260954/tools/bin/../lib/gcc/arm-none-eabi/10.3.1/../../../../arm-none-eabi/lib/thumb/v7-m/nofp\libc_nano.a(lib_a-init.o)
                0x000000000800c8a8                __libc_init_array
 .text.malloc   0x000000000800c8f0       0x10 c:/st/stm32cubeide_1.11.0/stm32cubeide/plugins/com.st.stm32cube.ide.mcu.externaltools.gnu-tools-for-stm32.10.3-2021.10.win32_1.0.100.202210260954/tools/bin/../lib/gcc/arm-none-eabi/10.3.1/../../../../arm-none-eabi/lib/thumb/v7-m/nofp\libc_nano.a(lib_a-malloc.o)
                0x000000000800c8f0                malloc
 .text.memcpy   0x000000000800c900       0x1c c:/st/stm32cubeide_1.11.0/stm32cubeide/plugins/com.st.stm32cube.ide.mcu.externaltools.gnu-tools-for-stm32.10.3-2021.10.win32_1.0.100.202210260954/tools/bin/../lib/gcc/arm-none-eabi/10.3.1/../../../../arm-none-eabi/lib/thumb/v7-m/nofp\libc_nano.a(lib_a-memcpy-stub.o)
                0x000000000800c900                memcpy
 .text.memset   0x000000000800c91c       0x10 c:/st/stm32cubeide_1.11.0/stm32cubeide/plugins/com.st.stm32cube.ide.mcu.externaltools.gnu-tools-for-stm32.10.3-2021.10.win32_1.0.100.202210260954/tools/bin/../lib/gcc/arm-none-eabi/10.3.1/../../../../arm-none-eabi/lib/thumb/v7-m/nofp\libc_nano.a(lib_a-memset.o)
                0x000000000800c91c                memset
 .text.sbrk_aligned
                0x000000000800c92c       0x40 c:/st/stm32cubeide_1.11.0/stm32cubeide/plugins/com.st.stm32cube.ide.mcu.externaltools.gnu-tools-for-stm32.10.3-2021.10.win32_1.0.100.202210260954/tools/bin/../lib/gcc/arm-none-eabi/10.3.1/../../../../arm-none-eabi/lib/thumb/v7-m/nofp\libc_nano.a(lib_a-nano-mallocr.o)
 .text._malloc_r
                0x000000000800c96c       0xe8 c:/st/stm32cubeide_1.11.0/stm32cubeide/plugins/com.st.stm32cube.ide.mcu.externaltools.gnu-tools-for-stm32.10.3-2021.10.win32_1.0.100.202210260954/tools/bin/../lib/gcc/arm-none-eabi/10.3.1/../../../../arm-none-eabi/lib/thumb/v7-m/nofp\libc_nano.a(lib_a-nano-mallocr.o)
                0x000000000800c96c                _malloc_r
 .text._sbrk_r  0x000000000800ca54       0x20 c:/st/stm32cubeide_1.11.0/stm32cubeide/plugins/com.st.stm32cube.ide.mcu.externaltools.gnu-tools-for-stm32.10.3-2021.10.win32_1.0.100.202210260954/tools/bin/../lib/gcc/arm-none-eabi/10.3.1/../../../../arm-none-eabi/lib/thumb/v7-m/nofp\libc_nano.a(lib_a-sbrkr.o)
                0x000000000800ca54                _sbrk_r
 .text.__malloc_lock
                0x000000000800ca74        0xc c:/st/stm32cubeide_1.11.0/stm32cubeide/plugins/com.st.stm32cube.ide.mcu.externaltools.gnu-tools-for-stm32.10.3-2021.10.win32_1.0.100.202210260954/tools/bin/../lib/gcc/arm-none-eabi/10.3.1/../../../../arm-none-eabi/lib/thumb/v7-m/nofp\libc_nano.a(lib_a-mlock.o)
                0x000000000800ca74                __malloc_lock
 .text.__malloc_unlock
                0x000000000800ca80        0xc c:/st/stm32cubeide_1.11.0/stm32cubeide/plugins/com.st.stm32cube.ide.mcu.externaltools.gnu-tools-for-stm32.10.3-2021.10.win32_1.0.100.202210260954/tools/bin/../lib/gcc/arm-none-eabi/10.3.1/../../../../arm-none-eabi/lib/thumb/v7-m/nofp\libc_nano.a(lib_a-mlock.o)
                0x000000000800ca80                __malloc_unlock
 .text.__retarget_lock_acquire_recursive
                0x000000000800ca8c        0x2 c:/st/stm32cubeide_1.11.0/stm32cubeide/plugins/com.st.stm32cube.ide.mcu.externaltools.gnu-tools-for-stm32.10.3-2021.10.win32_1.0.100.202210260954/tools/bin/../lib/gcc/arm-none-eabi/10.3.1/../../../../arm-none-eabi/lib/thumb/v7-m/nofp\libc_nano.a(lib_a-lock.o)
                0x000000000800ca8c                __retarget_lock_acquire_recursive
 .text.__retarget_lock_release_recursive
                0x000000000800ca8e        0x2 c:/st/stm32cubeide_1.11.0/stm32cubeide/plugins/com.st.stm32cube.ide.mcu.externaltools.gnu-tools-for-stm32.10.3-2021.10.win32_1.0.100.202210260954/tools/bin/../lib/gcc/arm-none-eabi/10.3.1/../../../../arm-none-eabi/lib/thumb/v7-m/nofp\libc_nano.a(lib_a-lock.o)
                0x000000000800ca8e                __retarget_lock_release_recursive
 *(.glue_7)
 .glue_7        0x000000000800ca90        0x0 linker stubs
 *(.glue_7t)
 .glue_7t       0x000000000800ca90        0x0 linker stubs
 *(.eh_frame)
 .eh_frame      0x000000000800ca90        0x0 c:/st/stm32cubeide_1.11.0/stm32cubeide/plugins/com.st.stm32cube.ide.mcu.externaltools.gnu-tools-for-stm32.10.3-2021.10.win32_1.0.100.202210260954/tools/bin/../lib/gcc/arm-none-eabi/10.3.1/thumb/v7-m/nofp/crtbegin.o
 *(.init)
 .init          0x000000000800ca90        0x4 c:/st/stm32cubeide_1.11.0/stm32cubeide/plugins/com.st.stm32cube.ide.mcu.externaltools.gnu-tools-for-stm32.10.3-2021.10.win32_1.0.100.202210260954/tools/bin/../lib/gcc/arm-none-eabi/10.3.1/thumb/v7-m/nofp/crti.o
                0x000000000800ca90                _init
 .init          0x000000000800ca94        0x8 c:/st/stm32cubeide_1.11.0/stm32cubeide/plugins/com.st.stm32cube.ide.mcu.externaltools.gnu-tools-for-stm32.10.3-2021.10.win32_1.0.100.202210260954/tools/bin/../lib/gcc/arm-none-eabi/10.3.1/thumb/v7-m/nofp/crtn.o
 *(.fini)
 .fini          0x000000000800ca9c        0x4 c:/st/stm32cubeide_1.11.0/stm32cubeide/plugins/com.st.stm32cube.ide.mcu.externaltools.gnu-tools-for-stm32.10.3-2021.10.win32_1.0.100.202210260954/tools/bin/../lib/gcc/arm-none-eabi/10.3.1/thumb/v7-m/nofp/crti.o
                0x000000000800ca9c                _fini
 .fini          0x000000000800caa0        0x8 c:/st/stm32cubeide_1.11.0/stm32cubeide/plugins/com.st.stm32cube.ide.mcu.externaltools.gnu-tools-for-stm32.10.3-2021.10.win32_1.0.100.202210260954/tools/bin/../lib/gcc/arm-none-eabi/10.3.1/thumb/v7-m/nofp/crtn.o
                0x000000000800caa8                . = ALIGN (0x4)
                0x000000000800caa8                _etext = .

.vfp11_veneer   0x000000000800caa8        0x0
 .vfp11_veneer  0x000000000800caa8        0x0 linker stubs

.v4_bx          0x000000000800caa8        0x0
 .v4_bx         0x000000000800caa8        0x0 linker stubs

.iplt           0x000000000800caa8        0x0
 .iplt          0x000000000800caa8        0x0 c:/st/stm32cubeide_1.11.0/stm32cubeide/plugins/com.st.stm32cube.ide.mcu.externaltools.gnu-tools-for-stm32.10.3-2021.10.win32_1.0.100.202210260954/tools/bin/../lib/gcc/arm-none-eabi/10.3.1/thumb/v7-m/nofp/crtbegin.o

.rodata         0x000000000800caa8       0x74
                0x000000000800caa8                . = ALIGN (0x4)
 *(.rodata)
 .rodata        0x000000000800caa8       0x10 ./Drivers/STM32F1xx_HAL_Driver/Src/stm32f1xx_hal_rcc.o
 .rodata        0x000000000800cab8       0x46 ./USB_DEVICE/App/usbd_desc.o
 *fill*         0x000000000800cafe        0x2 
 .rodata        0x000000000800cb00        0x3 ./afe_lib/Src/heartrate_3_hw.o
 *(.rodata*)
 *fill*         0x000000000800cb03        0x1 
 .rodata.AHBPrescTable
                0x000000000800cb04       0x10 ./Core/Src/system_stm32f1xx.o
                0x000000000800cb04                AHBPrescTable
 .rodata.APBPrescTable
                0x000000000800cb14        0x8 ./Core/Src/system_stm32f1xx.o
                0x000000000800cb14                APBPrescTable
                0x000000000800cb1c                . = ALIGN (0x4)

.rel.dyn        0x000000000800cb1c        0x0
 .rel.iplt      0x000000000800cb1c        0x0 c:/st/stm32cubeide_1.11.0/stm32cubeide/plugins/com.st.stm32cube.ide.mcu.externaltools.gnu-tools-for-stm32.10.3-2021.10.win32_1.0.100.202210260954/tools/bin/../lib/gcc/arm-none-eabi/10.3.1/thumb/v7-m/nofp/crtbegin.o

.ARM.extab      0x000000000800cb1c        0x0
                0x000000000800cb1c                . = ALIGN (0x4)
 *(.ARM.extab* .gnu.linkonce.armextab.*)
                0x000000000800cb1c                . = ALIGN (0x4)

.ARM            0x000000000800cb1c        0x0
                0x000000000800cb1c                . = ALIGN (0x4)
                0x000000000800cb1c                __exidx_start = .
 *(.ARM.exidx*)
                0x000000000800cb1c                __exidx_end = .
                0x000000000800cb1c                . = ALIGN (0x4)

.preinit_array  0x000000000800cb1c        0x0
                0x000000000800cb1c                . = ALIGN (0x4)
                0x000000000800cb1c                PROVIDE (__preinit_array_start = .)
 *(.preinit_array*)
                0x000000000800cb1c                PROVIDE (__preinit_array_end = .)
                0x000000000800cb1c                . = ALIGN (0x4)

.init_array     0x000000000800cb1c        0x4
                0x000000000800cb1c                . = ALIGN (0x4)
                0x000000000800cb1c                PROVIDE (__init_array_start = .)
 *(SORT_BY_NAME(.init_array.*))
 *(.init_array*)
 .init_array    0x000000000800cb1c        0x4 c:/st/stm32cubeide_1.11.0/stm32cubeide/plugins/com.st.stm32cube.ide.mcu.externaltools.gnu-tools-for-stm32.10.3-2021.10.win32_1.0.100.202210260954/tools/bin/../lib/gcc/arm-none-eabi/10.3.1/thumb/v7-m/nofp/crtbegin.o
                0x000000000800cb20                PROVIDE (__init_array_end = .)
                0x000000000800cb20                . = ALIGN (0x4)

.fini_array     0x000000000800cb20        0x4
                0x000000000800cb20                . = ALIGN (0x4)
                [!provide]                        PROVIDE (__fini_array_start = .)
 *(SORT_BY_NAME(.fini_array.*))
 *(.fini_array*)
 .fini_array    0x000000000800cb20        0x4 c:/st/stm32cubeide_1.11.0/stm32cubeide/plugins/com.st.stm32cube.ide.mcu.externaltools.gnu-tools-for-stm32.10.3-2021.10.win32_1.0.100.202210260954/tools/bin/../lib/gcc/arm-none-eabi/10.3.1/thumb/v7-m/nofp/crtbegin.o
                [!provide]                        PROVIDE (__fini_array_end = .)
                0x000000000800cb24                . = ALIGN (0x4)
                0x000000000800cb24                _sidata = LOADADDR (.data)

.data           0x0000000020000000      0x1e4 load address 0x000000000800cb24
                0x0000000020000000                . = ALIGN (0x4)
                0x0000000020000000                _sdata = .
 *(.data)
 *(.data*)
 .data.command  0x0000000020000000        0x1 ./Core/Src/main.o
                0x0000000020000000                command
 *fill*         0x0000000020000001        0x3 
 .data.SystemCoreClock
                0x0000000020000004        0x4 ./Core/Src/system_stm32f1xx.o
                0x0000000020000004                SystemCoreClock
 .data.uwTickPrio
                0x0000000020000008        0x4 ./Drivers/STM32F1xx_HAL_Driver/Src/stm32f1xx_hal.o
                0x0000000020000008                uwTickPrio
 .data.uwTickFreq
                0x000000002000000c        0x1 ./Drivers/STM32F1xx_HAL_Driver/Src/stm32f1xx_hal.o
                0x000000002000000c                uwTickFreq
 *fill*         0x000000002000000d        0x3 
 .data.USBD_CDC_DeviceQualifierDesc
                0x0000000020000010        0xa ./Middlewares/ST/STM32_USB_Device_Library/Class/CDC/Src/usbd_cdc.o
 *fill*         0x000000002000001a        0x2 
 .data.USBD_CDC
                0x000000002000001c       0x38 ./Middlewares/ST/STM32_USB_Device_Library/Class/CDC/Src/usbd_cdc.o
                0x000000002000001c                USBD_CDC
 .data.USBD_CDC_CfgHSDesc
                0x0000000020000054       0x43 ./Middlewares/ST/STM32_USB_Device_Library/Class/CDC/Src/usbd_cdc.o
                0x0000000020000054                USBD_CDC_CfgHSDesc
 *fill*         0x0000000020000097        0x1 
 .data.USBD_CDC_CfgFSDesc
                0x0000000020000098       0x43 ./Middlewares/ST/STM32_USB_Device_Library/Class/CDC/Src/usbd_cdc.o
                0x0000000020000098                USBD_CDC_CfgFSDesc
 *fill*         0x00000000200000db        0x1 
 .data.USBD_CDC_OtherSpeedCfgDesc
                0x00000000200000dc       0x43 ./Middlewares/ST/STM32_USB_Device_Library/Class/CDC/Src/usbd_cdc.o
                0x00000000200000dc                USBD_CDC_OtherSpeedCfgDesc
 *fill*         0x000000002000011f        0x1 
 .data.USBD_Interface_fops_FS
                0x0000000020000120       0x10 ./USB_DEVICE/App/usbd_cdc_if.o
                0x0000000020000120                USBD_Interface_fops_FS
 .data.FS_Desc  0x0000000020000130       0x1c ./USB_DEVICE/App/usbd_desc.o
                0x0000000020000130                FS_Desc
 .data.USBD_FS_DeviceDesc
                0x000000002000014c       0x12 ./USB_DEVICE/App/usbd_desc.o
                0x000000002000014c                USBD_FS_DeviceDesc
 *fill*         0x000000002000015e        0x2 
 .data.USBD_LangIDDesc
                0x0000000020000160        0x4 ./USB_DEVICE/App/usbd_desc.o
                0x0000000020000160                USBD_LangIDDesc
 .data.USBD_StringSerial
                0x0000000020000164       0x1a ./USB_DEVICE/App/usbd_desc.o
                0x0000000020000164                USBD_StringSerial
 *fill*         0x000000002000017e        0x2 
 .data._impure_ptr
                0x0000000020000180        0x4 c:/st/stm32cubeide_1.11.0/stm32cubeide/plugins/com.st.stm32cube.ide.mcu.externaltools.gnu-tools-for-stm32.10.3-2021.10.win32_1.0.100.202210260954/tools/bin/../lib/gcc/arm-none-eabi/10.3.1/../../../../arm-none-eabi/lib/thumb/v7-m/nofp\libc_nano.a(lib_a-impure.o)
                0x0000000020000180                _impure_ptr
 .data.impure_data
                0x0000000020000184       0x60 c:/st/stm32cubeide_1.11.0/stm32cubeide/plugins/com.st.stm32cube.ide.mcu.externaltools.gnu-tools-for-stm32.10.3-2021.10.win32_1.0.100.202210260954/tools/bin/../lib/gcc/arm-none-eabi/10.3.1/../../../../arm-none-eabi/lib/thumb/v7-m/nofp\libc_nano.a(lib_a-impure.o)
 *(.RamFunc)
 *(.RamFunc*)
                0x00000000200001e4                . = ALIGN (0x4)
                0x00000000200001e4                _edata = .

.igot.plt       0x00000000200001e4        0x0 load address 0x000000000800cd08
 .igot.plt      0x00000000200001e4        0x0 c:/st/stm32cubeide_1.11.0/stm32cubeide/plugins/com.st.stm32cube.ide.mcu.externaltools.gnu-tools-for-stm32.10.3-2021.10.win32_1.0.100.202210260954/tools/bin/../lib/gcc/arm-none-eabi/10.3.1/thumb/v7-m/nofp/crtbegin.o
                0x00000000200001e4                . = ALIGN (0x4)

.bss            0x00000000200001e4     0x13e0 load address 0x000000000800cd08
                0x00000000200001e4                _sbss = .
                0x00000000200001e4                __bss_start__ = _sbss
 *(.bss)
 .bss           0x00000000200001e4       0x1c c:/st/stm32cubeide_1.11.0/stm32cubeide/plugins/com.st.stm32cube.ide.mcu.externaltools.gnu-tools-for-stm32.10.3-2021.10.win32_1.0.100.202210260954/tools/bin/../lib/gcc/arm-none-eabi/10.3.1/thumb/v7-m/nofp/crtbegin.o
 *(.bss*)
 .bss.hi2c1     0x0000000020000200       0x54 ./Core/Src/main.o
                0x0000000020000200                hi2c1
 .bss.hi2c2     0x0000000020000254       0x54 ./Core/Src/main.o
                0x0000000020000254                hi2c2
 .bss.htim2     0x00000000200002a8       0x48 ./Core/Src/main.o
                0x00000000200002a8                htim2
 .bss.SM_Case   0x00000000200002f0        0x1 ./Core/Src/main.o
                0x00000000200002f0                SM_Case
 *fill*         0x00000000200002f1        0x3 
 .bss.FIFO_buf  0x00000000200002f4        0x4 ./Core/Src/main.o
                0x00000000200002f4                FIFO_buf
 .bss.adc1_rdy  0x00000000200002f8        0x1 ./Core/Src/main.o
                0x00000000200002f8                adc1_rdy
 .bss.adc2_rdy  0x00000000200002f9        0x1 ./Core/Src/main.o
                0x00000000200002f9                adc2_rdy
 *fill*         0x00000000200002fa        0x2 
 .bss.cur_i2c   0x00000000200002fc       0x54 ./Core/Src/main.o
                0x00000000200002fc                cur_i2c
 .bss.__sbrk_heap_end
                0x0000000020000350        0x4 ./Core/Src/sysmem.o
 .bss.uwTick    0x0000000020000354        0x4 ./Drivers/STM32F1xx_HAL_Driver/Src/stm32f1xx_hal.o
                0x0000000020000354                uwTick
 .bss.cfgidx.0  0x0000000020000358        0x1 ./Middlewares/ST/STM32_USB_Device_Library/Core/Src/usbd_ctlreq.o
 *fill*         0x0000000020000359        0x3 
 .bss.hUsbDeviceFS
                0x000000002000035c      0x2c4 ./USB_DEVICE/App/usb_device.o
                0x000000002000035c                hUsbDeviceFS
 .bss.UserRxBufferFS
                0x0000000020000620      0x400 ./USB_DEVICE/App/usbd_cdc_if.o
                0x0000000020000620                UserRxBufferFS
 .bss.UserTxBufferFS
                0x0000000020000a20      0x400 ./USB_DEVICE/App/usbd_cdc_if.o
                0x0000000020000a20                UserTxBufferFS
 .bss.USBD_StrDesc
                0x0000000020000e20      0x200 ./USB_DEVICE/App/usbd_desc.o
                0x0000000020000e20                USBD_StrDesc
 .bss.hpcd_USB_FS
                0x0000000020001020      0x2ec ./USB_DEVICE/Target/usbd_conf.o
                0x0000000020001020                hpcd_USB_FS
 .bss.mem.0     0x000000002000130c      0x220 ./USB_DEVICE/Target/usbd_conf.o
 .bss.peakWindowHP
                0x000000002000152c       0x54 ./afe_lib/Src/heartrate_3.o
                0x000000002000152c                peakWindowHP
 .bss.lastOnsetValueLED1
                0x0000000020001580        0x4 ./afe_lib/Src/heartrate_3.o
                0x0000000020001580                lastOnsetValueLED1
 .bss.lastPeakValueLED1
                0x0000000020001584        0x4 ./afe_lib/Src/heartrate_3.o
                0x0000000020001584                lastPeakValueLED1
 .bss.HR        0x0000000020001588        0xc ./afe_lib/Src/heartrate_3.o
                0x0000000020001588                HR
 .bss.HeartRate
                0x0000000020001594        0x1 ./afe_lib/Src/heartrate_3.o
                0x0000000020001594                HeartRate
 .bss.temp      0x0000000020001595        0x1 ./afe_lib/Src/heartrate_3.o
                0x0000000020001595                temp
 *fill*         0x0000000020001596        0x2 
 .bss.lastPeak  0x0000000020001598        0x4 ./afe_lib/Src/heartrate_3.o
                0x0000000020001598                lastPeak
 .bss.lastOnset
                0x000000002000159c        0x4 ./afe_lib/Src/heartrate_3.o
                0x000000002000159c                lastOnset
 .bss.movingWindowHP
                0x00000000200015a0        0x4 ./afe_lib/Src/heartrate_3.o
                0x00000000200015a0                movingWindowHP
 .bss.ispeak    0x00000000200015a4        0x1 ./afe_lib/Src/heartrate_3.o
                0x00000000200015a4                ispeak
 .bss.movingWindowCount
                0x00000000200015a5        0x1 ./afe_lib/Src/heartrate_3.o
                0x00000000200015a5                movingWindowCount
 .bss.movingWindowSize
                0x00000000200015a6        0x1 ./afe_lib/Src/heartrate_3.o
                0x00000000200015a6                movingWindowSize
 .bss.smallest  0x00000000200015a7        0x1 ./afe_lib/Src/heartrate_3.o
                0x00000000200015a7                smallest
 .bss.foundPeak
                0x00000000200015a8        0x1 ./afe_lib/Src/heartrate_3.o
                0x00000000200015a8                foundPeak
 .bss.totalFoundPeak
                0x00000000200015a9        0x1 ./afe_lib/Src/heartrate_3.o
                0x00000000200015a9                totalFoundPeak
 *fill*         0x00000000200015aa        0x2 
 .bss.frequency
                0x00000000200015ac        0x4 ./afe_lib/Src/heartrate_3.o
                0x00000000200015ac                frequency
 .bss._i2c_hw_address
                0x00000000200015b0        0x1 ./afe_lib/Src/heartrate_3_hal.o
 *fill*         0x00000000200015b1        0x3 
 .bss.__malloc_free_list
                0x00000000200015b4        0x4 c:/st/stm32cubeide_1.11.0/stm32cubeide/plugins/com.st.stm32cube.ide.mcu.externaltools.gnu-tools-for-stm32.10.3-2021.10.win32_1.0.100.202210260954/tools/bin/../lib/gcc/arm-none-eabi/10.3.1/../../../../arm-none-eabi/lib/thumb/v7-m/nofp\libc_nano.a(lib_a-nano-mallocr.o)
                0x00000000200015b4                __malloc_free_list
 .bss.__malloc_sbrk_start
                0x00000000200015b8        0x4 c:/st/stm32cubeide_1.11.0/stm32cubeide/plugins/com.st.stm32cube.ide.mcu.externaltools.gnu-tools-for-stm32.10.3-2021.10.win32_1.0.100.202210260954/tools/bin/../lib/gcc/arm-none-eabi/10.3.1/../../../../arm-none-eabi/lib/thumb/v7-m/nofp\libc_nano.a(lib_a-nano-mallocr.o)
                0x00000000200015b8                __malloc_sbrk_start
 .bss.errno     0x00000000200015bc        0x4 c:/st/stm32cubeide_1.11.0/stm32cubeide/plugins/com.st.stm32cube.ide.mcu.externaltools.gnu-tools-for-stm32.10.3-2021.10.win32_1.0.100.202210260954/tools/bin/../lib/gcc/arm-none-eabi/10.3.1/../../../../arm-none-eabi/lib/thumb/v7-m/nofp\libc_nano.a(lib_a-reent.o)
                0x00000000200015bc                errno
 .bss.__lock___malloc_recursive_mutex
                0x00000000200015c0        0x1 c:/st/stm32cubeide_1.11.0/stm32cubeide/plugins/com.st.stm32cube.ide.mcu.externaltools.gnu-tools-for-stm32.10.3-2021.10.win32_1.0.100.202210260954/tools/bin/../lib/gcc/arm-none-eabi/10.3.1/../../../../arm-none-eabi/lib/thumb/v7-m/nofp\libc_nano.a(lib_a-lock.o)
                0x00000000200015c0                __lock___malloc_recursive_mutex
 *(COMMON)
                0x00000000200015c4                . = ALIGN (0x4)
 *fill*         0x00000000200015c1        0x3 
                0x00000000200015c4                _ebss = .
                0x00000000200015c4                __bss_end__ = _ebss

._user_heap_stack
                0x00000000200015c4      0x604 load address 0x000000000800cd08
                0x00000000200015c8                . = ALIGN (0x8)
 *fill*         0x00000000200015c4        0x4 
                [!provide]                        PROVIDE (end = .)
                0x00000000200015c8                PROVIDE (_end = .)
                0x00000000200017c8                . = (. + _Min_Heap_Size)
 *fill*         0x00000000200015c8      0x200 
                0x0000000020001bc8                . = (. + _Min_Stack_Size)
 *fill*         0x00000000200017c8      0x400 
                0x0000000020001bc8                . = ALIGN (0x8)

/DISCARD/
 libc.a(*)
 libm.a(*)
 libgcc.a(*)

.ARM.attributes
                0x0000000000000000       0x29
 *(.ARM.attributes)
 .ARM.attributes
                0x0000000000000000       0x1d c:/st/stm32cubeide_1.11.0/stm32cubeide/plugins/com.st.stm32cube.ide.mcu.externaltools.gnu-tools-for-stm32.10.3-2021.10.win32_1.0.100.202210260954/tools/bin/../lib/gcc/arm-none-eabi/10.3.1/thumb/v7-m/nofp/crti.o
 .ARM.attributes
                0x000000000000001d       0x2d c:/st/stm32cubeide_1.11.0/stm32cubeide/plugins/com.st.stm32cube.ide.mcu.externaltools.gnu-tools-for-stm32.10.3-2021.10.win32_1.0.100.202210260954/tools/bin/../lib/gcc/arm-none-eabi/10.3.1/thumb/v7-m/nofp/crtbegin.o
 .ARM.attributes
                0x000000000000004a       0x2d ./Buffer/Src/Buffer.o
 .ARM.attributes
                0x0000000000000077       0x2d ./Core/Src/main.o
 .ARM.attributes
                0x00000000000000a4       0x2d ./Core/Src/stm32f1xx_hal_msp.o
 .ARM.attributes
                0x00000000000000d1       0x2d ./Core/Src/stm32f1xx_it.o
 .ARM.attributes
                0x00000000000000fe       0x2d ./Core/Src/sysmem.o
 .ARM.attributes
                0x000000000000012b       0x2d ./Core/Src/system_stm32f1xx.o
 .ARM.attributes
                0x0000000000000158       0x21 ./Core/Startup/startup_stm32f103c8tx.o
 .ARM.attributes
                0x0000000000000179       0x2d ./Drivers/STM32F1xx_HAL_Driver/Src/stm32f1xx_hal.o
 .ARM.attributes
                0x00000000000001a6       0x2d ./Drivers/STM32F1xx_HAL_Driver/Src/stm32f1xx_hal_cortex.o
 .ARM.attributes
                0x00000000000001d3       0x2d ./Drivers/STM32F1xx_HAL_Driver/Src/stm32f1xx_hal_dma.o
 .ARM.attributes
                0x0000000000000200       0x2d ./Drivers/STM32F1xx_HAL_Driver/Src/stm32f1xx_hal_gpio.o
 .ARM.attributes
                0x000000000000022d       0x2d ./Drivers/STM32F1xx_HAL_Driver/Src/stm32f1xx_hal_i2c.o
 .ARM.attributes
                0x000000000000025a       0x2d ./Drivers/STM32F1xx_HAL_Driver/Src/stm32f1xx_hal_pcd.o
 .ARM.attributes
                0x0000000000000287       0x2d ./Drivers/STM32F1xx_HAL_Driver/Src/stm32f1xx_hal_pcd_ex.o
 .ARM.attributes
                0x00000000000002b4       0x2d ./Drivers/STM32F1xx_HAL_Driver/Src/stm32f1xx_hal_rcc.o
 .ARM.attributes
                0x00000000000002e1       0x2d ./Drivers/STM32F1xx_HAL_Driver/Src/stm32f1xx_hal_rcc_ex.o
 .ARM.attributes
                0x000000000000030e       0x2d ./Drivers/STM32F1xx_HAL_Driver/Src/stm32f1xx_hal_tim.o
 .ARM.attributes
                0x000000000000033b       0x2d ./Drivers/STM32F1xx_HAL_Driver/Src/stm32f1xx_hal_tim_ex.o
 .ARM.attributes
                0x0000000000000368       0x2d ./Drivers/STM32F1xx_HAL_Driver/Src/stm32f1xx_ll_usb.o
 .ARM.attributes
                0x0000000000000395       0x2d ./Middlewares/ST/STM32_USB_Device_Library/Class/CDC/Src/usbd_cdc.o
 .ARM.attributes
                0x00000000000003c2       0x2d ./Middlewares/ST/STM32_USB_Device_Library/Core/Src/usbd_core.o
 .ARM.attributes
                0x00000000000003ef       0x2d ./Middlewares/ST/STM32_USB_Device_Library/Core/Src/usbd_ctlreq.o
 .ARM.attributes
                0x000000000000041c       0x2d ./Middlewares/ST/STM32_USB_Device_Library/Core/Src/usbd_ioreq.o
 .ARM.attributes
                0x0000000000000449       0x2d ./USB_DEVICE/App/usb_device.o
 .ARM.attributes
                0x0000000000000476       0x2d ./USB_DEVICE/App/usbd_cdc_if.o
 .ARM.attributes
                0x00000000000004a3       0x2d ./USB_DEVICE/App/usbd_desc.o
 .ARM.attributes
                0x00000000000004d0       0x2d ./USB_DEVICE/Target/usbd_conf.o
 .ARM.attributes
                0x00000000000004fd       0x2d ./afe_lib/Src/f103.o
 .ARM.attributes
                0x000000000000052a       0x2d ./afe_lib/Src/heartrate_3.o
 .ARM.attributes
                0x0000000000000557       0x2d ./afe_lib/Src/heartrate_3_hal.o
 .ARM.attributes
                0x0000000000000584       0x2d ./afe_lib/Src/heartrate_3_hw.o
 .ARM.attributes
                0x00000000000005b1       0x2d c:/st/stm32cubeide_1.11.0/stm32cubeide/plugins/com.st.stm32cube.ide.mcu.externaltools.gnu-tools-for-stm32.10.3-2021.10.win32_1.0.100.202210260954/tools/bin/../lib/gcc/arm-none-eabi/10.3.1/../../../../arm-none-eabi/lib/thumb/v7-m/nofp\libc_nano.a(lib_a-errno.o)
 .ARM.attributes
                0x00000000000005de       0x2d c:/st/stm32cubeide_1.11.0/stm32cubeide/plugins/com.st.stm32cube.ide.mcu.externaltools.gnu-tools-for-stm32.10.3-2021.10.win32_1.0.100.202210260954/tools/bin/../lib/gcc/arm-none-eabi/10.3.1/../../../../arm-none-eabi/lib/thumb/v7-m/nofp\libc_nano.a(lib_a-impure.o)
 .ARM.attributes
                0x000000000000060b       0x2d c:/st/stm32cubeide_1.11.0/stm32cubeide/plugins/com.st.stm32cube.ide.mcu.externaltools.gnu-tools-for-stm32.10.3-2021.10.win32_1.0.100.202210260954/tools/bin/../lib/gcc/arm-none-eabi/10.3.1/../../../../arm-none-eabi/lib/thumb/v7-m/nofp\libc_nano.a(lib_a-init.o)
 .ARM.attributes
                0x0000000000000638       0x2d c:/st/stm32cubeide_1.11.0/stm32cubeide/plugins/com.st.stm32cube.ide.mcu.externaltools.gnu-tools-for-stm32.10.3-2021.10.win32_1.0.100.202210260954/tools/bin/../lib/gcc/arm-none-eabi/10.3.1/../../../../arm-none-eabi/lib/thumb/v7-m/nofp\libc_nano.a(lib_a-malloc.o)
 .ARM.attributes
                0x0000000000000665       0x2d c:/st/stm32cubeide_1.11.0/stm32cubeide/plugins/com.st.stm32cube.ide.mcu.externaltools.gnu-tools-for-stm32.10.3-2021.10.win32_1.0.100.202210260954/tools/bin/../lib/gcc/arm-none-eabi/10.3.1/../../../../arm-none-eabi/lib/thumb/v7-m/nofp\libc_nano.a(lib_a-memcpy-stub.o)
 .ARM.attributes
                0x0000000000000692       0x2d c:/st/stm32cubeide_1.11.0/stm32cubeide/plugins/com.st.stm32cube.ide.mcu.externaltools.gnu-tools-for-stm32.10.3-2021.10.win32_1.0.100.202210260954/tools/bin/../lib/gcc/arm-none-eabi/10.3.1/../../../../arm-none-eabi/lib/thumb/v7-m/nofp\libc_nano.a(lib_a-memset.o)
 .ARM.attributes
                0x00000000000006bf       0x2d c:/st/stm32cubeide_1.11.0/stm32cubeide/plugins/com.st.stm32cube.ide.mcu.externaltools.gnu-tools-for-stm32.10.3-2021.10.win32_1.0.100.202210260954/tools/bin/../lib/gcc/arm-none-eabi/10.3.1/../../../../arm-none-eabi/lib/thumb/v7-m/nofp\libc_nano.a(lib_a-nano-mallocr.o)
 .ARM.attributes
                0x00000000000006ec       0x2d c:/st/stm32cubeide_1.11.0/stm32cubeide/plugins/com.st.stm32cube.ide.mcu.externaltools.gnu-tools-for-stm32.10.3-2021.10.win32_1.0.100.202210260954/tools/bin/../lib/gcc/arm-none-eabi/10.3.1/../../../../arm-none-eabi/lib/thumb/v7-m/nofp\libc_nano.a(lib_a-sbrkr.o)
 .ARM.attributes
                0x0000000000000719       0x2d c:/st/stm32cubeide_1.11.0/stm32cubeide/plugins/com.st.stm32cube.ide.mcu.externaltools.gnu-tools-for-stm32.10.3-2021.10.win32_1.0.100.202210260954/tools/bin/../lib/gcc/arm-none-eabi/10.3.1/../../../../arm-none-eabi/lib/thumb/v7-m/nofp\libc_nano.a(lib_a-mlock.o)
 .ARM.attributes
                0x0000000000000746       0x2d c:/st/stm32cubeide_1.11.0/stm32cubeide/plugins/com.st.stm32cube.ide.mcu.externaltools.gnu-tools-for-stm32.10.3-2021.10.win32_1.0.100.202210260954/tools/bin/../lib/gcc/arm-none-eabi/10.3.1/../../../../arm-none-eabi/lib/thumb/v7-m/nofp\libc_nano.a(lib_a-reent.o)
 .ARM.attributes
                0x0000000000000773       0x2d c:/st/stm32cubeide_1.11.0/stm32cubeide/plugins/com.st.stm32cube.ide.mcu.externaltools.gnu-tools-for-stm32.10.3-2021.10.win32_1.0.100.202210260954/tools/bin/../lib/gcc/arm-none-eabi/10.3.1/../../../../arm-none-eabi/lib/thumb/v7-m/nofp\libc_nano.a(lib_a-lock.o)
 .ARM.attributes
                0x00000000000007a0       0x1d c:/st/stm32cubeide_1.11.0/stm32cubeide/plugins/com.st.stm32cube.ide.mcu.externaltools.gnu-tools-for-stm32.10.3-2021.10.win32_1.0.100.202210260954/tools/bin/../lib/gcc/arm-none-eabi/10.3.1/thumb/v7-m/nofp/crtn.o
OUTPUT(afe4404.elf elf32-littlearm)
LOAD linker stubs
LOAD c:/st/stm32cubeide_1.11.0/stm32cubeide/plugins/com.st.stm32cube.ide.mcu.externaltools.gnu-tools-for-stm32.10.3-2021.10.win32_1.0.100.202210260954/tools/bin/../lib/gcc/arm-none-eabi/10.3.1/../../../../arm-none-eabi/lib/thumb/v7-m/nofp\libc.a
LOAD c:/st/stm32cubeide_1.11.0/stm32cubeide/plugins/com.st.stm32cube.ide.mcu.externaltools.gnu-tools-for-stm32.10.3-2021.10.win32_1.0.100.202210260954/tools/bin/../lib/gcc/arm-none-eabi/10.3.1/../../../../arm-none-eabi/lib/thumb/v7-m/nofp\libm.a
LOAD c:/st/stm32cubeide_1.11.0/stm32cubeide/plugins/com.st.stm32cube.ide.mcu.externaltools.gnu-tools-for-stm32.10.3-2021.10.win32_1.0.100.202210260954/tools/bin/../lib/gcc/arm-none-eabi/10.3.1/thumb/v7-m/nofp\libgcc.a

.debug_info     0x0000000000000000    0x1809d
 .debug_info    0x0000000000000000      0x27d ./Buffer/Src/Buffer.o
 .debug_info    0x000000000000027d     0x15d4 ./Core/Src/main.o
 .debug_info    0x0000000000001851      0xe43 ./Core/Src/stm32f1xx_hal_msp.o
 .debug_info    0x0000000000002694      0xbf9 ./Core/Src/stm32f1xx_it.o
 .debug_info    0x000000000000328d      0x171 ./Core/Src/sysmem.o
 .debug_info    0x00000000000033fe      0x23d ./Core/Src/system_stm32f1xx.o
 .debug_info    0x000000000000363b       0x22 ./Core/Startup/startup_stm32f103c8tx.o
 .debug_info    0x000000000000365d      0x734 ./Drivers/STM32F1xx_HAL_Driver/Src/stm32f1xx_hal.o
 .debug_info    0x0000000000003d91      0xb20 ./Drivers/STM32F1xx_HAL_Driver/Src/stm32f1xx_hal_cortex.o
 .debug_info    0x00000000000048b1      0x73f ./Drivers/STM32F1xx_HAL_Driver/Src/stm32f1xx_hal_dma.o
 .debug_info    0x0000000000004ff0      0x615 ./Drivers/STM32F1xx_HAL_Driver/Src/stm32f1xx_hal_gpio.o
 .debug_info    0x0000000000005605     0x2734 ./Drivers/STM32F1xx_HAL_Driver/Src/stm32f1xx_hal_i2c.o
 .debug_info    0x0000000000007d39     0x16ab ./Drivers/STM32F1xx_HAL_Driver/Src/stm32f1xx_hal_pcd.o
 .debug_info    0x00000000000093e4      0x728 ./Drivers/STM32F1xx_HAL_Driver/Src/stm32f1xx_hal_pcd_ex.o
 .debug_info    0x0000000000009b0c      0x860 ./Drivers/STM32F1xx_HAL_Driver/Src/stm32f1xx_hal_rcc.o
 .debug_info    0x000000000000a36c      0x3e0 ./Drivers/STM32F1xx_HAL_Driver/Src/stm32f1xx_hal_rcc_ex.o
 .debug_info    0x000000000000a74c     0x29de ./Drivers/STM32F1xx_HAL_Driver/Src/stm32f1xx_hal_tim.o
 .debug_info    0x000000000000d12a     0x1513 ./Drivers/STM32F1xx_HAL_Driver/Src/stm32f1xx_hal_tim_ex.o
 .debug_info    0x000000000000e63d     0x190d ./Drivers/STM32F1xx_HAL_Driver/Src/stm32f1xx_ll_usb.o
 .debug_info    0x000000000000ff4a     0x10f8 ./Middlewares/ST/STM32_USB_Device_Library/Class/CDC/Src/usbd_cdc.o
 .debug_info    0x0000000000011042      0xb09 ./Middlewares/ST/STM32_USB_Device_Library/Core/Src/usbd_core.o
 .debug_info    0x0000000000011b4b      0x9bd ./Middlewares/ST/STM32_USB_Device_Library/Core/Src/usbd_ctlreq.o
 .debug_info    0x0000000000012508      0x71c ./Middlewares/ST/STM32_USB_Device_Library/Core/Src/usbd_ioreq.o
 .debug_info    0x0000000000012c24      0x680 ./USB_DEVICE/App/usb_device.o
 .debug_info    0x00000000000132a4      0x8f6 ./USB_DEVICE/App/usbd_cdc_if.o
 .debug_info    0x0000000000013b9a      0x48b ./USB_DEVICE/App/usbd_desc.o
 .debug_info    0x0000000000014025     0x193c ./USB_DEVICE/Target/usbd_conf.o
 .debug_info    0x0000000000015961      0x8db ./afe_lib/Src/f103.o
 .debug_info    0x000000000001623c      0x4e8 ./afe_lib/Src/heartrate_3.o
 .debug_info    0x0000000000016724      0x280 ./afe_lib/Src/heartrate_3_hal.o
 .debug_info    0x00000000000169a4     0x16f9 ./afe_lib/Src/heartrate_3_hw.o

.debug_abbrev   0x0000000000000000     0x3c86
 .debug_abbrev  0x0000000000000000      0x14f ./Buffer/Src/Buffer.o
 .debug_abbrev  0x000000000000014f      0x2f5 ./Core/Src/main.o
 .debug_abbrev  0x0000000000000444      0x1e1 ./Core/Src/stm32f1xx_hal_msp.o
 .debug_abbrev  0x0000000000000625      0x1d1 ./Core/Src/stm32f1xx_it.o
 .debug_abbrev  0x00000000000007f6       0xbb ./Core/Src/sysmem.o
 .debug_abbrev  0x00000000000008b1      0x13b ./Core/Src/system_stm32f1xx.o
 .debug_abbrev  0x00000000000009ec       0x12 ./Core/Startup/startup_stm32f103c8tx.o
 .debug_abbrev  0x00000000000009fe      0x1fb ./Drivers/STM32F1xx_HAL_Driver/Src/stm32f1xx_hal.o
 .debug_abbrev  0x0000000000000bf9      0x2ed ./Drivers/STM32F1xx_HAL_Driver/Src/stm32f1xx_hal_cortex.o
 .debug_abbrev  0x0000000000000ee6      0x1fe ./Drivers/STM32F1xx_HAL_Driver/Src/stm32f1xx_hal_dma.o
 .debug_abbrev  0x00000000000010e4      0x1bb ./Drivers/STM32F1xx_HAL_Driver/Src/stm32f1xx_hal_gpio.o
 .debug_abbrev  0x000000000000129f      0x288 ./Drivers/STM32F1xx_HAL_Driver/Src/stm32f1xx_hal_i2c.o
 .debug_abbrev  0x0000000000001527      0x2b9 ./Drivers/STM32F1xx_HAL_Driver/Src/stm32f1xx_hal_pcd.o
 .debug_abbrev  0x00000000000017e0      0x17f ./Drivers/STM32F1xx_HAL_Driver/Src/stm32f1xx_hal_pcd_ex.o
 .debug_abbrev  0x000000000000195f      0x2a8 ./Drivers/STM32F1xx_HAL_Driver/Src/stm32f1xx_hal_rcc.o
 .debug_abbrev  0x0000000000001c07      0x182 ./Drivers/STM32F1xx_HAL_Driver/Src/stm32f1xx_hal_rcc_ex.o
 .debug_abbrev  0x0000000000001d89      0x25d ./Drivers/STM32F1xx_HAL_Driver/Src/stm32f1xx_hal_tim.o
 .debug_abbrev  0x0000000000001fe6      0x265 ./Drivers/STM32F1xx_HAL_Driver/Src/stm32f1xx_hal_tim_ex.o
 .debug_abbrev  0x000000000000224b      0x1cd ./Drivers/STM32F1xx_HAL_Driver/Src/stm32f1xx_ll_usb.o
 .debug_abbrev  0x0000000000002418      0x2c0 ./Middlewares/ST/STM32_USB_Device_Library/Class/CDC/Src/usbd_cdc.o
 .debug_abbrev  0x00000000000026d8      0x236 ./Middlewares/ST/STM32_USB_Device_Library/Core/Src/usbd_core.o
 .debug_abbrev  0x000000000000290e      0x257 ./Middlewares/ST/STM32_USB_Device_Library/Core/Src/usbd_ctlreq.o
 .debug_abbrev  0x0000000000002b65      0x183 ./Middlewares/ST/STM32_USB_Device_Library/Core/Src/usbd_ioreq.o
 .debug_abbrev  0x0000000000002ce8      0x183 ./USB_DEVICE/App/usb_device.o
 .debug_abbrev  0x0000000000002e6b      0x281 ./USB_DEVICE/App/usbd_cdc_if.o