../Core/Src/main.c:82:5:Command_Check	24	static
../Core/Src/main.c:136:5:main	24	static
../Core/Src/main.c:275:6:SystemClock_Config	88	static
../Core/Src/main.c:322:13:MX_I2C1_Init	8	static
../Core/Src/main.c:356:13:MX_I2C2_Init	8	static
../Core/Src/main.c:390:13:MX_TIM2_Init	32	static
../Core/Src/main.c:435:13:MX_TIM3_Init	32	static
../Core/Src/main.c:480:13:MX_TIM4_Init	32	static
../Core/Src/main.c:525:13:MX_GPIO_Init	40	static
../Core/Src/main.c:577:6:OB1203_RST	16	static
../Core/Src/main.c:583:6:OB1203_Setup	16	static
../Core/Src/main.c:593:6:ChangeTimer4Period	16	static
../Core/Src/main.c:614:6:Error_Handler	4	static,ignoring_inline_asm
