../Core/Src/main.c:82:5:Command_Check	24	static
../Core/Src/main.c:128:10:rate_case	24	static
../Core/Src/main.c:161:5:main	24	static
../Core/Src/main.c:300:6:SystemClock_Config	88	static
../Core/Src/main.c:347:13:MX_I2C1_Init	8	static
../Core/Src/main.c:381:13:MX_I2C2_Init	8	static
../Core/Src/main.c:415:13:MX_TIM2_Init	32	static
../Core/Src/main.c:460:13:MX_TIM3_Init	32	static
../Core/Src/main.c:505:13:MX_TIM4_Init	32	static
../Core/Src/main.c:550:13:MX_GPIO_Init	40	static
../Core/Src/main.c:602:6:OB1203_RST	16	static
../Core/Src/main.c:608:6:OB1203_Setup	16	static
../Core/Src/main.c:618:6:ChangeTimer4Period	16	static
../Core/Src/main.c:639:6:Error_Handler	4	static,ignoring_inline_asm
