../Core/Src/stm32f1xx_it.c:74:6:NMI_Handler	4	static
../Core/Src/stm32f1xx_it.c:89:6:HardFault_Handler	4	static
../Core/Src/stm32f1xx_it.c:104:6:MemManage_Handler	4	static
../Core/Src/stm32f1xx_it.c:119:6:BusFault_Handler	4	static
../Core/Src/stm32f1xx_it.c:134:6:UsageFault_Handler	4	static
../Core/Src/stm32f1xx_it.c:149:6:SVC_Handler	4	static
../Core/Src/stm32f1xx_it.c:162:6:DebugMon_Handler	4	static
../Core/Src/stm32f1xx_it.c:175:6:PendSV_Handler	4	static
../Core/Src/stm32f1xx_it.c:188:6:SysTick_Handler	8	static
../Core/Src/stm32f1xx_it.c:209:6:EXTI3_IRQHandler	8	static
../Core/Src/stm32f1xx_it.c:223:6:USB_LP_CAN1_RX0_IRQHandler	8	static
../Core/Src/stm32f1xx_it.c:237:6:EXTI9_5_IRQHandler	8	static
../Core/Src/stm32f1xx_it.c:251:6:TIM3_IRQHandler	8	static
../Core/Src/stm32f1xx_it.c:265:6:TIM4_IRQHandler	8	static
../Core/Src/stm32f1xx_it.c:278:6:I2C1_EV_IRQHandler	8	static
../Core/Src/stm32f1xx_it.c:292:6:I2C1_ER_IRQHandler	8	static
../Core/Src/stm32f1xx_it.c:306:6:I2C2_EV_IRQHandler	8	static
../Core/Src/stm32f1xx_it.c:320:6:I2C2_ER_IRQHandler	8	static
