../Core/Src/main.c:71:5:Preambula_Check	24	static
../Core/Src/main.c:108:5:main	32	static
../Core/Src/main.c:180:6:SystemClock_Config	88	static
../Core/Src/main.c:227:13:MX_I2C1_Init	8	static
../Core/Src/main.c:261:13:MX_I2C2_Init	8	static
../Core/Src/main.c:295:13:MX_TIM2_Init	32	static
../Core/Src/main.c:340:13:MX_GPIO_Init	40	static
../Core/Src/main.c:396:13:AFE12_RST	8	static
../Core/Src/main.c:403:13:AFE1_Setup	16	static
../Core/Src/main.c:420:13:AFE2_Setup	16	static
../Core/Src/main.c:443:6:Error_Handler	4	static,ignoring_inline_asm
