../Core/Src/main.c:71:5:Preambula_Check	24	static
../Core/Src/main.c:108:5:main	32	static
../Core/Src/main.c:178:6:SystemClock_Config	88	static
../Core/Src/main.c:225:13:MX_I2C1_Init	8	static
../Core/Src/main.c:259:13:MX_I2C2_Init	8	static
../Core/Src/main.c:293:13:MX_TIM2_Init	32	static
../Core/Src/main.c:338:13:MX_GPIO_Init	40	static
../Core/Src/main.c:394:13:AFE12_RST	8	static
../Core/Src/main.c:401:13:AFE1_Setup	16	static
../Core/Src/main.c:418:13:AFE2_Setup	16	static
../Core/Src/main.c:441:6:Error_Handler	4	static,ignoring_inline_asm
